RFM300_Driver.c:28:6:GPO3In	48	static
RFM300_Driver.c:45:6:bGoTx	16	static
RFM300_Driver.c:87:6:bGoRx	16	static
RFM300_Driver.c:126:6:bGoSleep	16	static
RFM300_Driver.c:147:6:bGoStandby	16	static
RFM300_Driver.c:173:6:vSoftReset	8	static
RFM300_Driver.c:185:6:bReadStatus	8	static
RFM300_Driver.c:197:6:bReadRssi	16	static
RFM300_Driver.c:205:6:set_node_id	16	static
RFM300_Driver.c:213:6:get_node_id	16	static
RFM300_Driver.c:222:6:get_node_setting	8	static
RFM300_Driver.c:236:6:vGpioFuncCfg	16	static
RFM300_Driver.c:247:6:vIntSrcCfg	32	static
RFM300_Driver.c:263:6:vEnableDIN	24	static
RFM300_Driver.c:276:6:vDisableDIN	16	static
RFM300_Driver.c:288:6:vEnableAntSwitch	32	static
RFM300_Driver.c:313:6:vIntSrcEnable	16	static
RFM300_Driver.c:319:6:vSetClockDiv	32	static
RFM300_Driver.c:335:6:bIntSrcFlagClr	16	static
RFM300_Driver.c:409:6:vClearFIFO	24	static
RFM300_Driver.c:418:6:vEnableWrFifo	24	static
RFM300_Driver.c:426:6:vEnableRdFifo	24	static
RFM300_Driver.c:462:6:vInit	24	static
RFM300_Driver.c:486:6:vCfgBank	32	static
RFM300_Driver.c:496:6:bGetMessage	32	static
RFM300_Driver.c:511:6:bGetMessageByFlag	32	static
RFM300_Driver.c:554:6:bSendMessage	16	static
RFM300_Driver.c:574:6:vSetTxPayloadLength	32	static
