main.c:114:5:main	16	static
main.c:178:6:SystemClock_Config	240	static
main.c:262:13:MX_ADC1_Init	48	static
main.c:327:13:MX_ADC2_Init	32	static
main.c:384:13:MX_ADC3_Init	32	static
main.c:441:13:MX_DCMI_Init	8	static
main.c:478:13:MX_DFSDM1_Init	8	static
main.c:533:13:MX_I2C1_Init	8	static
main.c:579:13:MX_I2C2_Init	8	static
main.c:625:13:MX_LPUART1_UART_Init	8	static
main.c:659:13:MX_USART1_UART_Init	8	static
main.c:694:13:MX_USART2_UART_Init	8	static
main.c:729:13:MX_QUADSPI_Init	8	static
main.c:764:13:MX_SAI1_Init	8	static
main.c:839:13:MX_SDMMC1_SD_Init	8	static
main.c:875:13:MX_SPI1_Init	8	static
main.c:915:13:MX_SPI2_Init	8	static
main.c:951:13:MX_FMC_Init	40	static
main.c:1044:13:MX_GPIO_Init	64	static
main.c:1184:6:Error_Handler	4	static
