stm32l4xx_hal_msp.c:64:6:HAL_MspInit	16	static
stm32l4xx_hal_msp.c:88:6:HAL_ADC_MspInit	64	static
stm32l4xx_hal_msp.c:182:6:HAL_ADC_MspDeInit	16	static
stm32l4xx_hal_msp.c:259:6:HAL_DCMI_MspInit	56	static
stm32l4xx_hal_msp.c:321:6:HAL_DCMI_MspDeInit	16	static
stm32l4xx_hal_msp.c:365:6:HAL_DFSDM_ChannelMspInit	48	static
stm32l4xx_hal_msp.c:410:6:HAL_DFSDM_ChannelMspDeInit	16	static
stm32l4xx_hal_msp.c:443:6:HAL_I2C_MspInit	56	static
stm32l4xx_hal_msp.c:511:6:HAL_I2C_MspDeInit	16	static
stm32l4xx_hal_msp.c:560:6:HAL_UART_MspInit	72	static
stm32l4xx_hal_msp.c:664:6:HAL_UART_MspDeInit	16	static
stm32l4xx_hal_msp.c:735:6:HAL_QSPI_MspInit	48	static
stm32l4xx_hal_msp.c:783:6:HAL_QSPI_MspDeInit	16	static
stm32l4xx_hal_msp.c:818:6:HAL_SD_MspInit	48	static
stm32l4xx_hal_msp.c:867:6:HAL_SD_MspDeInit	16	static
stm32l4xx_hal_msp.c:903:6:HAL_SPI_MspInit	64	static
stm32l4xx_hal_msp.c:982:6:HAL_SPI_MspDeInit	16	static
stm32l4xx_hal_msp.c:1032:13:HAL_FMC_MspInit	32	static
stm32l4xx_hal_msp.c:1129:6:HAL_SRAM_MspInit	16	static
stm32l4xx_hal_msp.c:1141:13:HAL_FMC_MspDeInit	8	static
stm32l4xx_hal_msp.c:1216:6:HAL_SRAM_MspDeInit	16	static
stm32l4xx_hal_msp.c:1228:6:HAL_SAI_MspInit	48	static
stm32l4xx_hal_msp.c:1285:6:HAL_SAI_MspDeInit	16	static
