HopeDuino_SPI3.h:51:6:delayMicroseconds	16	static
HopeDuino_SPI3.h:61:6:InputSDIO	32	static
HopeDuino_SPI3.h:70:6:OutputSDIO	56	static
HopeDuino_SPI3.h:86:6:OutputSDCK	56	static
HopeDuino_SPI3.h:103:6:OutputFCSB	56	static
HopeDuino_SPI3.h:121:6:OutputCSB	56	static
HopeDuino_SPI3.h:137:6:vSpi3Init	8	static
HopeDuino_SPI3.h:156:6:vSpi3WriteByte	24	static
HopeDuino_SPI3.h:191:6:bSpi3ReadByte	16	static
HopeDuino_SPI3.h:232:6:vSpi3Write	16	static
HopeDuino_SPI3.h:245:6:bSpi3Read	16	static
HopeDuino_SPI3.h:257:6:vSpi3WriteFIFO	24	static
HopeDuino_SPI3.h:293:6:bSpi3ReadFIFO	16	static
HopeDuino_SPI3.h:341:6:vSpi3BurstWriteFIFO	32	static
HopeDuino_SPI3.h:360:6:vSpi3BurstReadFIFO	32	static
RFM300_Driver.h:384:8:bGoTx	16	static
RFM300_Driver.h:419:8:bGoRx	16	static
RFM300_Driver.h:454:8:bGoSleep	16	static
RFM300_Driver.h:473:8:bGoStandby	16	static
RFM300_Driver.h:498:8:vSoftReset	8	static
RFM300_Driver.h:510:8:bReadStatus	8	static
RFM300_Driver.h:522:8:bReadRssi	16	static
RFM300_Driver.h:530:8:set_node_id	16	static
RFM300_Driver.h:538:8:get_node_id	16	static
RFM300_Driver.h:547:8:get_node_setting	8	static
RFM300_Driver.h:561:8:vGpioFuncCfg	16	static
RFM300_Driver.h:572:8:vIntSrcCfg	32	static
RFM300_Driver.h:588:8:vEnableDIN	24	static
RFM300_Driver.h:601:8:vDisableDIN	16	static
RFM300_Driver.h:613:8:vEnableAntSwitch	32	static
RFM300_Driver.h:638:8:vIntSrcEnable	16	static
RFM300_Driver.h:644:8:vSetClockDiv	32	static
RFM300_Driver.h:660:8:bIntSrcFlagClr	16	static
RFM300_Driver.h:734:8:vClearFIFO	24	static
RFM300_Driver.h:743:8:vEnableWrFifo	24	static
RFM300_Driver.h:753:8:vEnableRdFifo	24	static
RFM300_Driver.h:791:8:vInit	24	static
RFM300_Driver.h:811:8:vCfgBank	32	static
RFM300_Driver.h:821:8:bGetMessage	32	static
RFM300_Driver.h:836:8:bGetMessageByFlag	32	static
RFM300_Driver.h:879:8:bSendMessage	16	static
RFM300_Driver.h:906:8:vSetTxPayloadLength	32	static
main.c:70:5:main	80	static
main.c:154:6:SystemClock_Config	112	static
main.c:201:13:MX_LPUART1_UART_Init	8	static
main.c:235:13:MX_TIM2_Init	32	static
main.c:280:13:MX_GPIO_Init	56	static
main.c:329:6:Error_Handler	8	static,ignoring_inline_asm
