spi.h:34:6:spi3Class_vSpi3Init	8	static
spi.h:49:6:vSpi3WriteByte	24	static
spi.h:85:9:bSpi3ReadByte	16	static
spi.h:119:6:spi3Class_vSpi3Write	16	static
spi.h:132:9:spi3Class_bSpi3Read	16	static
spi.h:144:6:spi3Class_vSpi3WriteFIFO	24	static
spi.h:180:9:spi3Class_bSpi3ReadFIFO	16	static
spi.h:221:6:spi3Class_vSpi3BurstWriteFIFO	32	static
spi.h:238:6:spi3Class_vSpi3BurstReadFIFO	32	static
CMT2300drive.h:314:15:cmt2300aEasy_bGoStandby	16	static
CMT2300drive.h:332:15:cmt2300aEasy_bGoTx	16	static
CMT2300drive.h:363:15:cmt2300aEasy_vReadIngFlag1	8	static
CMT2300drive.h:369:15:cmt2300aEasy_vReadIngFlag2	8	static
CMT2300drive.h:376:15:cmt2300aEasy_bGoRx	16	static
CMT2300drive.h:405:15:cmt2300aEasy_bGoSleep	16	static
CMT2300drive.h:426:6:cmt2300aEasy_vSoftReset	8	static
CMT2300drive.h:438:15:cmt2300aEasy_bReadStatus	8	static
CMT2300drive.h:450:15:cmt2300aEasy_bReadRssi	16	static
CMT2300drive.h:467:6:cmt2300aEasy_vGpioFuncCfg	16	static
CMT2300drive.h:478:6:cmt2300aEasy_vIntSrcCfg	32	static
CMT2300drive.h:494:6:cmt2300aEasy_vEnableAntSwitch	32	static
CMT2300drive.h:519:6:cmt2300aEasy_vEnablePLLcheck	24	static
CMT2300drive.h:533:6:cmt2300aEasy_vIntSrcEnable	16	static
CMT2300drive.h:545:15:cmt2300aEasy_bIntSrcFlagClr	24	static
CMT2300drive.h:617:15:cmt2300aEasy_vClearFIFO	24	static
CMT2300drive.h:625:6:cmt2300aEasy_vEnableWrFifo	24	static
CMT2300drive.h:633:6:cmt2300aEasy_vEnableRdFifo	24	static
CMT2300drive.h:650:6:cmt2300aEasy_vInit	24	static
CMT2300drive.h:677:6:cmt2300aEasy_vCfgBank	32	static
CMT2300drive.h:696:15:cmt2300aEasy_bGetMessage	32	static
CMT2300drive.h:714:15:cmt2300aEasy_bGetMessageByFlag	32	static
CMT2300drive.h:775:15:cmt2300aEasy_bSendMessage	16	static
CMT2300drive.h:793:6:cmt2300aEasy_vSetTxPayloadLength	32	static
main.c:85:5:main	8	static
main.c:158:6:SystemClock_Config	88	static
main.c:201:13:MX_IWDG_Init	8	static
main.c:230:13:MX_GPIO_Init	32	static
main.c:253:6:CMT2119B_TxInit	8	static
main.c:272:6:CMT2219B_RxInit	8	static
main.c:292:6:setup_Tx	8	static
main.c:312:6:setup_Rx	8	static
main.c:328:6:loop_Tx	8	static
main.c:339:6:loop_Rx	8	static
main.c:364:6:Error_Handler	8	static,ignoring_inline_asm
