spi.h:31:6:spi3Class_vSpi3Init	8	static
spi.h:46:6:vSpi3WriteByte	24	static
spi.h:82:9:bSpi3ReadByte	16	static
spi.h:116:6:spi3Class_vSpi3Write	16	static
spi.h:129:9:spi3Class_bSpi3Read	16	static
spi.h:141:6:spi3Class_vSpi3WriteFIFO	24	static
spi.h:177:9:spi3Class_bSpi3ReadFIFO	16	static
spi.h:218:6:spi3Class_vSpi3BurstWriteFIFO	32	static
spi.h:235:6:spi3Class_vSpi3BurstReadFIFO	32	static
CMT2300drive.h:309:15:cmt2300aEasy_bGoStandby	16	static
CMT2300drive.h:327:15:cmt2300aEasy_bGoTx	16	static
CMT2300drive.h:358:15:cmt2300aEasy_vReadIngFlag1	8	static
CMT2300drive.h:364:15:cmt2300aEasy_vReadIngFlag2	8	static
CMT2300drive.h:371:15:cmt2300aEasy_bGoRx	16	static
CMT2300drive.h:400:15:cmt2300aEasy_bGoSleep	16	static
CMT2300drive.h:421:6:cmt2300aEasy_vSoftReset	8	static
CMT2300drive.h:433:15:cmt2300aEasy_bReadStatus	8	static
CMT2300drive.h:445:15:cmt2300aEasy_bReadRssi	16	static
CMT2300drive.h:462:6:cmt2300aEasy_vGpioFuncCfg	16	static
CMT2300drive.h:473:6:cmt2300aEasy_vIntSrcCfg	32	static
CMT2300drive.h:489:6:cmt2300aEasy_vEnableAntSwitch	32	static
CMT2300drive.h:514:6:cmt2300aEasy_vEnablePLLcheck	24	static
CMT2300drive.h:528:6:cmt2300aEasy_vIntSrcEnable	16	static
CMT2300drive.h:540:15:cmt2300aEasy_bIntSrcFlagClr	24	static
CMT2300drive.h:612:15:cmt2300aEasy_vClearFIFO	24	static
CMT2300drive.h:620:6:cmt2300aEasy_vEnableWrFifo	24	static
CMT2300drive.h:628:6:cmt2300aEasy_vEnableRdFifo	24	static
CMT2300drive.h:645:6:cmt2300aEasy_vInit	24	static
CMT2300drive.h:672:6:cmt2300aEasy_vCfgBank	32	static
CMT2300drive.h:691:15:cmt2300aEasy_bGetMessage	32	static
CMT2300drive.h:709:15:cmt2300aEasy_bGetMessageByFlag	32	static
CMT2300drive.h:770:15:cmt2300aEasy_bSendMessage	16	static
CMT2300drive.h:788:6:cmt2300aEasy_vSetTxPayloadLength	32	static
main.c:85:5:main	8	static
main.c:158:6:SystemClock_Config	88	static
main.c:201:13:MX_IWDG_Init	8	static
main.c:230:13:MX_GPIO_Init	32	static
main.c:253:6:CMT2119B_TxInit	8	static
main.c:272:6:CMT2219B_RxInit	8	static
main.c:292:6:setup_Tx	8	static
main.c:312:6:setup_Rx	8	static
main.c:328:6:loop_Tx	8	static
main.c:339:6:loop_Rx	8	static
main.c:364:6:Error_Handler	8	static,ignoring_inline_asm
