stm32l0xx_hal.c:144:19:HAL_Init	16	static
stm32l0xx_hal.c:182:19:HAL_DeInit	8	static
stm32l0xx_hal.c:208:13:HAL_MspInit	8	static
stm32l0xx_hal.c:219:13:HAL_MspDeInit	8	static
stm32l0xx_hal.c:242:26:HAL_InitTick	24	static
stm32l0xx_hal.c:298:13:HAL_IncTick	8	static
stm32l0xx_hal.c:309:17:HAL_GetTick	8	static
stm32l0xx_hal.c:318:10:HAL_GetTickPrio	8	static
stm32l0xx_hal.c:327:19:HAL_SetTickFreq	40	static
stm32l0xx_hal.c:359:21:HAL_GetTickFreq	8	static
stm32l0xx_hal.c:375:13:HAL_Delay	24	static
stm32l0xx_hal.c:392:6:EnableTiming	8	static
stm32l0xx_hal.c:404:6:HAL_Delay_us	24	static
stm32l0xx_hal.c:432:13:HAL_SuspendTick	8	static
stm32l0xx_hal.c:448:13:HAL_ResumeTick	8	static
stm32l0xx_hal.c:458:10:HAL_GetHalVersion	8	static
stm32l0xx_hal.c:467:10:HAL_GetREVID	8	static
stm32l0xx_hal.c:476:10:HAL_GetDEVID	8	static
stm32l0xx_hal.c:485:10:HAL_GetUIDw0	8	static
stm32l0xx_hal.c:494:10:HAL_GetUIDw1	8	static
stm32l0xx_hal.c:503:10:HAL_GetUIDw2	8	static
stm32l0xx_hal.c:532:6:HAL_DBGMCU_EnableDBGSleepMode	8	static
stm32l0xx_hal.c:541:6:HAL_DBGMCU_DisableDBGSleepMode	8	static
stm32l0xx_hal.c:550:6:HAL_DBGMCU_EnableDBGStopMode	8	static
stm32l0xx_hal.c:559:6:HAL_DBGMCU_DisableDBGStopMode	8	static
stm32l0xx_hal.c:568:6:HAL_DBGMCU_EnableDBGStandbyMode	8	static
stm32l0xx_hal.c:577:6:HAL_DBGMCU_DisableDBGStandbyMode	8	static
stm32l0xx_hal.c:591:6:HAL_DBGMCU_DBG_EnableLowPowerConfig	16	static
stm32l0xx_hal.c:608:6:HAL_DBGMCU_DBG_DisableLowPowerConfig	16	static
stm32l0xx_hal.c:645:11:HAL_SYSCFG_GetBootMode	8	static
stm32l0xx_hal.c:662:6:HAL_SYSCFG_VREFINT_OutputSelect	16	static
stm32l0xx_hal.c:676:6:HAL_SYSCFG_Enable_Lock_VREFINT	8	static
stm32l0xx_hal.c:686:6:HAL_SYSCFG_Disable_Lock_VREFINT	8	static
