HopeDuino_SPI3.h:137:6:InputSDIO	32	static
HopeDuino_SPI3.h:146:6:OutputSDIO	56	static
HopeDuino_SPI3.h:162:6:OutputSDCK	56	static
HopeDuino_SPI3.h:179:6:OutputFCSB	56	static
HopeDuino_SPI3.h:197:6:OutputCSB	56	static
HopeDuino_SPI3.h:223:6:vSpi3Init	8	static
HopeDuino_SPI3.h:242:6:vSpi3WriteByte	24	static
HopeDuino_SPI3.h:284:6:bSpi3ReadByte	16	static
HopeDuino_SPI3.h:326:6:vSpi3Write	16	static
HopeDuino_SPI3.h:344:6:bSpi3Read	16	static
HopeDuino_SPI3.h:356:6:vSpi3WriteFIFO	24	static
HopeDuino_SPI3.h:392:6:bSpi3ReadFIFO	16	static
HopeDuino_SPI3.h:440:6:vSpi3BurstWriteFIFO	32	static
HopeDuino_SPI3.h:465:6:vSpi3BurstReadFIFO	32	static
RFM300_Driver.h:427:6:bGoTx	16	static
RFM300_Driver.h:462:6:bGoRx	16	static
RFM300_Driver.h:497:6:bGoSleep	16	static
RFM300_Driver.h:516:6:bGoStandby	16	static
RFM300_Driver.h:541:6:vSoftReset	8	static
RFM300_Driver.h:556:6:bReadStatus	8	static
RFM300_Driver.h:568:6:bReadRssi	16	static
RFM300_Driver.h:576:6:set_node_id	16	static
RFM300_Driver.h:584:6:get_node_id	16	static
RFM300_Driver.h:593:6:get_node_setting	8	static
RFM300_Driver.h:607:6:vGpioFuncCfg	16	static
RFM300_Driver.h:618:6:vIntSrcCfg	32	static
RFM300_Driver.h:634:6:vEnableDIN	24	static
RFM300_Driver.h:647:6:vDisableDIN	16	static
RFM300_Driver.h:659:6:vEnableAntSwitch	32	static
RFM300_Driver.h:684:6:vIntSrcEnable	16	static
RFM300_Driver.h:690:6:vSetClockDiv	32	static
RFM300_Driver.h:706:6:bIntSrcFlagClr	16	static
RFM300_Driver.h:780:6:vClearFIFO	24	static
RFM300_Driver.h:789:6:vEnableWrFifo	24	static
RFM300_Driver.h:807:6:vEnableRdFifo	24	static
RFM300_Driver.h:845:6:vInit	24	static
RFM300_Driver.h:874:6:vCfgBank	32	static
RFM300_Driver.h:884:6:bGetMessage	32	static
RFM300_Driver.h:899:6:bGetMessageByFlag	32	static
RFM300_Driver.h:942:6:bSendMessage	16	static
RFM300_Driver.h:964:6:vSetTxPayloadLength	32	static
main.c:67:5:main	88	static
main.c:170:6:SystemClock_Config	112	static
main.c:217:13:MX_LPUART1_UART_Init	8	static
main.c:251:13:MX_GPIO_Init	56	static
main.c:300:6:Error_Handler	8	static,ignoring_inline_asm
