HopeDuino_SPI3.h:99:6:InputSDIO	32	static
HopeDuino_SPI3.h:108:6:OutputSDIO	56	static
HopeDuino_SPI3.h:124:6:OutputSDCK	56	static
HopeDuino_SPI3.h:141:6:OutputFCSB	56	static
HopeDuino_SPI3.h:159:6:OutputCSB	56	static
HopeDuino_SPI3.h:185:6:vSpi3Init	8	static
HopeDuino_SPI3.h:204:6:vSpi3WriteByte	24	static
HopeDuino_SPI3.h:239:6:bSpi3ReadByte	16	static
HopeDuino_SPI3.h:281:6:vSpi3Write	16	static
HopeDuino_SPI3.h:294:6:bSpi3Read	16	static
HopeDuino_SPI3.h:306:6:vSpi3WriteFIFO	24	static
HopeDuino_SPI3.h:342:6:bSpi3ReadFIFO	16	static
HopeDuino_SPI3.h:390:6:vSpi3BurstWriteFIFO	32	static
HopeDuino_SPI3.h:415:6:vSpi3BurstReadFIFO	32	static
RFM300_Driver.h:427:6:bGoTx	16	static
RFM300_Driver.h:462:6:bGoRx	16	static
RFM300_Driver.h:497:6:bGoSleep	16	static
RFM300_Driver.h:516:6:bGoStandby	16	static
RFM300_Driver.h:541:6:vSoftReset	8	static
RFM300_Driver.h:554:6:bReadStatus	8	static
RFM300_Driver.h:566:6:bReadRssi	16	static
RFM300_Driver.h:574:6:set_node_id	16	static
RFM300_Driver.h:582:6:get_node_id	16	static
RFM300_Driver.h:591:6:get_node_setting	8	static
RFM300_Driver.h:605:6:vGpioFuncCfg	16	static
RFM300_Driver.h:616:6:vIntSrcCfg	32	static
RFM300_Driver.h:632:6:vEnableDIN	24	static
RFM300_Driver.h:645:6:vDisableDIN	16	static
RFM300_Driver.h:657:6:vEnableAntSwitch	32	static
RFM300_Driver.h:682:6:vIntSrcEnable	16	static
RFM300_Driver.h:688:6:vSetClockDiv	32	static
RFM300_Driver.h:704:6:bIntSrcFlagClr	16	static
RFM300_Driver.h:778:6:vClearFIFO	24	static
RFM300_Driver.h:787:6:vEnableWrFifo	24	static
RFM300_Driver.h:800:6:vEnableRdFifo	24	static
RFM300_Driver.h:838:6:vInit	24	static
RFM300_Driver.h:867:6:vCfgBank	32	static
RFM300_Driver.h:877:6:bGetMessage	32	static
RFM300_Driver.h:892:6:bGetMessageByFlag	32	static
RFM300_Driver.h:935:6:bSendMessage	16	static
RFM300_Driver.h:957:6:vSetTxPayloadLength	32	static
main.c:71:5:main	88	static
main.c:159:6:SystemClock_Config	112	static
main.c:206:13:MX_LPUART1_UART_Init	8	static
main.c:240:13:MX_GPIO_Init	56	static
main.c:289:6:Error_Handler	8	static,ignoring_inline_asm
