14:29:50 **** Incremental Build of configuration Debug for project led-yakma-9 ****
make -j4 all 
arm-none-eabi-gcc "../Core/Src/main.c" -mcpu=cortex-m4 -std=gnu11 -g3 -DUSE_HAL_DRIVER -DDEBUG -DSTM32L496xx -c -I../USB_DEVICE/Target -I../Drivers/CMSIS/Include -I../Middlewares/ST/STM32_USB_Device_Library/Class/CDC/Inc -I../Core/Inc -I../USB_DEVICE/App -I../Drivers/CMSIS/Device/ST/STM32L4xx/Include -I../Drivers/STM32L4xx_HAL_Driver/Inc -I../Middlewares/ST/STM32_USB_Device_Library/Core/Inc -I../Drivers/STM32L4xx_HAL_Driver/Inc/Legacy -O0 -ffunction-sections -fdata-sections -Wall -fstack-usage -MMD -MP -MF"Core/Src/main.d" -MT"Core/Src/main.o" --specs=nano.specs -mfpu=fpv4-sp-d16 -mfloat-abi=hard -mthumb -o "Core/Src/main.o"
../Core/Src/main.c:105:17: warning: pointer targets in initialization differ in signedness [-Wpointer-sign]
 uint8_t *data = "AT+QIOPEN=1,0,\"TCP\",\"89.19.23.98\",9999,0,2";
                 ^~~~~~~~~~~~~~~~~~~~~~~~~~~~~~~~~~~~~~~~~~~~~~~~
../Core/Src/main.c:106:18: warning: pointer targets in initialization differ in signedness [-Wpointer-sign]
 uint8_t *data2 = "(char)26";
                  ^~~~~~~~~~
../Core/Src/main.c: In function 'main':
../Core/Src/main.c:167:35: warning: pointer targets in passing argument 1 of 'strlen' differ in signedness [-Wpointer-sign]
    CDC_Transmit_FS (data, strlen (data));
                                   ^~~~
In file included from ../USB_DEVICE/Target/usbd_conf.h:33:0,
                 from ../Middlewares/ST/STM32_USB_Device_Library/Core/Inc/usbd_def.h:29,
                 from ../USB_DEVICE/App/usb_device.h:33,
                 from ../Core/Src/main.c:23:
c:\users\enelsis\programlar\stm32cubeide_1.3.0\stm32cubeide\plugins\com.st.stm32cube.ide.mcu.externaltools.gnu-tools-for-stm32.7-2018-q2-update.win32_1.0.0.201904181610\tools\arm-none-eabi\include\string.h:41:9: note: expected 'const char *' but argument is of type 'uint8_t * {aka unsigned char *}'
 size_t  strlen (const char *);
         ^~~~~~
../Core/Src/main.c:168:35: warning: pointer targets in passing argument 1 of 'strlen' differ in signedness [-Wpointer-sign]
    CDC_Transmit_FS (data, strlen (data2));
                                   ^~~~~
In file included from ../USB_DEVICE/Target/usbd_conf.h:33:0,
                 from ../Middlewares/ST/STM32_USB_Device_Library/Core/Inc/usbd_def.h:29,
                 from ../USB_DEVICE/App/usb_device.h:33,
                 from ../Core/Src/main.c:23:
c:\users\enelsis\programlar\stm32cubeide_1.3.0\stm32cubeide\plugins\com.st.stm32cube.ide.mcu.externaltools.gnu-tools-for-stm32.7-2018-q2-update.win32_1.0.0.201904181610\tools\arm-none-eabi\include\string.h:41:9: note: expected 'const char *' but argument is of type 'uint8_t * {aka unsigned char *}'
 size_t  strlen (const char *);
         ^~~~~~
arm-none-eabi-gcc -o "led-yakma-9.elf" @"objects.list"   -mcpu=cortex-m4 -T"C:\Users\Enelsis\Desktop\enelsis\deneme\led-yakma-9\STM32L496AGIX_FLASH.ld" --specs=nosys.specs -Wl,-Map="led-yakma-9.map" -Wl,--gc-sections -static --specs=nano.specs -mfpu=fpv4-sp-d16 -mfloat-abi=hard -mthumb -Wl,--start-group -lc -lm -Wl,--end-group
Finished building target: led-yakma-9.elf
 
arm-none-eabi-objdump -h -S  led-yakma-9.elf  > "led-yakma-9.list"
arm-none-eabi-objcopy  -O binary  led-yakma-9.elf  "led-yakma-9.bin"
arm-none-eabi-size   led-yakma-9.elf 
   text	   data	    bss	    dec	    hex	filename
  53292	    412	  10396	  64100	   fa64	led-yakma-9.elf
Finished building: default.size.stdout
Finished building: led-yakma-9.bin
 
 
Finished building: led-yakma-9.list
 

14:29:54 Build Finished. 0 errors, 4 warnings. (took 4s.637ms)

