14:40:44 **** Incremental Build of configuration Debug for project 303re-sht20 ****
make -j4 all 
arm-none-eabi-gcc "../Core/Src/main.c" -mcpu=cortex-m4 -std=gnu11 -g3 -DDEBUG -DUSE_HAL_DRIVER -DSTM32F303xE -c -I../Core/Inc -I../Drivers/STM32F3xx_HAL_Driver/Inc -I../Drivers/STM32F3xx_HAL_Driver/Inc/Legacy -I../Drivers/CMSIS/Device/ST/STM32F3xx/Include -I../Drivers/CMSIS/Include -O0 -ffunction-sections -fdata-sections -Wall -fstack-usage -MMD -MP -MF"Core/Src/main.d" -MT"Core/Src/main.o" --specs=nano.specs -mfpu=fpv4-sp-d16 -mfloat-abi=hard -mthumb -o "Core/Src/main.o"
../Core/Src/main.c: In function 'main':
../Core/Src/main.c:117:14: warning: pointer targets in passing argument 1 of 'sprintf' differ in signedness [-Wpointer-sign]
  117 |      sprintf(buffer,
      |              ^~~~~~
      |              |
      |              unsigned char *
In file included from ../Core/Src/main.c:26:
c:\users\enelsis\desktop\enelsis\programlar\stm32cubeide_1.6.0\stm32cubeide\plugins\com.st.stm32cube.ide.mcu.externaltools.gnu-tools-for-stm32.9-2020-q2-update.win32_1.5.0.202011040924\tools\bin\../lib/gcc/arm-none-eabi/9.3.1/../../../../arm-none-eabi/include/stdio.h:244:14: note: expected 'char * restrict' but argument is of type 'unsigned char *'
  244 | int sprintf (char *__restrict, const char *__restrict, ...)
      |              ^
../Core/Src/main.c:118:10: warning: format '%d' expects argument of type 'int', but argument 3 has type 'int32_t' {aka 'long int'} [-Wformat=]
  118 |        "%d.%dºC, %d.%dºF, %d.%d K, %d.%d%% RH\n",
      |         ~^
      |          |
      |          int
      |         %ld
  119 |        SHT2x_GetInteger(cel), SHT2x_GetDecimal(cel, 1),
      |        ~~~~~~~~~~~~~~~~~~~~~
      |        |
      |        int32_t {aka long int}
../Core/Src/main.c:118:13: warning: format '%d' expects argument of type 'int', but argument 4 has type 'uint32_t' {aka 'long unsigned int'} [-Wformat=]
  118 |        "%d.%dºC, %d.%dºF, %d.%d K, %d.%d%% RH\n",
      |            ~^
      |             |
      |             int
      |            %ld
  119 |        SHT2x_GetInteger(cel), SHT2x_GetDecimal(cel, 1),
      |                               ~~~~~~~~~~~~~~~~~~~~~~~~
      |                               |
      |                               uint32_t {aka long unsigned int}
../Core/Src/main.c:118:20: warning: format '%d' expects argument of type 'int', but argument 5 has type 'int32_t' {aka 'long int'} [-Wformat=]
  118 |        "%d.%dºC, %d.%dºF, %d.%d K, %d.%d%% RH\n",
      |                   ~^
      |                    |
      |                    int
      |                   %ld
  119 |        SHT2x_GetInteger(cel), SHT2x_GetDecimal(cel, 1),
  120 |        SHT2x_GetInteger(fah), SHT2x_GetDecimal(fah, 1),
      |        ~~~~~~~~~~~~~~~~~~~~~
      |        |
      |        int32_t {aka long int}
../Core/Src/main.c:118:23: warning: format '%d' expects argument of type 'int', but argument 6 has type 'uint32_t' {aka 'long unsigned int'} [-Wformat=]
  118 |        "%d.%dºC, %d.%dºF, %d.%d K, %d.%d%% RH\n",
      |                      ~^
      |                       |
      |                       int
      |                      %ld
  119 |        SHT2x_GetInteger(cel), SHT2x_GetDecimal(cel, 1),
  120 |        SHT2x_GetInteger(fah), SHT2x_GetDecimal(fah, 1),
      |                               ~~~~~~~~~~~~~~~~~~~~~~~~
      |                               |
      |                               uint32_t {aka long unsigned int}
../Core/Src/main.c:118:30: warning: format '%d' expects argument of type 'int', but argument 7 has type 'int32_t' {aka 'long int'} [-Wformat=]
  118 |        "%d.%dºC, %d.%dºF, %d.%d K, %d.%d%% RH\n",
      |                             ~^
      |                              |
      |                              int
      |                             %ld
......
  121 |        SHT2x_GetInteger(kel), SHT2x_GetDecimal(kel, 1),
      |        ~~~~~~~~~~~~~~~~~~~~~  
      |        |
      |        int32_t {aka long int}
../Core/Src/main.c:118:33: warning: format '%d' expects argument of type 'int', but argument 8 has type 'uint32_t' {aka 'long unsigned int'} [-Wformat=]
  118 |        "%d.%dºC, %d.%dºF, %d.%d K, %d.%d%% RH\n",
      |                                ~^
      |                                 |
      |                                 int
      |                                %ld
......
  121 |        SHT2x_GetInteger(kel), SHT2x_GetDecimal(kel, 1),
      |                               ~~~~~~~~~~~~~~~~~~~~~~~~
      |                               |
      |                               uint32_t {aka long unsigned int}
../Core/Src/main.c:118:39: warning: format '%d' expects argument of type 'int', but argument 9 has type 'int32_t' {aka 'long int'} [-Wformat=]
  118 |        "%d.%dºC, %d.%dºF, %d.%d K, %d.%d%% RH\n",
      |                                      ~^
      |                                       |
      |                                       int
      |                                      %ld
......
  122 |        SHT2x_GetInteger(rh), SHT2x_GetDecimal(rh, 1));
      |        ~~~~~~~~~~~~~~~~~~~~            
      |        |
      |        int32_t {aka long int}
../Core/Src/main.c:118:42: warning: format '%d' expects argument of type 'int', but argument 10 has type 'uint32_t' {aka 'long unsigned int'} [-Wformat=]
  118 |        "%d.%dºC, %d.%dºF, %d.%d K, %d.%d%% RH\n",
      |                                         ~^
      |                                          |
      |                                          int
      |                                         %ld
......
  122 |        SHT2x_GetInteger(rh), SHT2x_GetDecimal(rh, 1));
      |                              ~~~~~~~~~~~~~~~~~~~~~~~
      |                              |
      |                              uint32_t {aka long unsigned int}
../Core/Src/main.c:123:48: warning: pointer targets in passing argument 1 of 'strlen' differ in signedness [-Wpointer-sign]
  123 |      HAL_UART_Transmit(&huart1, buffer, strlen(buffer), 1000);
      |                                                ^~~~~~
      |                                                |
      |                                                unsigned char *
In file included from ../Core/Src/main.c:27:
c:\users\enelsis\desktop\enelsis\programlar\stm32cubeide_1.6.0\stm32cubeide\plugins\com.st.stm32cube.ide.mcu.externaltools.gnu-tools-for-stm32.9-2020-q2-update.win32_1.5.0.202011040924\tools\bin\../lib/gcc/arm-none-eabi/9.3.1/../../../../arm-none-eabi/include/string.h:41:17: note: expected 'const char *' but argument is of type 'unsigned char *'
   41 | size_t  strlen (const char *);
      |                 ^~~~~~~~~~~~
arm-none-eabi-gcc -o "303re-sht20.elf" @"objects.list"   -mcpu=cortex-m4 -T"C:\Users\Enelsis\Desktop\enelsis\kendi github\kendi-kodlarim\Embedded systems\STM32CubeIDE\303re-sht20\STM32F303RETX_FLASH.ld" --specs=nosys.specs -Wl,-Map="303re-sht20.map" -Wl,--gc-sections -static --specs=nano.specs -mfpu=fpv4-sp-d16 -mfloat-abi=hard -mthumb -Wl,--start-group -lc -lm -Wl,--end-group
Finished building target: 303re-sht20.elf
 
arm-none-eabi-objdump -h -S  303re-sht20.elf  > "303re-sht20.list"
arm-none-eabi-objcopy  -O binary  303re-sht20.elf  "303re-sht20.bin"
arm-none-eabi-size   303re-sht20.elf 
   text	   data	    bss	    dec	    hex	filename
  19540	    120	   1808	  21468	   53dc	303re-sht20.elf
Finished building: default.size.stdout
 
Finished building: 303re-sht20.bin
 
Finished building: 303re-sht20.list
 

14:40:46 Build Finished. 0 errors, 10 warnings. (took 1s.597ms)

