11:28:19 **** Incremental Build of configuration Debug for project deneme3 ****
make -j4 all 
arm-none-eabi-gcc "../Core/Src/main.c" -mcpu=cortex-m0plus -std=gnu11 -g3 -DDEBUG -DUSE_HAL_DRIVER -DSTM32L010x6 -c -I../Core/Inc -I../Drivers/STM32L0xx_HAL_Driver/Inc -I../Drivers/STM32L0xx_HAL_Driver/Inc/Legacy -I../Drivers/CMSIS/Device/ST/STM32L0xx/Include -I../Drivers/CMSIS/Include -O0 -ffunction-sections -fdata-sections -Wall -fstack-usage -MMD -MP -MF"Core/Src/main.d" -MT"Core/Src/main.o" --specs=nano.specs -mfloat-abi=soft -mthumb -o "Core/Src/main.o"
../Core/Src/main.c: In function 'main':
../Core/Src/main.c:238:31: warning: format '%d' expects argument of type 'int', but argument 3 has type 'long int' [-Wformat=]
  238 |             sprintf(buffer, "%d", temperature/ 1000);
      |                              ~^   ~~~~~~~~~~~~~~~~~
      |                               |              |
      |                               int            long int
      |                              %ld
../Core/Src/main.c:239:45: warning: pointer targets in passing argument 2 of 'HAL_UART_Transmit' differ in signedness [-Wpointer-sign]
  239 |                HAL_UART_Transmit(&hlpuart1, "t: ", 3, 1000);
      |                                             ^~~~~
      |                                             |
      |                                             char *
In file included from ../Core/Inc/stm32l0xx_hal_conf.h:280,
                 from ../Drivers/STM32L0xx_HAL_Driver/Inc/stm32l0xx_hal.h:30,
                 from ../Core/Inc/main.h:31,
                 from ../Core/Src/main.c:21:
../Drivers/STM32L0xx_HAL_Driver/Inc/stm32l0xx_hal_uart.h:1488:73: note: expected 'uint8_t *' {aka 'unsigned char *'} but argument is of type 'char *'
 1488 | HAL_StatusTypeDef HAL_UART_Transmit(UART_HandleTypeDef *huart, uint8_t *pData, uint16_t Size, uint32_t Timeout);
      |                                                                ~~~~~~~~~^~~~~
../Core/Src/main.c:100:25: warning: typedef 'u8' locally defined but not used [-Wunused-local-typedefs]
  100 |   typedef unsigned char u8;
      |                         ^~
../Core/Src/main.c:101:25: warning: typedef 'u16' locally defined but not used [-Wunused-local-typedefs]
  101 |    typedef unsigned int u16;
      |                         ^~~
../Core/Src/main.c:102:26: warning: typedef 'u32' locally defined but not used [-Wunused-local-typedefs]
  102 |    typedef unsigned long u32;
      |                          ^~~
At top level:
../Core/Src/main.c:140:8: warning: '_delay_us' defined but not used [-Wunused-function]
  140 |   void _delay_us(void){
      |        ^~~~~~~~~
../Core/Src/main.c:121:8: warning: 'OutputSDIO' defined but not used [-Wunused-function]
  121 |   void OutputSDIO(){
      |        ^~~~~~~~~~
../Core/Src/main.c:105:8: warning: 'InputSDIO' defined but not used [-Wunused-function]
  105 |   void InputSDIO()
      |        ^~~~~~~~~
arm-none-eabi-gcc -o "deneme3.elf" @"objects.list"   -mcpu=cortex-m0plus -T"C:\Users\Enelsis\Desktop\enelsis\kendi github\kendi-kodlarim\Embedded systems\deneme3\STM32L010C6TX_FLASH.ld" --specs=nosys.specs -Wl,-Map="deneme3.map" -Wl,--gc-sections -static --specs=nano.specs -mfloat-abi=soft -mthumb -Wl,--start-group -lc -lm -Wl,--end-group
Finished building target: deneme3.elf
 
arm-none-eabi-size   deneme3.elf 
arm-none-eabi-objdump -h -S  deneme3.elf  > "deneme3.list"
arm-none-eabi-objcopy  -O binary  deneme3.elf  "deneme3.bin"
   text	   data	    bss	    dec	    hex	filename
  20280	    124	   1884	  22288	   5710	deneme3.elf
Finished building: default.size.stdout
Finished building: deneme3.bin
 
 
Finished building: deneme3.list
 

11:28:20 Build Finished. 0 errors, 8 warnings. (took 1s.195ms)

