16:29:41 **** Incremental Build of configuration Debug for project denemeler ****
make -j4 all 
arm-none-eabi-gcc "../Core/Src/main.c" -mcpu=cortex-m0plus -std=gnu11 -g3 -DDEBUG -DUSE_HAL_DRIVER -DSTM32L010x6 -c -I../Core/Inc -I../Drivers/STM32L0xx_HAL_Driver/Inc -I../Drivers/STM32L0xx_HAL_Driver/Inc/Legacy -I../Drivers/CMSIS/Device/ST/STM32L0xx/Include -I../Drivers/CMSIS/Include -O0 -ffunction-sections -fdata-sections -Wall -fstack-usage -MMD -MP -MF"Core/Src/main.d" -MT"Core/Src/main.o" --specs=nano.specs -mfloat-abi=soft -mthumb -o "Core/Src/main.o"
../Core/Src/main.c: In function 'main':
../Core/Src/main.c:104:38: warning: pointer targets in passing argument 2 of 'HAL_UART_Transmit' differ in signedness [-Wpointer-sign]
  104 |        HAL_UART_Transmit( &hlpuart1, "geliyor",7, 100);
      |                                      ^~~~~~~~~
      |                                      |
      |                                      char *
In file included from ../Core/Inc/stm32l0xx_hal_conf.h:280,
                 from ../Drivers/STM32L0xx_HAL_Driver/Inc/stm32l0xx_hal.h:30,
                 from ../Core/Inc/main.h:31,
                 from ../Core/Src/main.c:21:
../Drivers/STM32L0xx_HAL_Driver/Inc/stm32l0xx_hal_uart.h:1488:73: note: expected 'uint8_t *' {aka 'unsigned char *'} but argument is of type 'char *'
 1488 | HAL_StatusTypeDef HAL_UART_Transmit(UART_HandleTypeDef *huart, uint8_t *pData, uint16_t Size, uint32_t Timeout);
      |                                                                ~~~~~~~~~^~~~~
../Core/Src/main.c:102:12: warning: unused variable 'veri3' [-Wunused-variable]
  102 |    uint8_t veri3 [] = "1";
      |            ^~~~~
arm-none-eabi-gcc -o "denemeler.elf" @"objects.list"   -mcpu=cortex-m0plus -T"C:\Users\Enelsis\Desktop\enelsis\kendi github\kendi-kodlarim\Embedded systems\denemeler\STM32L010C6TX_FLASH.ld" --specs=nosys.specs -Wl,-Map="denemeler.map" -Wl,--gc-sections -static --specs=nano.specs -mfloat-abi=soft -mthumb -Wl,--start-group -lc -lm -Wl,--end-group
Finished building target: denemeler.elf
 
arm-none-eabi-size   denemeler.elf 
arm-none-eabi-objdump -h -S  denemeler.elf  > "denemeler.list"
arm-none-eabi-objcopy  -O binary  denemeler.elf  "denemeler.bin"
   text	   data	    bss	    dec	    hex	filename
   9824	     20	   1700	  11544	   2d18	denemeler.elf
Finished building: default.size.stdout
Finished building: denemeler.bin
 
 
Finished building: denemeler.list
 

16:29:42 Build Finished. 0 errors, 2 warnings. (took 1s.170ms)

