12:44:36 **** Incremental Build of configuration Debug for project VERICI-DEVRE ****
make -j4 all 
arm-none-eabi-gcc "../Core/Src/main.c" -mcpu=cortex-m0plus -std=gnu11 -g3 -DDEBUG -DUSE_HAL_DRIVER -DSTM32L010x6 -c -I../Core/Inc -I../Drivers/STM32L0xx_HAL_Driver/Inc -I../Drivers/STM32L0xx_HAL_Driver/Inc/Legacy -I../Drivers/CMSIS/Device/ST/STM32L0xx/Include -I../Drivers/CMSIS/Include -O0 -ffunction-sections -fdata-sections -Wall -fstack-usage -MMD -MP -MF"Core/Src/main.d" -MT"Core/Src/main.o" --specs=nano.specs -mfloat-abi=soft -mthumb -o "Core/Src/main.o"
../Core/Src/main.c: In function 'main':
../Core/Src/main.c:200:24: warning: format '%d' expects argument of type 'int', but argument 3 has type 'int32_t' {aka 'long int'} [-Wformat=]
  200 |      sprintf(buffer, "%d", temperature);
      |                       ~^   ~~~~~~~~~~~
      |                        |   |
      |                        int int32_t {aka long int}
      |                       %ld
../Core/Src/main.c:207:24: warning: format '%d' expects argument of type 'int', but argument 3 has type 'int32_t' {aka 'long int'} [-Wformat=]
  207 |      sprintf(buffer, "%d", temperature);
      |                       ~^   ~~~~~~~~~~~
      |                        |   |
      |                        int int32_t {aka long int}
      |                       %ld
../Core/Src/main.c:215:24: warning: format '%d' expects argument of type 'int', but argument 3 has type 'int32_t' {aka 'long int'} [-Wformat=]
  215 |      sprintf(buffer, "%d", temperature);
      |                       ~^   ~~~~~~~~~~~
      |                        |   |
      |                        int int32_t {aka long int}
      |                       %ld
../Core/Src/main.c:218:24: warning: format '%d' expects argument of type 'int', but argument 3 has type 'int32_t' {aka 'long int'} [-Wformat=]
  218 |      sprintf(buffer, "%d", temperature); //Temperature/100 demedik çünkü ilk 4 bitini de alıcıya göndermek istiyoruz.100e bölünmesi demek ,'den sonraki 2 sayının silinmesi demek örneğin sonuç 255 yani 25.5 derece eğer ,'den sorna 2 hanenin gözükmesini istersek 10 diyeceğiz yani sonu. 25.57
      |                       ~^   ~~~~~~~~~~~
      |                        |   |
      |                        int int32_t {aka long int}
      |                       %ld
../Core/Src/main.c:225:24: warning: format '%d' expects argument of type 'int', but argument 3 has type 'int32_t' {aka 'long int'} [-Wformat=]
  225 |     sprintf(buffer2, "%d", humidity);
      |                       ~^   ~~~~~~~~
      |                        |   |
      |                        int int32_t {aka long int}
      |                       %ld
../Core/Src/main.c:307:18: warning: pointer targets in passing argument 1 of 'bSendMessage' differ in signedness [-Wpointer-sign]
  307 |     bSendMessage(buffer, strlen(buffer));
      |                  ^~~~~~
      |                  |
      |                  char *
In file included from ../Core/Src/main.c:25:
../Core/Inc/RFM300_Driver.h:396:24: note: expected 'byte *' {aka 'unsigned char *'} but argument is of type 'char *'
  396 | byte bSendMessage(byte msg[], byte length);
      |                   ~~~~~^~~~~
../Core/Src/main.c:354:2: warning: implicit declaration of function 'GPIO_ALL_DisEnable' [-Wimplicit-function-declaration]
  354 |  GPIO_ALL_DisEnable(); //Güç harcamaması için bütün çevre birimlerini kapatıyoruz
      |  ^~~~~~~~~~~~~~~~~~
../Core/Src/main.c: At top level:
../Core/Src/main.c:639:6: warning: conflicting types for 'GPIO_ALL_DisEnable'
  639 | void GPIO_ALL_DisEnable(void) {
      |      ^~~~~~~~~~~~~~~~~~
../Core/Src/main.c:354:2: note: previous implicit declaration of 'GPIO_ALL_DisEnable' was here
  354 |  GPIO_ALL_DisEnable(); //Güç harcamaması için bütün çevre birimlerini kapatıyoruz
      |  ^~~~~~~~~~~~~~~~~~
../Core/Src/main.c: In function 'main':
../Core/Src/main.c:204:6: warning: 'strncat' specified bound 1 equals source length [-Wstringop-overflow=]
  204 |      strncat(buffer, "0", 1);
      |      ^~~~~~~~~~~~~~~~~~~~~~~
../Core/Src/main.c:275:6: warning: 'strncat' specified bound 1 equals source length [-Wstringop-overflow=]
  275 |      strncat(buffer, "-", 1); //+ - durumu
      |      ^~~~~~~~~~~~~~~~~~~~~~~
../Core/Src/main.c:279:6: warning: 'strncat' specified bound 1 equals source length [-Wstringop-overflow=]
  279 |      strncat(buffer, "+", 1);
      |      ^~~~~~~~~~~~~~~~~~~~~~~
../Core/Src/main.c:286:5: warning: 'strncat' specified bound 12 equals source length [-Wstringop-overflow=]
  286 |     strncat(buffer, "A0000000006B", 12); //seri numarası 10 haneli A ve B arasında
      |     ^~~~~~~~~~~~~~~~~~~~~~~~~~~~~~~~~~~
arm-none-eabi-gcc -o "VERICI-DEVRE.elf" @"objects.list"   -mcpu=cortex-m0plus -T"C:\Users\Enelsis\Desktop\enelsis\kendi github\kendi-kodlarim\Embedded systems\VERICI-DEVRE3\STM32L010C6TX_FLASH.ld" --specs=nosys.specs -Wl,-Map="VERICI-DEVRE.map" -Wl,--gc-sections -static --specs=nano.specs -mfloat-abi=soft -mthumb -Wl,--start-group -lc -lm -Wl,--end-group
Finished building target: VERICI-DEVRE.elf
 
arm-none-eabi-size   VERICI-DEVRE.elf 
arm-none-eabi-objdump -h -S  VERICI-DEVRE.elf  > "VERICI-DEVRE.list"
arm-none-eabi-objcopy  -O binary  VERICI-DEVRE.elf  "VERICI-DEVRE.bin"
   text	   data	    bss	    dec	    hex	filename
  29452	    508	   2276	  32236	   7dec	VERICI-DEVRE.elf
Finished building: default.size.stdout
 
Finished building: VERICI-DEVRE.bin
 
Finished building: VERICI-DEVRE.list
 
12:44:58 **** Incremental Build of configuration Debug for project VERICI-DEVRE ****
make -j4 all 
arm-none-eabi-size   VERICI-DEVRE.elf 
   text	   data	    bss	    dec	    hex	filename
  29452	    508	   2276	  32236	   7dec	VERICI-DEVRE.elf
Finished building: default.size.stdout
 
12:45:07 **** Incremental Build of configuration Debug for project VERICI-DEVRE ****
make -j4 all 
arm-none-eabi-size   VERICI-DEVRE.elf 
   text	   data	    bss	    dec	    hex	filename
  29452	    508	   2276	  32236	   7dec	VERICI-DEVRE.elf
Finished building: default.size.stdout
 
12:45:14 **** Incremental Build of configuration Debug for project VERICI-DEVRE ****
make -j4 all 
arm-none-eabi-size   VERICI-DEVRE.elf 
   text	   data	    bss	    dec	    hex	filename
  29452	    508	   2276	  32236	   7dec	VERICI-DEVRE.elf
Finished building: default.size.stdout
 
12:45:37 **** Incremental Build of configuration Debug for project VERICI-DEVRE ****
make -j4 all 
arm-none-eabi-size   VERICI-DEVRE.elf 
   text	   data	    bss	    dec	    hex	filename
  29452	    508	   2276	  32236	   7dec	VERICI-DEVRE.elf
Finished building: default.size.stdout
 
12:46:38 **** Incremental Build of configuration Debug for project VERICI-DEVRE ****
make -j4 all 
arm-none-eabi-gcc "../Core/Src/main.c" -mcpu=cortex-m0plus -std=gnu11 -g3 -DDEBUG -DUSE_HAL_DRIVER -DSTM32L010x6 -c -I../Core/Inc -I../Drivers/STM32L0xx_HAL_Driver/Inc -I../Drivers/STM32L0xx_HAL_Driver/Inc/Legacy -I../Drivers/CMSIS/Device/ST/STM32L0xx/Include -I../Drivers/CMSIS/Include -O0 -ffunction-sections -fdata-sections -Wall -fstack-usage -MMD -MP -MF"Core/Src/main.d" -MT"Core/Src/main.o" --specs=nano.specs -mfloat-abi=soft -mthumb -o "Core/Src/main.o"
../Core/Src/main.c: In function 'main':
../Core/Src/main.c:200:24: warning: format '%d' expects argument of type 'int', but argument 3 has type 'int32_t' {aka 'long int'} [-Wformat=]
  200 |      sprintf(buffer, "%d", temperature);
      |                       ~^   ~~~~~~~~~~~
      |                        |   |
      |                        int int32_t {aka long int}
      |                       %ld
../Core/Src/main.c:207:24: warning: format '%d' expects argument of type 'int', but argument 3 has type 'int32_t' {aka 'long int'} [-Wformat=]
  207 |      sprintf(buffer, "%d", temperature);
      |                       ~^   ~~~~~~~~~~~
      |                        |   |
      |                        int int32_t {aka long int}
      |                       %ld
../Core/Src/main.c:213:22: warning: passing argument 2 of 'strncat' makes pointer from integer without a cast [-Wint-conversion]
  213 |      strncat(buffer, '0', 1);
      |                      ^~~
      |                      |
      |                      int
In file included from ../Core/Src/main.c:27:
c:\st\stm32cubeide_1.7.0\stm32cubeide\plugins\com.st.stm32cube.ide.mcu.externaltools.gnu-tools-for-stm32.9-2020-q2-update.win32_2.0.0.202105311346\tools\arm-none-eabi\include\string.h:42:8: note: expected 'const char * restrict' but argument is of type 'int'
   42 | char  *strncat (char *__restrict, const char *__restrict, size_t);
      |        ^~~~~~~
../Core/Src/main.c:215:24: warning: format '%d' expects argument of type 'int', but argument 3 has type 'int32_t' {aka 'long int'} [-Wformat=]
  215 |      sprintf(buffer, "%d", temperature);
      |                       ~^   ~~~~~~~~~~~
      |                        |   |
      |                        int int32_t {aka long int}
      |                       %ld
../Core/Src/main.c:218:24: warning: format '%d' expects argument of type 'int', but argument 3 has type 'int32_t' {aka 'long int'} [-Wformat=]
  218 |      sprintf(buffer, "%d", temperature); //Temperature/100 demedik çünkü ilk 4 bitini de alıcıya göndermek istiyoruz.100e bölünmesi demek ,'den sonraki 2 sayının silinmesi demek örneğin sonuç 255 yani 25.5 derece eğer ,'den sorna 2 hanenin gözükmesini istersek 10 diyeceğiz yani sonu. 25.57
      |                       ~^   ~~~~~~~~~~~
      |                        |   |
      |                        int int32_t {aka long int}
      |                       %ld
../Core/Src/main.c:225:24: warning: format '%d' expects argument of type 'int', but argument 3 has type 'int32_t' {aka 'long int'} [-Wformat=]
  225 |     sprintf(buffer2, "%d", humidity);
      |                       ~^   ~~~~~~~~
      |                        |   |
      |                        int int32_t {aka long int}
      |                       %ld
../Core/Src/main.c:307:18: warning: pointer targets in passing argument 1 of 'bSendMessage' differ in signedness [-Wpointer-sign]
  307 |     bSendMessage(buffer, strlen(buffer));
      |                  ^~~~~~
      |                  |
      |                  char *
In file included from ../Core/Src/main.c:25:
../Core/Inc/RFM300_Driver.h:396:24: note: expected 'byte *' {aka 'unsigned char *'} but argument is of type 'char *'
  396 | byte bSendMessage(byte msg[], byte length);
      |                   ~~~~~^~~~~
../Core/Src/main.c:354:2: warning: implicit declaration of function 'GPIO_ALL_DisEnable' [-Wimplicit-function-declaration]
  354 |  GPIO_ALL_DisEnable(); //Güç harcamaması için bütün çevre birimlerini kapatıyoruz
      |  ^~~~~~~~~~~~~~~~~~
../Core/Src/main.c: At top level:
../Core/Src/main.c:639:6: warning: conflicting types for 'GPIO_ALL_DisEnable'
  639 | void GPIO_ALL_DisEnable(void) {
      |      ^~~~~~~~~~~~~~~~~~
../Core/Src/main.c:354:2: note: previous implicit declaration of 'GPIO_ALL_DisEnable' was here
  354 |  GPIO_ALL_DisEnable(); //Güç harcamaması için bütün çevre birimlerini kapatıyoruz
      |  ^~~~~~~~~~~~~~~~~~
../Core/Src/main.c: In function 'main':
../Core/Src/main.c:204:6: warning: 'strncat' specified bound 1 equals source length [-Wstringop-overflow=]
  204 |      strncat(buffer, "0", 1);
      |      ^~~~~~~~~~~~~~~~~~~~~~~
../Core/Src/main.c:275:6: warning: 'strncat' specified bound 1 equals source length [-Wstringop-overflow=]
  275 |      strncat(buffer, "-", 1); //+ - durumu
      |      ^~~~~~~~~~~~~~~~~~~~~~~
../Core/Src/main.c:279:6: warning: 'strncat' specified bound 1 equals source length [-Wstringop-overflow=]
  279 |      strncat(buffer, "+", 1);
      |      ^~~~~~~~~~~~~~~~~~~~~~~
../Core/Src/main.c:286:5: warning: 'strncat' specified bound 12 equals source length [-Wstringop-overflow=]
  286 |     strncat(buffer, "A0000000006B", 12); //seri numarası 10 haneli A ve B arasında
      |     ^~~~~~~~~~~~~~~~~~~~~~~~~~~~~~~~~~~
arm-none-eabi-gcc -o "VERICI-DEVRE.elf" @"objects.list"   -mcpu=cortex-m0plus -T"C:\Users\Enelsis\Desktop\enelsis\kendi github\kendi-kodlarim\Embedded systems\VERICI-DEVRE3\STM32L010C6TX_FLASH.ld" --specs=nosys.specs -Wl,-Map="VERICI-DEVRE.map" -Wl,--gc-sections -static --specs=nano.specs -mfloat-abi=soft -mthumb -Wl,--start-group -lc -lm -Wl,--end-group
Finished building target: VERICI-DEVRE.elf
 
arm-none-eabi-size   VERICI-DEVRE.elf 
arm-none-eabi-objdump -h -S  VERICI-DEVRE.elf  > "VERICI-DEVRE.list"
arm-none-eabi-objcopy  -O binary  VERICI-DEVRE.elf  "VERICI-DEVRE.bin"
   text	   data	    bss	    dec	    hex	filename
  29456	    508	   2276	  32240	   7df0	VERICI-DEVRE.elf
Finished building: default.size.stdout
Finished building: VERICI-DEVRE.bin
 
 
Finished building: VERICI-DEVRE.list
 
12:49:59 **** Incremental Build of configuration Debug for project VERICI-DEVRE ****
make -j4 all 
arm-none-eabi-gcc "../Core/Src/main.c" -mcpu=cortex-m0plus -std=gnu11 -g3 -DDEBUG -DUSE_HAL_DRIVER -DSTM32L010x6 -c -I../Core/Inc -I../Drivers/STM32L0xx_HAL_Driver/Inc -I../Drivers/STM32L0xx_HAL_Driver/Inc/Legacy -I../Drivers/CMSIS/Device/ST/STM32L0xx/Include -I../Drivers/CMSIS/Include -O0 -ffunction-sections -fdata-sections -Wall -fstack-usage -MMD -MP -MF"Core/Src/main.d" -MT"Core/Src/main.o" --specs=nano.specs -mfloat-abi=soft -mthumb -o "Core/Src/main.o"
../Core/Src/main.c: In function 'main':
../Core/Src/main.c:204:24: warning: format '%d' expects argument of type 'int', but argument 3 has type 'int32_t' {aka 'long int'} [-Wformat=]
  204 |      sprintf(buffer, "%d", temperature);
      |                       ~^   ~~~~~~~~~~~
      |                        |   |
      |                        int int32_t {aka long int}
      |                       %ld
../Core/Src/main.c:211:24: warning: format '%d' expects argument of type 'int', but argument 3 has type 'int32_t' {aka 'long int'} [-Wformat=]
  211 |      sprintf(buffer, "%d", temperature);
      |                       ~^   ~~~~~~~~~~~
      |                        |   |
      |                        int int32_t {aka long int}
      |                       %ld
../Core/Src/main.c:217:22: warning: multi-character character constant [-Wmultichar]
  217 |      sprintf(buffer, '%d', a);
      |                      ^~~~
../Core/Src/main.c:217:22: warning: passing argument 2 of 'sprintf' makes pointer from integer without a cast [-Wint-conversion]
In file included from ../Core/Src/main.c:28:
c:\st\stm32cubeide_1.7.0\stm32cubeide\plugins\com.st.stm32cube.ide.mcu.externaltools.gnu-tools-for-stm32.9-2020-q2-update.win32_2.0.0.202105311346\tools\arm-none-eabi\include\stdio.h:244:32: note: expected 'const char * restrict' but argument is of type 'int'
  244 | int sprintf (char *__restrict, const char *__restrict, ...)
      |                                ^
../Core/Src/main.c:219:24: warning: format '%d' expects argument of type 'int', but argument 3 has type 'int32_t' {aka 'long int'} [-Wformat=]
  219 |      sprintf(buffer, "%d", temperature);
      |                       ~^   ~~~~~~~~~~~
      |                        |   |
      |                        int int32_t {aka long int}
      |                       %ld
../Core/Src/main.c:222:24: warning: format '%d' expects argument of type 'int', but argument 3 has type 'int32_t' {aka 'long int'} [-Wformat=]
  222 |      sprintf(buffer, "%d", temperature); //Temperature/100 demedik çünkü ilk 4 bitini de alıcıya göndermek istiyoruz.100e bölünmesi demek ,'den sonraki 2 sayının silinmesi demek örneğin sonuç 255 yani 25.5 derece eğer ,'den sorna 2 hanenin gözükmesini istersek 10 diyeceğiz yani sonu. 25.57
      |                       ~^   ~~~~~~~~~~~
      |                        |   |
      |                        int int32_t {aka long int}
      |                       %ld
../Core/Src/main.c:229:24: warning: format '%d' expects argument of type 'int', but argument 3 has type 'int32_t' {aka 'long int'} [-Wformat=]
  229 |     sprintf(buffer2, "%d", humidity);
      |                       ~^   ~~~~~~~~
      |                        |   |
      |                        int int32_t {aka long int}
      |                       %ld
../Core/Src/main.c:311:18: warning: pointer targets in passing argument 1 of 'bSendMessage' differ in signedness [-Wpointer-sign]
  311 |     bSendMessage(buffer, strlen(buffer));
      |                  ^~~~~~
      |                  |
      |                  char *
In file included from ../Core/Src/main.c:25:
../Core/Inc/RFM300_Driver.h:396:24: note: expected 'byte *' {aka 'unsigned char *'} but argument is of type 'char *'
  396 | byte bSendMessage(byte msg[], byte length);
      |                   ~~~~~^~~~~
../Core/Src/main.c:358:2: warning: implicit declaration of function 'GPIO_ALL_DisEnable' [-Wimplicit-function-declaration]
  358 |  GPIO_ALL_DisEnable(); //Güç harcamaması için bütün çevre birimlerini kapatıyoruz
      |  ^~~~~~~~~~~~~~~~~~
../Core/Src/main.c: At top level:
../Core/Src/main.c:643:6: warning: conflicting types for 'GPIO_ALL_DisEnable'
  643 | void GPIO_ALL_DisEnable(void) {
      |      ^~~~~~~~~~~~~~~~~~
../Core/Src/main.c:358:2: note: previous implicit declaration of 'GPIO_ALL_DisEnable' was here
  358 |  GPIO_ALL_DisEnable(); //Güç harcamaması için bütün çevre birimlerini kapatıyoruz
      |  ^~~~~~~~~~~~~~~~~~
../Core/Src/main.c: In function 'main':
../Core/Src/main.c:208:6: warning: 'strncat' specified bound 1 equals source length [-Wstringop-overflow=]
  208 |      strncat(buffer, "0", 1);
      |      ^~~~~~~~~~~~~~~~~~~~~~~
../Core/Src/main.c:279:6: warning: 'strncat' specified bound 1 equals source length [-Wstringop-overflow=]
  279 |      strncat(buffer, "-", 1); //+ - durumu
      |      ^~~~~~~~~~~~~~~~~~~~~~~
../Core/Src/main.c:283:6: warning: 'strncat' specified bound 1 equals source length [-Wstringop-overflow=]
  283 |      strncat(buffer, "+", 1);
      |      ^~~~~~~~~~~~~~~~~~~~~~~
../Core/Src/main.c:290:5: warning: 'strncat' specified bound 12 equals source length [-Wstringop-overflow=]
  290 |     strncat(buffer, "A0000000006B", 12); //seri numarası 10 haneli A ve B arasında
      |     ^~~~~~~~~~~~~~~~~~~~~~~~~~~~~~~~~~~
arm-none-eabi-gcc -o "VERICI-DEVRE.elf" @"objects.list"   -mcpu=cortex-m0plus -T"C:\Users\Enelsis\Desktop\enelsis\kendi github\kendi-kodlarim\Embedded systems\VERICI-DEVRE3\STM32L010C6TX_FLASH.ld" --specs=nosys.specs -Wl,-Map="VERICI-DEVRE.map" -Wl,--gc-sections -static --specs=nano.specs -mfloat-abi=soft -mthumb -Wl,--start-group -lc -lm -Wl,--end-group
Finished building target: VERICI-DEVRE.elf
 
arm-none-eabi-size   VERICI-DEVRE.elf 
arm-none-eabi-objdump -h -S  VERICI-DEVRE.elf  > "VERICI-DEVRE.list"
arm-none-eabi-objcopy  -O binary  VERICI-DEVRE.elf  "VERICI-DEVRE.bin"
   text	   data	    bss	    dec	    hex	filename
  29472	    508	   2276	  32256	   7e00	VERICI-DEVRE.elf
Finished building: default.size.stdout
 
Finished building: VERICI-DEVRE.bin
 
Finished building: VERICI-DEVRE.list
 
12:50:14 **** Incremental Build of configuration Debug for project VERICI-DEVRE ****
make -j4 all 
arm-none-eabi-size   VERICI-DEVRE.elf 
   text	   data	    bss	    dec	    hex	filename
  29472	    508	   2276	  32256	   7e00	VERICI-DEVRE.elf
Finished building: default.size.stdout
 
12:50:15 **** Incremental Build of configuration Debug for project VERICI-DEVRE ****
make -j4 all 
arm-none-eabi-size   VERICI-DEVRE.elf 
   text	   data	    bss	    dec	    hex	filename
  29472	    508	   2276	  32256	   7e00	VERICI-DEVRE.elf
Finished building: default.size.stdout
 
12:50:22 **** Incremental Build of configuration Debug for project VERICI-DEVRE ****
make -j4 all 
arm-none-eabi-size   VERICI-DEVRE.elf 
   text	   data	    bss	    dec	    hex	filename
  29472	    508	   2276	  32256	   7e00	VERICI-DEVRE.elf
Finished building: default.size.stdout
 
12:51:45 **** Incremental Build of configuration Debug for project VERICI-DEVRE ****
make -j4 all 
arm-none-eabi-gcc "../Core/Src/main.c" -mcpu=cortex-m0plus -std=gnu11 -g3 -DDEBUG -DUSE_HAL_DRIVER -DSTM32L010x6 -c -I../Core/Inc -I../Drivers/STM32L0xx_HAL_Driver/Inc -I../Drivers/STM32L0xx_HAL_Driver/Inc/Legacy -I../Drivers/CMSIS/Device/ST/STM32L0xx/Include -I../Drivers/CMSIS/Include -O0 -ffunction-sections -fdata-sections -Wall -fstack-usage -MMD -MP -MF"Core/Src/main.d" -MT"Core/Src/main.o" --specs=nano.specs -mfloat-abi=soft -mthumb -o "Core/Src/main.o"
../Core/Src/main.c: In function 'main':
../Core/Src/main.c:204:24: warning: format '%d' expects argument of type 'int', but argument 3 has type 'int32_t' {aka 'long int'} [-Wformat=]
  204 |      sprintf(buffer, "%d", temperature);
      |                       ~^   ~~~~~~~~~~~
      |                        |   |
      |                        int int32_t {aka long int}
      |                       %ld
../Core/Src/main.c:211:24: warning: format '%d' expects argument of type 'int', but argument 3 has type 'int32_t' {aka 'long int'} [-Wformat=]
  211 |      sprintf(buffer, "%d", temperature);
      |                       ~^   ~~~~~~~~~~~
      |                        |   |
      |                        int int32_t {aka long int}
      |                       %ld
../Core/Src/main.c:217:22: warning: multi-character character constant [-Wmultichar]
  217 |      sprintf(buffer, '%d', a);
      |                      ^~~~
../Core/Src/main.c:217:22: warning: passing argument 2 of 'sprintf' makes pointer from integer without a cast [-Wint-conversion]
In file included from ../Core/Src/main.c:28:
c:\st\stm32cubeide_1.7.0\stm32cubeide\plugins\com.st.stm32cube.ide.mcu.externaltools.gnu-tools-for-stm32.9-2020-q2-update.win32_2.0.0.202105311346\tools\arm-none-eabi\include\stdio.h:244:32: note: expected 'const char * restrict' but argument is of type 'int'
  244 | int sprintf (char *__restrict, const char *__restrict, ...)
      |                                ^
../Core/Src/main.c:219:13: warning: format '%c' expects argument of type 'int', but argument 3 has type 'char *' [-Wformat=]
  219 |      printf("%c",buffer);
      |             ^~~~ ~~~~~~
      |                  |
      |                  char *
../Core/Src/main.c:32:56: note: in definition of macro 'printf'
   32 |                                   sprintf((char*)u_buf,__VA_ARGS__), 0xFFFF);
      |                                                        ^~~~~~~~~~~
../Core/Src/main.c:219:15: note: format string is defined here
  219 |      printf("%c",buffer);
      |              ~^
      |               |
      |               int
      |              %s
../Core/Src/main.c:221:24: warning: format '%d' expects argument of type 'int', but argument 3 has type 'int32_t' {aka 'long int'} [-Wformat=]
  221 |      sprintf(buffer, "%d", temperature);
      |                       ~^   ~~~~~~~~~~~
      |                        |   |
      |                        int int32_t {aka long int}
      |                       %ld
../Core/Src/main.c:224:24: warning: format '%d' expects argument of type 'int', but argument 3 has type 'int32_t' {aka 'long int'} [-Wformat=]
  224 |      sprintf(buffer, "%d", temperature); //Temperature/100 demedik çünkü ilk 4 bitini de alıcıya göndermek istiyoruz.100e bölünmesi demek ,'den sonraki 2 sayının silinmesi demek örneğin sonuç 255 yani 25.5 derece eğer ,'den sorna 2 hanenin gözükmesini istersek 10 diyeceğiz yani sonu. 25.57
      |                       ~^   ~~~~~~~~~~~
      |                        |   |
      |                        int int32_t {aka long int}
      |                       %ld
../Core/Src/main.c:231:24: warning: format '%d' expects argument of type 'int', but argument 3 has type 'int32_t' {aka 'long int'} [-Wformat=]
  231 |     sprintf(buffer2, "%d", humidity);
      |                       ~^   ~~~~~~~~
      |                        |   |
      |                        int int32_t {aka long int}
      |                       %ld
../Core/Src/main.c:313:18: warning: pointer targets in passing argument 1 of 'bSendMessage' differ in signedness [-Wpointer-sign]
  313 |     bSendMessage(buffer, strlen(buffer));
      |                  ^~~~~~
      |                  |
      |                  char *
In file included from ../Core/Src/main.c:25:
../Core/Inc/RFM300_Driver.h:396:24: note: expected 'byte *' {aka 'unsigned char *'} but argument is of type 'char *'
  396 | byte bSendMessage(byte msg[], byte length);
      |                   ~~~~~^~~~~
../Core/Src/main.c:360:2: warning: implicit declaration of function 'GPIO_ALL_DisEnable' [-Wimplicit-function-declaration]
  360 |  GPIO_ALL_DisEnable(); //Güç harcamaması için bütün çevre birimlerini kapatıyoruz
      |  ^~~~~~~~~~~~~~~~~~
../Core/Src/main.c: At top level:
../Core/Src/main.c:645:6: warning: conflicting types for 'GPIO_ALL_DisEnable'
  645 | void GPIO_ALL_DisEnable(void) {
      |      ^~~~~~~~~~~~~~~~~~
../Core/Src/main.c:360:2: note: previous implicit declaration of 'GPIO_ALL_DisEnable' was here
  360 |  GPIO_ALL_DisEnable(); //Güç harcamaması için bütün çevre birimlerini kapatıyoruz
      |  ^~~~~~~~~~~~~~~~~~
../Core/Src/main.c: In function 'main':
../Core/Src/main.c:208:6: warning: 'strncat' specified bound 1 equals source length [-Wstringop-overflow=]
  208 |      strncat(buffer, "0", 1);
      |      ^~~~~~~~~~~~~~~~~~~~~~~
../Core/Src/main.c:281:6: warning: 'strncat' specified bound 1 equals source length [-Wstringop-overflow=]
  281 |      strncat(buffer, "-", 1); //+ - durumu
      |      ^~~~~~~~~~~~~~~~~~~~~~~
../Core/Src/main.c:285:6: warning: 'strncat' specified bound 1 equals source length [-Wstringop-overflow=]
  285 |      strncat(buffer, "+", 1);
      |      ^~~~~~~~~~~~~~~~~~~~~~~
../Core/Src/main.c:292:5: warning: 'strncat' specified bound 12 equals source length [-Wstringop-overflow=]
  292 |     strncat(buffer, "A0000000006B", 12); //seri numarası 10 haneli A ve B arasında
      |     ^~~~~~~~~~~~~~~~~~~~~~~~~~~~~~~~~~~
arm-none-eabi-gcc -o "VERICI-DEVRE.elf" @"objects.list"   -mcpu=cortex-m0plus -T"C:\Users\Enelsis\Desktop\enelsis\kendi github\kendi-kodlarim\Embedded systems\VERICI-DEVRE3\STM32L010C6TX_FLASH.ld" --specs=nosys.specs -Wl,-Map="VERICI-DEVRE.map" -Wl,--gc-sections -static --specs=nano.specs -mfloat-abi=soft -mthumb -Wl,--start-group -lc -lm -Wl,--end-group
Finished building target: VERICI-DEVRE.elf
 
arm-none-eabi-size   VERICI-DEVRE.elf 
arm-none-eabi-objdump -h -S  VERICI-DEVRE.elf  > "VERICI-DEVRE.list"
   text	   data	    bss	    dec	    hex	filename
  29508	    508	   2276	  32292	   7e24	VERICI-DEVRE.elf
arm-none-eabi-objcopy  -O binary  VERICI-DEVRE.elf  "VERICI-DEVRE.bin"
Finished building: default.size.stdout
 
Finished building: VERICI-DEVRE.bin
 
Finished building: VERICI-DEVRE.list
 
12:52:08 **** Incremental Build of configuration Debug for project VERICI-DEVRE ****
make -j4 all 
arm-none-eabi-size   VERICI-DEVRE.elf 
   text	   data	    bss	    dec	    hex	filename
  29508	    508	   2276	  32292	   7e24	VERICI-DEVRE.elf
Finished building: default.size.stdout
 
12:52:16 **** Incremental Build of configuration Debug for project VERICI-DEVRE ****
make -j4 all 
arm-none-eabi-size   VERICI-DEVRE.elf 
   text	   data	    bss	    dec	    hex	filename
  29508	    508	   2276	  32292	   7e24	VERICI-DEVRE.elf
Finished building: default.size.stdout
 
12:52:23 **** Incremental Build of configuration Debug for project VERICI-DEVRE ****
make -j4 all 
arm-none-eabi-size   VERICI-DEVRE.elf 
   text	   data	    bss	    dec	    hex	filename
  29508	    508	   2276	  32292	   7e24	VERICI-DEVRE.elf
Finished building: default.size.stdout
 
12:52:30 **** Incremental Build of configuration Debug for project VERICI-DEVRE ****
make -j4 all 
arm-none-eabi-size   VERICI-DEVRE.elf 
   text	   data	    bss	    dec	    hex	filename
  29508	    508	   2276	  32292	   7e24	VERICI-DEVRE.elf
Finished building: default.size.stdout
 
09:13:26 **** Incremental Build of configuration Debug for project VERICI-DEVRE ****
make -j4 all 
arm-none-eabi-gcc "../Core/Src/main.c" -mcpu=cortex-m0plus -std=gnu11 -g3 -DDEBUG -DUSE_HAL_DRIVER -DSTM32L010x6 -c -I../Core/Inc -I../Drivers/STM32L0xx_HAL_Driver/Inc -I../Drivers/STM32L0xx_HAL_Driver/Inc/Legacy -I../Drivers/CMSIS/Device/ST/STM32L0xx/Include -I../Drivers/CMSIS/Include -O0 -ffunction-sections -fdata-sections -Wall -fstack-usage -MMD -MP -MF"Core/Src/main.d" -MT"Core/Src/main.o" --specs=nano.specs -mfloat-abi=soft -mthumb -o "Core/Src/main.o"
../Core/Src/main.c: In function 'main':
../Core/Src/main.c:204:24: warning: format '%d' expects argument of type 'int', but argument 3 has type 'int32_t' {aka 'long int'} [-Wformat=]
  204 |      sprintf(buffer, "%d", temperature);
      |                       ~^   ~~~~~~~~~~~
      |                        |   |
      |                        int int32_t {aka long int}
      |                       %ld
../Core/Src/main.c:211:24: warning: format '%d' expects argument of type 'int', but argument 3 has type 'int32_t' {aka 'long int'} [-Wformat=]
  211 |      sprintf(buffer, "%d", temperature);
      |                       ~^   ~~~~~~~~~~~
      |                        |   |
      |                        int int32_t {aka long int}
      |                       %ld
../Core/Src/main.c:217:22: warning: multi-character character constant [-Wmultichar]
  217 |      sprintf(buffer, '%d', a);
      |                      ^~~~
../Core/Src/main.c:217:22: warning: passing argument 2 of 'sprintf' makes pointer from integer without a cast [-Wint-conversion]
In file included from ../Core/Src/main.c:28:
c:\st\stm32cubeide_1.7.0\stm32cubeide\plugins\com.st.stm32cube.ide.mcu.externaltools.gnu-tools-for-stm32.9-2020-q2-update.win32_2.0.0.202105311346\tools\arm-none-eabi\include\stdio.h:244:32: note: expected 'const char * restrict' but argument is of type 'int'
  244 | int sprintf (char *__restrict, const char *__restrict, ...)
      |                                ^
../Core/Src/main.c:221:24: warning: format '%d' expects argument of type 'int', but argument 3 has type 'int32_t' {aka 'long int'} [-Wformat=]
  221 |      sprintf(buffer, "%d", temperature);
      |                       ~^   ~~~~~~~~~~~
      |                        |   |
      |                        int int32_t {aka long int}
      |                       %ld
../Core/Src/main.c:224:24: warning: format '%d' expects argument of type 'int', but argument 3 has type 'int32_t' {aka 'long int'} [-Wformat=]
  224 |      sprintf(buffer, "%d", temperature); //Temperature/100 demedik çünkü ilk 4 bitini de alıcıya göndermek istiyoruz.100e bölünmesi demek ,'den sonraki 2 sayının silinmesi demek örneğin sonuç 255 yani 25.5 derece eğer ,'den sorna 2 hanenin gözükmesini istersek 10 diyeceğiz yani sonu. 25.57
      |                       ~^   ~~~~~~~~~~~
      |                        |   |
      |                        int int32_t {aka long int}
      |                       %ld
../Core/Src/main.c:231:24: warning: format '%d' expects argument of type 'int', but argument 3 has type 'int32_t' {aka 'long int'} [-Wformat=]
  231 |     sprintf(buffer2, "%d", humidity);
      |                       ~^   ~~~~~~~~
      |                        |   |
      |                        int int32_t {aka long int}
      |                       %ld
../Core/Src/main.c:313:18: warning: pointer targets in passing argument 1 of 'bSendMessage' differ in signedness [-Wpointer-sign]
  313 |     bSendMessage(buffer, strlen(buffer));
      |                  ^~~~~~
      |                  |
      |                  char *
In file included from ../Core/Src/main.c:25:
../Core/Inc/RFM300_Driver.h:396:24: note: expected 'byte *' {aka 'unsigned char *'} but argument is of type 'char *'
  396 | byte bSendMessage(byte msg[], byte length);
      |                   ~~~~~^~~~~
../Core/Src/main.c:360:2: warning: implicit declaration of function 'GPIO_ALL_DisEnable' [-Wimplicit-function-declaration]
  360 |  GPIO_ALL_DisEnable(); //Güç harcamaması için bütün çevre birimlerini kapatıyoruz
      |  ^~~~~~~~~~~~~~~~~~
../Core/Src/main.c: At top level:
../Core/Src/main.c:645:6: warning: conflicting types for 'GPIO_ALL_DisEnable'
  645 | void GPIO_ALL_DisEnable(void) {
      |      ^~~~~~~~~~~~~~~~~~
../Core/Src/main.c:360:2: note: previous implicit declaration of 'GPIO_ALL_DisEnable' was here
  360 |  GPIO_ALL_DisEnable(); //Güç harcamaması için bütün çevre birimlerini kapatıyoruz
      |  ^~~~~~~~~~~~~~~~~~
../Core/Src/main.c: In function 'main':
../Core/Src/main.c:208:6: warning: 'strncat' specified bound 1 equals source length [-Wstringop-overflow=]
  208 |      strncat(buffer, "0", 1);
      |      ^~~~~~~~~~~~~~~~~~~~~~~
../Core/Src/main.c:281:6: warning: 'strncat' specified bound 1 equals source length [-Wstringop-overflow=]
  281 |      strncat(buffer, "-", 1); //+ - durumu
      |      ^~~~~~~~~~~~~~~~~~~~~~~
../Core/Src/main.c:285:6: warning: 'strncat' specified bound 1 equals source length [-Wstringop-overflow=]
  285 |      strncat(buffer, "+", 1);
      |      ^~~~~~~~~~~~~~~~~~~~~~~
../Core/Src/main.c:292:5: warning: 'strncat' specified bound 12 equals source length [-Wstringop-overflow=]
  292 |     strncat(buffer, "A0000000006B", 12); //seri numarası 10 haneli A ve B arasında
      |     ^~~~~~~~~~~~~~~~~~~~~~~~~~~~~~~~~~~
arm-none-eabi-gcc -o "VERICI-DEVRE.elf" @"objects.list"   -mcpu=cortex-m0plus -T"C:\Users\Enelsis\Desktop\enelsis\kendi github\kendi-kodlarim\Embedded systems\VERICI-DEVRE3\STM32L010C6TX_FLASH.ld" --specs=nosys.specs -Wl,-Map="VERICI-DEVRE.map" -Wl,--gc-sections -static --specs=nano.specs -mfloat-abi=soft -mthumb -Wl,--start-group -lc -lm -Wl,--end-group
Finished building target: VERICI-DEVRE.elf
 
arm-none-eabi-size   VERICI-DEVRE.elf 
arm-none-eabi-objdump -h -S  VERICI-DEVRE.elf  > "VERICI-DEVRE.list"
arm-none-eabi-objcopy  -O binary  VERICI-DEVRE.elf  "VERICI-DEVRE.bin"
   text	   data	    bss	    dec	    hex	filename
  29508	    508	   2276	  32292	   7e24	VERICI-DEVRE.elf
Finished building: default.size.stdout
 
Finished building: VERICI-DEVRE.bin
 
Finished building: VERICI-DEVRE.list
 
09:13:36 **** Incremental Build of configuration Debug for project VERICI-DEVRE ****
make -j4 all 
arm-none-eabi-size   VERICI-DEVRE.elf 
   text	   data	    bss	    dec	    hex	filename
  29508	    508	   2276	  32292	   7e24	VERICI-DEVRE.elf
Finished building: default.size.stdout
 
09:15:12 **** Incremental Build of configuration Debug for project VERICI-DEVRE ****
make -j4 all 
arm-none-eabi-gcc "../Core/Src/main.c" -mcpu=cortex-m0plus -std=gnu11 -g3 -DDEBUG -DUSE_HAL_DRIVER -DSTM32L010x6 -c -I../Core/Inc -I../Drivers/STM32L0xx_HAL_Driver/Inc -I../Drivers/STM32L0xx_HAL_Driver/Inc/Legacy -I../Drivers/CMSIS/Device/ST/STM32L0xx/Include -I../Drivers/CMSIS/Include -O0 -ffunction-sections -fdata-sections -Wall -fstack-usage -MMD -MP -MF"Core/Src/main.d" -MT"Core/Src/main.o" --specs=nano.specs -mfloat-abi=soft -mthumb -o "Core/Src/main.o"
../Core/Src/main.c: In function 'main':
../Core/Src/main.c:204:24: warning: format '%d' expects argument of type 'int', but argument 3 has type 'int32_t' {aka 'long int'} [-Wformat=]
  204 |      sprintf(buffer, "%d", temperature);
      |                       ~^   ~~~~~~~~~~~
      |                        |   |
      |                        int int32_t {aka long int}
      |                       %ld
../Core/Src/main.c:211:24: warning: format '%d' expects argument of type 'int', but argument 3 has type 'int32_t' {aka 'long int'} [-Wformat=]
  211 |      sprintf(buffer, "%d", temperature);
      |                       ~^   ~~~~~~~~~~~
      |                        |   |
      |                        int int32_t {aka long int}
      |                       %ld
../Core/Src/main.c:217:22: warning: multi-character character constant [-Wmultichar]
  217 |      sprintf(buffer, '%d', a);
      |                      ^~~~
../Core/Src/main.c:217:22: warning: passing argument 2 of 'sprintf' makes pointer from integer without a cast [-Wint-conversion]
In file included from ../Core/Src/main.c:28:
c:\st\stm32cubeide_1.7.0\stm32cubeide\plugins\com.st.stm32cube.ide.mcu.externaltools.gnu-tools-for-stm32.9-2020-q2-update.win32_2.0.0.202105311346\tools\arm-none-eabi\include\stdio.h:244:32: note: expected 'const char * restrict' but argument is of type 'int'
  244 | int sprintf (char *__restrict, const char *__restrict, ...)
      |                                ^
../Core/Src/main.c:222:24: warning: format '%d' expects argument of type 'int', but argument 3 has type 'int32_t' {aka 'long int'} [-Wformat=]
  222 |      sprintf(buffer, "%d", temperature);
      |                       ~^   ~~~~~~~~~~~
      |                        |   |
      |                        int int32_t {aka long int}
      |                       %ld
../Core/Src/main.c:225:24: warning: format '%d' expects argument of type 'int', but argument 3 has type 'int32_t' {aka 'long int'} [-Wformat=]
  225 |      sprintf(buffer, "%d", temperature); //Temperature/100 demedik çünkü ilk 4 bitini de alıcıya göndermek istiyoruz.100e bölünmesi demek ,'den sonraki 2 sayının silinmesi demek örneğin sonuç 255 yani 25.5 derece eğer ,'den sorna 2 hanenin gözükmesini istersek 10 diyeceğiz yani sonu. 25.57
      |                       ~^   ~~~~~~~~~~~
      |                        |   |
      |                        int int32_t {aka long int}
      |                       %ld
../Core/Src/main.c:232:24: warning: format '%d' expects argument of type 'int', but argument 3 has type 'int32_t' {aka 'long int'} [-Wformat=]
  232 |     sprintf(buffer2, "%d", humidity);
      |                       ~^   ~~~~~~~~
      |                        |   |
      |                        int int32_t {aka long int}
      |                       %ld
../Core/Src/main.c:314:18: warning: pointer targets in passing argument 1 of 'bSendMessage' differ in signedness [-Wpointer-sign]
  314 |     bSendMessage(buffer, strlen(buffer));
      |                  ^~~~~~
      |                  |
      |                  char *
In file included from ../Core/Src/main.c:25:
../Core/Inc/RFM300_Driver.h:396:24: note: expected 'byte *' {aka 'unsigned char *'} but argument is of type 'char *'
  396 | byte bSendMessage(byte msg[], byte length);
      |                   ~~~~~^~~~~
../Core/Src/main.c:361:2: warning: implicit declaration of function 'GPIO_ALL_DisEnable' [-Wimplicit-function-declaration]
  361 |  GPIO_ALL_DisEnable(); //Güç harcamaması için bütün çevre birimlerini kapatıyoruz
      |  ^~~~~~~~~~~~~~~~~~
../Core/Src/main.c: At top level:
../Core/Src/main.c:646:6: warning: conflicting types for 'GPIO_ALL_DisEnable'
  646 | void GPIO_ALL_DisEnable(void) {
      |      ^~~~~~~~~~~~~~~~~~
../Core/Src/main.c:361:2: note: previous implicit declaration of 'GPIO_ALL_DisEnable' was here
  361 |  GPIO_ALL_DisEnable(); //Güç harcamaması için bütün çevre birimlerini kapatıyoruz
      |  ^~~~~~~~~~~~~~~~~~
../Core/Src/main.c: In function 'main':
../Core/Src/main.c:208:6: warning: 'strncat' specified bound 1 equals source length [-Wstringop-overflow=]
  208 |      strncat(buffer, "0", 1);
      |      ^~~~~~~~~~~~~~~~~~~~~~~
../Core/Src/main.c:282:6: warning: 'strncat' specified bound 1 equals source length [-Wstringop-overflow=]
  282 |      strncat(buffer, "-", 1); //+ - durumu
      |      ^~~~~~~~~~~~~~~~~~~~~~~
../Core/Src/main.c:286:6: warning: 'strncat' specified bound 1 equals source length [-Wstringop-overflow=]
  286 |      strncat(buffer, "+", 1);
      |      ^~~~~~~~~~~~~~~~~~~~~~~
../Core/Src/main.c:293:5: warning: 'strncat' specified bound 12 equals source length [-Wstringop-overflow=]
  293 |     strncat(buffer, "A0000000006B", 12); //seri numarası 10 haneli A ve B arasında
      |     ^~~~~~~~~~~~~~~~~~~~~~~~~~~~~~~~~~~
arm-none-eabi-gcc -o "VERICI-DEVRE.elf" @"objects.list"   -mcpu=cortex-m0plus -T"C:\Users\Enelsis\Desktop\enelsis\kendi github\kendi-kodlarim\Embedded systems\VERICI-DEVRE3\STM32L010C6TX_FLASH.ld" --specs=nosys.specs -Wl,-Map="VERICI-DEVRE.map" -Wl,--gc-sections -static --specs=nano.specs -mfloat-abi=soft -mthumb -Wl,--start-group -lc -lm -Wl,--end-group
Finished building target: VERICI-DEVRE.elf
 
arm-none-eabi-size   VERICI-DEVRE.elf 
arm-none-eabi-objdump -h -S  VERICI-DEVRE.elf  > "VERICI-DEVRE.list"
   text	   data	    bss	    dec	    hex	filename
  29508	    508	   2276	  32292	   7e24	VERICI-DEVRE.elf
arm-none-eabi-objcopy  -O binary  VERICI-DEVRE.elf  "VERICI-DEVRE.bin"
Finished building: default.size.stdout
 
Finished building: VERICI-DEVRE.bin
 
Finished building: VERICI-DEVRE.list
 
09:15:19 **** Incremental Build of configuration Debug for project VERICI-DEVRE ****
make -j4 all 
arm-none-eabi-size   VERICI-DEVRE.elf 
   text	   data	    bss	    dec	    hex	filename
  29508	    508	   2276	  32292	   7e24	VERICI-DEVRE.elf
Finished building: default.size.stdout
 
09:16:42 **** Incremental Build of configuration Debug for project VERICI-DEVRE ****
make -j4 all 
arm-none-eabi-gcc "../Core/Src/main.c" -mcpu=cortex-m0plus -std=gnu11 -g3 -DDEBUG -DUSE_HAL_DRIVER -DSTM32L010x6 -c -I../Core/Inc -I../Drivers/STM32L0xx_HAL_Driver/Inc -I../Drivers/STM32L0xx_HAL_Driver/Inc/Legacy -I../Drivers/CMSIS/Device/ST/STM32L0xx/Include -I../Drivers/CMSIS/Include -O0 -ffunction-sections -fdata-sections -Wall -fstack-usage -MMD -MP -MF"Core/Src/main.d" -MT"Core/Src/main.o" --specs=nano.specs -mfloat-abi=soft -mthumb -o "Core/Src/main.o"
../Core/Src/main.c: In function 'main':
../Core/Src/main.c:205:24: warning: format '%d' expects argument of type 'int', but argument 3 has type 'int32_t' {aka 'long int'} [-Wformat=]
  205 |      sprintf(buffer, "%d", temperature);
      |                       ~^   ~~~~~~~~~~~
      |                        |   |
      |                        int int32_t {aka long int}
      |                       %ld
../Core/Src/main.c:212:24: warning: format '%d' expects argument of type 'int', but argument 3 has type 'int32_t' {aka 'long int'} [-Wformat=]
  212 |      sprintf(buffer, "%d", temperature);
      |                       ~^   ~~~~~~~~~~~
      |                        |   |
      |                        int int32_t {aka long int}
      |                       %ld
../Core/Src/main.c:218:23: warning: multi-character character constant [-Wmultichar]
  218 |      sprintf(buffer4, '%d', a);
      |                       ^~~~
../Core/Src/main.c:218:23: warning: passing argument 2 of 'sprintf' makes pointer from integer without a cast [-Wint-conversion]
In file included from ../Core/Src/main.c:28:
c:\st\stm32cubeide_1.7.0\stm32cubeide\plugins\com.st.stm32cube.ide.mcu.externaltools.gnu-tools-for-stm32.9-2020-q2-update.win32_2.0.0.202105311346\tools\arm-none-eabi\include\stdio.h:244:32: note: expected 'const char * restrict' but argument is of type 'int'
  244 | int sprintf (char *__restrict, const char *__restrict, ...)
      |                                ^
../Core/Src/main.c:223:24: warning: format '%d' expects argument of type 'int', but argument 3 has type 'int32_t' {aka 'long int'} [-Wformat=]
  223 |      sprintf(buffer, "%d", temperature);
      |                       ~^   ~~~~~~~~~~~
      |                        |   |
      |                        int int32_t {aka long int}
      |                       %ld
../Core/Src/main.c:226:24: warning: format '%d' expects argument of type 'int', but argument 3 has type 'int32_t' {aka 'long int'} [-Wformat=]
  226 |      sprintf(buffer, "%d", temperature); //Temperature/100 demedik çünkü ilk 4 bitini de alıcıya göndermek istiyoruz.100e bölünmesi demek ,'den sonraki 2 sayının silinmesi demek örneğin sonuç 255 yani 25.5 derece eğer ,'den sorna 2 hanenin gözükmesini istersek 10 diyeceğiz yani sonu. 25.57
      |                       ~^   ~~~~~~~~~~~
      |                        |   |
      |                        int int32_t {aka long int}
      |                       %ld
../Core/Src/main.c:233:24: warning: format '%d' expects argument of type 'int', but argument 3 has type 'int32_t' {aka 'long int'} [-Wformat=]
  233 |     sprintf(buffer2, "%d", humidity);
      |                       ~^   ~~~~~~~~
      |                        |   |
      |                        int int32_t {aka long int}
      |                       %ld
../Core/Src/main.c:315:18: warning: pointer targets in passing argument 1 of 'bSendMessage' differ in signedness [-Wpointer-sign]
  315 |     bSendMessage(buffer, strlen(buffer));
      |                  ^~~~~~
      |                  |
      |                  char *
In file included from ../Core/Src/main.c:25:
../Core/Inc/RFM300_Driver.h:396:24: note: expected 'byte *' {aka 'unsigned char *'} but argument is of type 'char *'
  396 | byte bSendMessage(byte msg[], byte length);
      |                   ~~~~~^~~~~
../Core/Src/main.c:362:2: warning: implicit declaration of function 'GPIO_ALL_DisEnable' [-Wimplicit-function-declaration]
  362 |  GPIO_ALL_DisEnable(); //Güç harcamaması için bütün çevre birimlerini kapatıyoruz
      |  ^~~~~~~~~~~~~~~~~~
../Core/Src/main.c: At top level:
../Core/Src/main.c:647:6: warning: conflicting types for 'GPIO_ALL_DisEnable'
  647 | void GPIO_ALL_DisEnable(void) {
      |      ^~~~~~~~~~~~~~~~~~
../Core/Src/main.c:362:2: note: previous implicit declaration of 'GPIO_ALL_DisEnable' was here
  362 |  GPIO_ALL_DisEnable(); //Güç harcamaması için bütün çevre birimlerini kapatıyoruz
      |  ^~~~~~~~~~~~~~~~~~
../Core/Src/main.c: In function 'main':
../Core/Src/main.c:209:6: warning: 'strncat' specified bound 1 equals source length [-Wstringop-overflow=]
  209 |      strncat(buffer, "0", 1);
      |      ^~~~~~~~~~~~~~~~~~~~~~~
../Core/Src/main.c:283:6: warning: 'strncat' specified bound 1 equals source length [-Wstringop-overflow=]
  283 |      strncat(buffer, "-", 1); //+ - durumu
      |      ^~~~~~~~~~~~~~~~~~~~~~~
../Core/Src/main.c:287:6: warning: 'strncat' specified bound 1 equals source length [-Wstringop-overflow=]
  287 |      strncat(buffer, "+", 1);
      |      ^~~~~~~~~~~~~~~~~~~~~~~
../Core/Src/main.c:294:5: warning: 'strncat' specified bound 12 equals source length [-Wstringop-overflow=]
  294 |     strncat(buffer, "A0000000006B", 12); //seri numarası 10 haneli A ve B arasında
      |     ^~~~~~~~~~~~~~~~~~~~~~~~~~~~~~~~~~~
arm-none-eabi-gcc -o "VERICI-DEVRE.elf" @"objects.list"   -mcpu=cortex-m0plus -T"C:\Users\Enelsis\Desktop\enelsis\kendi github\kendi-kodlarim\Embedded systems\VERICI-DEVRE3\STM32L010C6TX_FLASH.ld" --specs=nosys.specs -Wl,-Map="VERICI-DEVRE.map" -Wl,--gc-sections -static --specs=nano.specs -mfloat-abi=soft -mthumb -Wl,--start-group -lc -lm -Wl,--end-group
Finished building target: VERICI-DEVRE.elf
 
arm-none-eabi-size   VERICI-DEVRE.elf 
arm-none-eabi-objdump -h -S  VERICI-DEVRE.elf  > "VERICI-DEVRE.list"
arm-none-eabi-objcopy  -O binary  VERICI-DEVRE.elf  "VERICI-DEVRE.bin"
   text	   data	    bss	    dec	    hex	filename
  29544	    508	   2276	  32328	   7e48	VERICI-DEVRE.elf
Finished building: default.size.stdout
 
Finished building: VERICI-DEVRE.bin
 
Finished building: VERICI-DEVRE.list
 
09:16:51 **** Incremental Build of configuration Debug for project VERICI-DEVRE ****
make -j4 all 
arm-none-eabi-size   VERICI-DEVRE.elf 
   text	   data	    bss	    dec	    hex	filename
  29544	    508	   2276	  32328	   7e48	VERICI-DEVRE.elf
Finished building: default.size.stdout
 
09:17:02 **** Incremental Build of configuration Debug for project VERICI-DEVRE ****
make -j4 all 
arm-none-eabi-size   VERICI-DEVRE.elf 
   text	   data	    bss	    dec	    hex	filename
  29544	    508	   2276	  32328	   7e48	VERICI-DEVRE.elf
Finished building: default.size.stdout
 
09:17:41 **** Incremental Build of configuration Debug for project VERICI-DEVRE ****
make -j4 all 
arm-none-eabi-gcc "../Core/Src/main.c" -mcpu=cortex-m0plus -std=gnu11 -g3 -DDEBUG -DUSE_HAL_DRIVER -DSTM32L010x6 -c -I../Core/Inc -I../Drivers/STM32L0xx_HAL_Driver/Inc -I../Drivers/STM32L0xx_HAL_Driver/Inc/Legacy -I../Drivers/CMSIS/Device/ST/STM32L0xx/Include -I../Drivers/CMSIS/Include -O0 -ffunction-sections -fdata-sections -Wall -fstack-usage -MMD -MP -MF"Core/Src/main.d" -MT"Core/Src/main.o" --specs=nano.specs -mfloat-abi=soft -mthumb -o "Core/Src/main.o"
../Core/Src/main.c: In function 'main':
../Core/Src/main.c:205:24: warning: format '%d' expects argument of type 'int', but argument 3 has type 'int32_t' {aka 'long int'} [-Wformat=]
  205 |      sprintf(buffer, "%d", temperature);
      |                       ~^   ~~~~~~~~~~~
      |                        |   |
      |                        int int32_t {aka long int}
      |                       %ld
../Core/Src/main.c:212:24: warning: format '%d' expects argument of type 'int', but argument 3 has type 'int32_t' {aka 'long int'} [-Wformat=]
  212 |      sprintf(buffer, "%d", temperature);
      |                       ~^   ~~~~~~~~~~~
      |                        |   |
      |                        int int32_t {aka long int}
      |                       %ld
../Core/Src/main.c:218:23: warning: multi-character character constant [-Wmultichar]
  218 |      sprintf(buffer4, '%d', a);
      |                       ^~~~
../Core/Src/main.c:218:23: warning: passing argument 2 of 'sprintf' makes pointer from integer without a cast [-Wint-conversion]
In file included from ../Core/Src/main.c:28:
c:\st\stm32cubeide_1.7.0\stm32cubeide\plugins\com.st.stm32cube.ide.mcu.externaltools.gnu-tools-for-stm32.9-2020-q2-update.win32_2.0.0.202105311346\tools\arm-none-eabi\include\stdio.h:244:32: note: expected 'const char * restrict' but argument is of type 'int'
  244 | int sprintf (char *__restrict, const char *__restrict, ...)
      |                                ^
../Core/Src/main.c:220:35: warning: pointer targets in passing argument 2 of 'HAL_UART_Transmit' differ in signedness [-Wpointer-sign]
  220 |      HAL_UART_Transmit(&hlpuart1, buffer4, 10, 1000);
      |                                   ^~~~~~~
      |                                   |
      |                                   char *
In file included from ../Core/Inc/stm32l0xx_hal_conf.h:280,
                 from ../Drivers/STM32L0xx_HAL_Driver/Inc/stm32l0xx_hal.h:30,
                 from ../Core/Inc/main.h:31,
                 from ../Core/Src/main.c:21:
../Drivers/STM32L0xx_HAL_Driver/Inc/stm32l0xx_hal_uart.h:1488:73: note: expected 'uint8_t *' {aka 'unsigned char *'} but argument is of type 'char *'
 1488 | HAL_StatusTypeDef HAL_UART_Transmit(UART_HandleTypeDef *huart, uint8_t *pData, uint16_t Size, uint32_t Timeout);
      |                                                                ~~~~~~~~~^~~~~
../Core/Src/main.c:223:24: warning: format '%d' expects argument of type 'int', but argument 3 has type 'int32_t' {aka 'long int'} [-Wformat=]
  223 |      sprintf(buffer, "%d", temperature);
      |                       ~^   ~~~~~~~~~~~
      |                        |   |
      |                        int int32_t {aka long int}
      |                       %ld
../Core/Src/main.c:226:24: warning: format '%d' expects argument of type 'int', but argument 3 has type 'int32_t' {aka 'long int'} [-Wformat=]
  226 |      sprintf(buffer, "%d", temperature); //Temperature/100 demedik çünkü ilk 4 bitini de alıcıya göndermek istiyoruz.100e bölünmesi demek ,'den sonraki 2 sayının silinmesi demek örneğin sonuç 255 yani 25.5 derece eğer ,'den sorna 2 hanenin gözükmesini istersek 10 diyeceğiz yani sonu. 25.57
      |                       ~^   ~~~~~~~~~~~
      |                        |   |
      |                        int int32_t {aka long int}
      |                       %ld
../Core/Src/main.c:233:24: warning: format '%d' expects argument of type 'int', but argument 3 has type 'int32_t' {aka 'long int'} [-Wformat=]
  233 |     sprintf(buffer2, "%d", humidity);
      |                       ~^   ~~~~~~~~
      |                        |   |
      |                        int int32_t {aka long int}
      |                       %ld
../Core/Src/main.c:315:18: warning: pointer targets in passing argument 1 of 'bSendMessage' differ in signedness [-Wpointer-sign]
  315 |     bSendMessage(buffer, strlen(buffer));
      |                  ^~~~~~
      |                  |
      |                  char *
In file included from ../Core/Src/main.c:25:
../Core/Inc/RFM300_Driver.h:396:24: note: expected 'byte *' {aka 'unsigned char *'} but argument is of type 'char *'
  396 | byte bSendMessage(byte msg[], byte length);
      |                   ~~~~~^~~~~
../Core/Src/main.c:362:2: warning: implicit declaration of function 'GPIO_ALL_DisEnable' [-Wimplicit-function-declaration]
  362 |  GPIO_ALL_DisEnable(); //Güç harcamaması için bütün çevre birimlerini kapatıyoruz
      |  ^~~~~~~~~~~~~~~~~~
../Core/Src/main.c: At top level:
../Core/Src/main.c:647:6: warning: conflicting types for 'GPIO_ALL_DisEnable'
  647 | void GPIO_ALL_DisEnable(void) {
      |      ^~~~~~~~~~~~~~~~~~
../Core/Src/main.c:362:2: note: previous implicit declaration of 'GPIO_ALL_DisEnable' was here
  362 |  GPIO_ALL_DisEnable(); //Güç harcamaması için bütün çevre birimlerini kapatıyoruz
      |  ^~~~~~~~~~~~~~~~~~
../Core/Src/main.c: In function 'main':
../Core/Src/main.c:209:6: warning: 'strncat' specified bound 1 equals source length [-Wstringop-overflow=]
  209 |      strncat(buffer, "0", 1);
      |      ^~~~~~~~~~~~~~~~~~~~~~~
../Core/Src/main.c:283:6: warning: 'strncat' specified bound 1 equals source length [-Wstringop-overflow=]
  283 |      strncat(buffer, "-", 1); //+ - durumu
      |      ^~~~~~~~~~~~~~~~~~~~~~~
../Core/Src/main.c:287:6: warning: 'strncat' specified bound 1 equals source length [-Wstringop-overflow=]
  287 |      strncat(buffer, "+", 1);
      |      ^~~~~~~~~~~~~~~~~~~~~~~
../Core/Src/main.c:294:5: warning: 'strncat' specified bound 12 equals source length [-Wstringop-overflow=]
  294 |     strncat(buffer, "A0000000006B", 12); //seri numarası 10 haneli A ve B arasında
      |     ^~~~~~~~~~~~~~~~~~~~~~~~~~~~~~~~~~~
arm-none-eabi-gcc -o "VERICI-DEVRE.elf" @"objects.list"   -mcpu=cortex-m0plus -T"C:\Users\Enelsis\Desktop\enelsis\kendi github\kendi-kodlarim\Embedded systems\VERICI-DEVRE3\STM32L010C6TX_FLASH.ld" --specs=nosys.specs -Wl,-Map="VERICI-DEVRE.map" -Wl,--gc-sections -static --specs=nano.specs -mfloat-abi=soft -mthumb -Wl,--start-group -lc -lm -Wl,--end-group
Finished building target: VERICI-DEVRE.elf
 
arm-none-eabi-size   VERICI-DEVRE.elf 
arm-none-eabi-objdump -h -S  VERICI-DEVRE.elf  > "VERICI-DEVRE.list"
arm-none-eabi-objcopy  -O binary  VERICI-DEVRE.elf  "VERICI-DEVRE.bin"
   text	   data	    bss	    dec	    hex	filename
  29544	    508	   2276	  32328	   7e48	VERICI-DEVRE.elf
Finished building: default.size.stdout
 
Finished building: VERICI-DEVRE.bin
 
Finished building: VERICI-DEVRE.list
 
09:19:01 **** Incremental Build of configuration Debug for project VERICI-DEVRE ****
make -j4 all 
arm-none-eabi-size   VERICI-DEVRE.elf 
   text	   data	    bss	    dec	    hex	filename
  29544	    508	   2276	  32328	   7e48	VERICI-DEVRE.elf
Finished building: default.size.stdout
 
09:21:54 **** Incremental Build of configuration Debug for project VERICI-DEVRE ****
make -j4 all 
arm-none-eabi-gcc "../Core/Src/main.c" -mcpu=cortex-m0plus -std=gnu11 -g3 -DDEBUG -DUSE_HAL_DRIVER -DSTM32L010x6 -c -I../Core/Inc -I../Drivers/STM32L0xx_HAL_Driver/Inc -I../Drivers/STM32L0xx_HAL_Driver/Inc/Legacy -I../Drivers/CMSIS/Device/ST/STM32L0xx/Include -I../Drivers/CMSIS/Include -O0 -ffunction-sections -fdata-sections -Wall -fstack-usage -MMD -MP -MF"Core/Src/main.d" -MT"Core/Src/main.o" --specs=nano.specs -mfloat-abi=soft -mthumb -o "Core/Src/main.o"
../Core/Src/main.c: In function 'main':
../Core/Src/main.c:205:24: warning: format '%d' expects argument of type 'int', but argument 3 has type 'int32_t' {aka 'long int'} [-Wformat=]
  205 |      sprintf(buffer, "%d", temperature);
      |                       ~^   ~~~~~~~~~~~
      |                        |   |
      |                        int int32_t {aka long int}
      |                       %ld
../Core/Src/main.c:212:24: warning: format '%d' expects argument of type 'int', but argument 3 has type 'int32_t' {aka 'long int'} [-Wformat=]
  212 |      sprintf(buffer, "%d", temperature);
      |                       ~^   ~~~~~~~~~~~
      |                        |   |
      |                        int int32_t {aka long int}
      |                       %ld
../Core/Src/main.c:218:23: warning: multi-character character constant [-Wmultichar]
  218 |      sprintf(buffer4, '%d', a);
      |                       ^~~~
../Core/Src/main.c:218:23: warning: passing argument 2 of 'sprintf' makes pointer from integer without a cast [-Wint-conversion]
In file included from ../Core/Src/main.c:28:
c:\st\stm32cubeide_1.7.0\stm32cubeide\plugins\com.st.stm32cube.ide.mcu.externaltools.gnu-tools-for-stm32.9-2020-q2-update.win32_2.0.0.202105311346\tools\arm-none-eabi\include\stdio.h:244:32: note: expected 'const char * restrict' but argument is of type 'int'
  244 | int sprintf (char *__restrict, const char *__restrict, ...)
      |                                ^
../Core/Src/main.c:220:35: warning: pointer targets in passing argument 2 of 'HAL_UART_Transmit' differ in signedness [-Wpointer-sign]
  220 |      HAL_UART_Transmit(&hlpuart1, buffer4, 10, 1000);
      |                                   ^~~~~~~
      |                                   |
      |                                   char *
In file included from ../Core/Inc/stm32l0xx_hal_conf.h:280,
                 from ../Drivers/STM32L0xx_HAL_Driver/Inc/stm32l0xx_hal.h:30,
                 from ../Core/Inc/main.h:31,
                 from ../Core/Src/main.c:21:
../Drivers/STM32L0xx_HAL_Driver/Inc/stm32l0xx_hal_uart.h:1488:73: note: expected 'uint8_t *' {aka 'unsigned char *'} but argument is of type 'char *'
 1488 | HAL_StatusTypeDef HAL_UART_Transmit(UART_HandleTypeDef *huart, uint8_t *pData, uint16_t Size, uint32_t Timeout);
      |                                                                ~~~~~~~~~^~~~~
../Core/Src/main.c:223:24: warning: format '%d' expects argument of type 'int', but argument 3 has type 'int32_t' {aka 'long int'} [-Wformat=]
  223 |      sprintf(buffer, "%d", temperature);
      |                       ~^   ~~~~~~~~~~~
      |                        |   |
      |                        int int32_t {aka long int}
      |                       %ld
../Core/Src/main.c:226:24: warning: format '%d' expects argument of type 'int', but argument 3 has type 'int32_t' {aka 'long int'} [-Wformat=]
  226 |      sprintf(buffer, "%d", temperature); //Temperature/100 demedik çünkü ilk 4 bitini de alıcıya göndermek istiyoruz.100e bölünmesi demek ,'den sonraki 2 sayının silinmesi demek örneğin sonuç 255 yani 25.5 derece eğer ,'den sorna 2 hanenin gözükmesini istersek 10 diyeceğiz yani sonu. 25.57
      |                       ~^   ~~~~~~~~~~~
      |                        |   |
      |                        int int32_t {aka long int}
      |                       %ld
../Core/Src/main.c:233:24: warning: format '%d' expects argument of type 'int', but argument 3 has type 'int32_t' {aka 'long int'} [-Wformat=]
  233 |     sprintf(buffer2, "%d", humidity);
      |                       ~^   ~~~~~~~~
      |                        |   |
      |                        int int32_t {aka long int}
      |                       %ld
../Core/Src/main.c:315:18: warning: pointer targets in passing argument 1 of 'bSendMessage' differ in signedness [-Wpointer-sign]
  315 |     bSendMessage(buffer, strlen(buffer));
      |                  ^~~~~~
      |                  |
      |                  char *
In file included from ../Core/Src/main.c:25:
../Core/Inc/RFM300_Driver.h:396:24: note: expected 'byte *' {aka 'unsigned char *'} but argument is of type 'char *'
  396 | byte bSendMessage(byte msg[], byte length);
      |                   ~~~~~^~~~~
../Core/Src/main.c:363:2: warning: implicit declaration of function 'GPIO_ALL_DisEnable' [-Wimplicit-function-declaration]
  363 |  GPIO_ALL_DisEnable(); //Güç harcamaması için bütün çevre birimlerini kapatıyoruz
      |  ^~~~~~~~~~~~~~~~~~
../Core/Src/main.c: At top level:
../Core/Src/main.c:648:6: warning: conflicting types for 'GPIO_ALL_DisEnable'
  648 | void GPIO_ALL_DisEnable(void) {
      |      ^~~~~~~~~~~~~~~~~~
../Core/Src/main.c:363:2: note: previous implicit declaration of 'GPIO_ALL_DisEnable' was here
  363 |  GPIO_ALL_DisEnable(); //Güç harcamaması için bütün çevre birimlerini kapatıyoruz
      |  ^~~~~~~~~~~~~~~~~~
../Core/Src/main.c: In function 'main':
../Core/Src/main.c:209:6: warning: 'strncat' specified bound 1 equals source length [-Wstringop-overflow=]
  209 |      strncat(buffer, "0", 1);
      |      ^~~~~~~~~~~~~~~~~~~~~~~
../Core/Src/main.c:283:6: warning: 'strncat' specified bound 1 equals source length [-Wstringop-overflow=]
  283 |      strncat(buffer, "-", 1); //+ - durumu
      |      ^~~~~~~~~~~~~~~~~~~~~~~
../Core/Src/main.c:287:6: warning: 'strncat' specified bound 1 equals source length [-Wstringop-overflow=]
  287 |      strncat(buffer, "+", 1);
      |      ^~~~~~~~~~~~~~~~~~~~~~~
../Core/Src/main.c:294:5: warning: 'strncat' specified bound 12 equals source length [-Wstringop-overflow=]
  294 |     strncat(buffer, "A0000000006B", 12); //seri numarası 10 haneli A ve B arasında
      |     ^~~~~~~~~~~~~~~~~~~~~~~~~~~~~~~~~~~
arm-none-eabi-gcc -o "VERICI-DEVRE.elf" @"objects.list"   -mcpu=cortex-m0plus -T"C:\Users\Enelsis\Desktop\enelsis\kendi github\kendi-kodlarim\Embedded systems\VERICI-DEVRE3\STM32L010C6TX_FLASH.ld" --specs=nosys.specs -Wl,-Map="VERICI-DEVRE.map" -Wl,--gc-sections -static --specs=nano.specs -mfloat-abi=soft -mthumb -Wl,--start-group -lc -lm -Wl,--end-group
Finished building target: VERICI-DEVRE.elf
 
arm-none-eabi-size   VERICI-DEVRE.elf 
arm-none-eabi-objdump -h -S  VERICI-DEVRE.elf  > "VERICI-DEVRE.list"
arm-none-eabi-objcopy  -O binary  VERICI-DEVRE.elf  "VERICI-DEVRE.bin"
   text	   data	    bss	    dec	    hex	filename
  29544	    508	   2276	  32328	   7e48	VERICI-DEVRE.elf
Finished building: default.size.stdout
 
Finished building: VERICI-DEVRE.bin
 
Finished building: VERICI-DEVRE.list
 
09:22:05 **** Incremental Build of configuration Debug for project VERICI-DEVRE ****
make -j4 all 
arm-none-eabi-size   VERICI-DEVRE.elf 
   text	   data	    bss	    dec	    hex	filename
  29544	    508	   2276	  32328	   7e48	VERICI-DEVRE.elf
Finished building: default.size.stdout
 
09:24:42 **** Incremental Build of configuration Debug for project VERICI-DEVRE ****
make -j4 all 
arm-none-eabi-gcc "../Core/Src/main.c" -mcpu=cortex-m0plus -std=gnu11 -g3 -DDEBUG -DUSE_HAL_DRIVER -DSTM32L010x6 -c -I../Core/Inc -I../Drivers/STM32L0xx_HAL_Driver/Inc -I../Drivers/STM32L0xx_HAL_Driver/Inc/Legacy -I../Drivers/CMSIS/Device/ST/STM32L0xx/Include -I../Drivers/CMSIS/Include -O0 -ffunction-sections -fdata-sections -Wall -fstack-usage -MMD -MP -MF"Core/Src/main.d" -MT"Core/Src/main.o" --specs=nano.specs -mfloat-abi=soft -mthumb -o "Core/Src/main.o"
../Core/Src/main.c: In function 'main':
../Core/Src/main.c:205:24: warning: format '%d' expects argument of type 'int', but argument 3 has type 'int32_t' {aka 'long int'} [-Wformat=]
  205 |      sprintf(buffer, "%d", temperature);
      |                       ~^   ~~~~~~~~~~~
      |                        |   |
      |                        int int32_t {aka long int}
      |                       %ld
../Core/Src/main.c:212:24: warning: format '%d' expects argument of type 'int', but argument 3 has type 'int32_t' {aka 'long int'} [-Wformat=]
  212 |      sprintf(buffer, "%d", temperature);
      |                       ~^   ~~~~~~~~~~~
      |                        |   |
      |                        int int32_t {aka long int}
      |                       %ld
../Core/Src/main.c:218:23: warning: multi-character character constant [-Wmultichar]
  218 |      sprintf(buffer4, '%d', a);
      |                       ^~~~
../Core/Src/main.c:218:23: warning: passing argument 2 of 'sprintf' makes pointer from integer without a cast [-Wint-conversion]
In file included from ../Core/Src/main.c:28:
c:\st\stm32cubeide_1.7.0\stm32cubeide\plugins\com.st.stm32cube.ide.mcu.externaltools.gnu-tools-for-stm32.9-2020-q2-update.win32_2.0.0.202105311346\tools\arm-none-eabi\include\stdio.h:244:32: note: expected 'const char * restrict' but argument is of type 'int'
  244 | int sprintf (char *__restrict, const char *__restrict, ...)
      |                                ^
../Core/Src/main.c:220:35: warning: pointer targets in passing argument 2 of 'HAL_UART_Transmit' differ in signedness [-Wpointer-sign]
  220 |      HAL_UART_Transmit(&hlpuart1, buffer4, 10, 1000);
      |                                   ^~~~~~~
      |                                   |
      |                                   char *
In file included from ../Core/Inc/stm32l0xx_hal_conf.h:280,
                 from ../Drivers/STM32L0xx_HAL_Driver/Inc/stm32l0xx_hal.h:30,
                 from ../Core/Inc/main.h:31,
                 from ../Core/Src/main.c:21:
../Drivers/STM32L0xx_HAL_Driver/Inc/stm32l0xx_hal_uart.h:1488:73: note: expected 'uint8_t *' {aka 'unsigned char *'} but argument is of type 'char *'
 1488 | HAL_StatusTypeDef HAL_UART_Transmit(UART_HandleTypeDef *huart, uint8_t *pData, uint16_t Size, uint32_t Timeout);
      |                                                                ~~~~~~~~~^~~~~
../Core/Src/main.c:223:24: warning: format '%d' expects argument of type 'int', but argument 3 has type 'int32_t' {aka 'long int'} [-Wformat=]
  223 |      sprintf(buffer, "%d", temperature);
      |                       ~^   ~~~~~~~~~~~
      |                        |   |
      |                        int int32_t {aka long int}
      |                       %ld
../Core/Src/main.c:226:24: warning: format '%d' expects argument of type 'int', but argument 3 has type 'int32_t' {aka 'long int'} [-Wformat=]
  226 |      sprintf(buffer, "%d", temperature); //Temperature/100 demedik çünkü ilk 4 bitini de alıcıya göndermek istiyoruz.100e bölünmesi demek ,'den sonraki 2 sayının silinmesi demek örneğin sonuç 255 yani 25.5 derece eğer ,'den sorna 2 hanenin gözükmesini istersek 10 diyeceğiz yani sonu. 25.57
      |                       ~^   ~~~~~~~~~~~
      |                        |   |
      |                        int int32_t {aka long int}
      |                       %ld
../Core/Src/main.c:233:24: warning: format '%d' expects argument of type 'int', but argument 3 has type 'int32_t' {aka 'long int'} [-Wformat=]
  233 |     sprintf(buffer2, "%d", humidity);
      |                       ~^   ~~~~~~~~
      |                        |   |
      |                        int int32_t {aka long int}
      |                       %ld
../Core/Src/main.c:315:18: warning: pointer targets in passing argument 1 of 'bSendMessage' differ in signedness [-Wpointer-sign]
  315 |     bSendMessage(buffer, strlen(buffer));
      |                  ^~~~~~
      |                  |
      |                  char *
In file included from ../Core/Src/main.c:25:
../Core/Inc/RFM300_Driver.h:396:24: note: expected 'byte *' {aka 'unsigned char *'} but argument is of type 'char *'
  396 | byte bSendMessage(byte msg[], byte length);
      |                   ~~~~~^~~~~
../Core/Src/main.c:363:2: warning: implicit declaration of function 'GPIO_ALL_DisEnable' [-Wimplicit-function-declaration]
  363 |  GPIO_ALL_DisEnable(); //Güç harcamaması için bütün çevre birimlerini kapatıyoruz
      |  ^~~~~~~~~~~~~~~~~~
../Core/Src/main.c: At top level:
../Core/Src/main.c:648:6: warning: conflicting types for 'GPIO_ALL_DisEnable'
  648 | void GPIO_ALL_DisEnable(void) {
      |      ^~~~~~~~~~~~~~~~~~
../Core/Src/main.c:363:2: note: previous implicit declaration of 'GPIO_ALL_DisEnable' was here
  363 |  GPIO_ALL_DisEnable(); //Güç harcamaması için bütün çevre birimlerini kapatıyoruz
      |  ^~~~~~~~~~~~~~~~~~
../Core/Src/main.c: In function 'main':
../Core/Src/main.c:209:6: warning: 'strncat' specified bound 1 equals source length [-Wstringop-overflow=]
  209 |      strncat(buffer, "0", 1);
      |      ^~~~~~~~~~~~~~~~~~~~~~~
../Core/Src/main.c:283:6: warning: 'strncat' specified bound 1 equals source length [-Wstringop-overflow=]
  283 |      strncat(buffer, "-", 1); //+ - durumu
      |      ^~~~~~~~~~~~~~~~~~~~~~~
../Core/Src/main.c:287:6: warning: 'strncat' specified bound 1 equals source length [-Wstringop-overflow=]
  287 |      strncat(buffer, "+", 1);
      |      ^~~~~~~~~~~~~~~~~~~~~~~
../Core/Src/main.c:294:5: warning: 'strncat' specified bound 12 equals source length [-Wstringop-overflow=]
  294 |     strncat(buffer, "A0000000006B", 12); //seri numarası 10 haneli A ve B arasında
      |     ^~~~~~~~~~~~~~~~~~~~~~~~~~~~~~~~~~~
arm-none-eabi-gcc -o "VERICI-DEVRE.elf" @"objects.list"   -mcpu=cortex-m0plus -T"C:\Users\Enelsis\Desktop\enelsis\kendi github\kendi-kodlarim\Embedded systems\VERICI-DEVRE3\STM32L010C6TX_FLASH.ld" --specs=nosys.specs -Wl,-Map="VERICI-DEVRE.map" -Wl,--gc-sections -static --specs=nano.specs -mfloat-abi=soft -mthumb -Wl,--start-group -lc -lm -Wl,--end-group
Finished building target: VERICI-DEVRE.elf
 
arm-none-eabi-size   VERICI-DEVRE.elf 
arm-none-eabi-objdump -h -S  VERICI-DEVRE.elf  > "VERICI-DEVRE.list"
arm-none-eabi-objcopy  -O binary  VERICI-DEVRE.elf  "VERICI-DEVRE.bin"
   text	   data	    bss	    dec	    hex	filename
  29544	    508	   2276	  32328	   7e48	VERICI-DEVRE.elf
Finished building: default.size.stdout
 
Finished building: VERICI-DEVRE.bin
 
Finished building: VERICI-DEVRE.list
 
09:24:49 **** Incremental Build of configuration Debug for project VERICI-DEVRE ****
make -j4 all 
arm-none-eabi-size   VERICI-DEVRE.elf 
   text	   data	    bss	    dec	    hex	filename
  29544	    508	   2276	  32328	   7e48	VERICI-DEVRE.elf
Finished building: default.size.stdout
 
09:25:47 **** Incremental Build of configuration Debug for project VERICI-DEVRE ****
make -j4 all 
arm-none-eabi-gcc "../Core/Src/main.c" -mcpu=cortex-m0plus -std=gnu11 -g3 -DDEBUG -DUSE_HAL_DRIVER -DSTM32L010x6 -c -I../Core/Inc -I../Drivers/STM32L0xx_HAL_Driver/Inc -I../Drivers/STM32L0xx_HAL_Driver/Inc/Legacy -I../Drivers/CMSIS/Device/ST/STM32L0xx/Include -I../Drivers/CMSIS/Include -O0 -ffunction-sections -fdata-sections -Wall -fstack-usage -MMD -MP -MF"Core/Src/main.d" -MT"Core/Src/main.o" --specs=nano.specs -mfloat-abi=soft -mthumb -o "Core/Src/main.o"
../Core/Src/main.c: In function 'main':
../Core/Src/main.c:205:24: warning: format '%d' expects argument of type 'int', but argument 3 has type 'int32_t' {aka 'long int'} [-Wformat=]
  205 |      sprintf(buffer, "%d", temperature);
      |                       ~^   ~~~~~~~~~~~
      |                        |   |
      |                        int int32_t {aka long int}
      |                       %ld
../Core/Src/main.c:212:24: warning: format '%d' expects argument of type 'int', but argument 3 has type 'int32_t' {aka 'long int'} [-Wformat=]
  212 |      sprintf(buffer, "%d", temperature);
      |                       ~^   ~~~~~~~~~~~
      |                        |   |
      |                        int int32_t {aka long int}
      |                       %ld
../Core/Src/main.c:218:23: warning: multi-character character constant [-Wmultichar]
  218 |      sprintf(buffer4, '%d', a);
      |                       ^~~~
../Core/Src/main.c:218:23: warning: passing argument 2 of 'sprintf' makes pointer from integer without a cast [-Wint-conversion]
In file included from ../Core/Src/main.c:28:
c:\st\stm32cubeide_1.7.0\stm32cubeide\plugins\com.st.stm32cube.ide.mcu.externaltools.gnu-tools-for-stm32.9-2020-q2-update.win32_2.0.0.202105311346\tools\arm-none-eabi\include\stdio.h:244:32: note: expected 'const char * restrict' but argument is of type 'int'
  244 | int sprintf (char *__restrict, const char *__restrict, ...)
      |                                ^
../Core/Src/main.c:222:24: warning: format '%d' expects argument of type 'int', but argument 3 has type 'int32_t' {aka 'long int'} [-Wformat=]
  222 |      sprintf(buffer, "%d", temperature);
      |                       ~^   ~~~~~~~~~~~
      |                        |   |
      |                        int int32_t {aka long int}
      |                       %ld
../Core/Src/main.c:225:24: warning: format '%d' expects argument of type 'int', but argument 3 has type 'int32_t' {aka 'long int'} [-Wformat=]
  225 |      sprintf(buffer, "%d", temperature); //Temperature/100 demedik çünkü ilk 4 bitini de alıcıya göndermek istiyoruz.100e bölünmesi demek ,'den sonraki 2 sayının silinmesi demek örneğin sonuç 255 yani 25.5 derece eğer ,'den sorna 2 hanenin gözükmesini istersek 10 diyeceğiz yani sonu. 25.57
      |                       ~^   ~~~~~~~~~~~
      |                        |   |
      |                        int int32_t {aka long int}
      |                       %ld
../Core/Src/main.c:232:24: warning: format '%d' expects argument of type 'int', but argument 3 has type 'int32_t' {aka 'long int'} [-Wformat=]
  232 |     sprintf(buffer2, "%d", humidity);
      |                       ~^   ~~~~~~~~
      |                        |   |
      |                        int int32_t {aka long int}
      |                       %ld
../Core/Src/main.c:314:18: warning: pointer targets in passing argument 1 of 'bSendMessage' differ in signedness [-Wpointer-sign]
  314 |     bSendMessage(buffer, strlen(buffer));
      |                  ^~~~~~
      |                  |
      |                  char *
In file included from ../Core/Src/main.c:25:
../Core/Inc/RFM300_Driver.h:396:24: note: expected 'byte *' {aka 'unsigned char *'} but argument is of type 'char *'
  396 | byte bSendMessage(byte msg[], byte length);
      |                   ~~~~~^~~~~
../Core/Src/main.c:362:2: warning: implicit declaration of function 'GPIO_ALL_DisEnable' [-Wimplicit-function-declaration]
  362 |  GPIO_ALL_DisEnable(); //Güç harcamaması için bütün çevre birimlerini kapatıyoruz
      |  ^~~~~~~~~~~~~~~~~~
../Core/Src/main.c: At top level:
../Core/Src/main.c:647:6: warning: conflicting types for 'GPIO_ALL_DisEnable'
  647 | void GPIO_ALL_DisEnable(void) {
      |      ^~~~~~~~~~~~~~~~~~
../Core/Src/main.c:362:2: note: previous implicit declaration of 'GPIO_ALL_DisEnable' was here
  362 |  GPIO_ALL_DisEnable(); //Güç harcamaması için bütün çevre birimlerini kapatıyoruz
      |  ^~~~~~~~~~~~~~~~~~
../Core/Src/main.c: In function 'main':
../Core/Src/main.c:209:6: warning: 'strncat' specified bound 1 equals source length [-Wstringop-overflow=]
  209 |      strncat(buffer, "0", 1);
      |      ^~~~~~~~~~~~~~~~~~~~~~~
../Core/Src/main.c:282:6: warning: 'strncat' specified bound 1 equals source length [-Wstringop-overflow=]
  282 |      strncat(buffer, "-", 1); //+ - durumu
      |      ^~~~~~~~~~~~~~~~~~~~~~~
../Core/Src/main.c:286:6: warning: 'strncat' specified bound 1 equals source length [-Wstringop-overflow=]
  286 |      strncat(buffer, "+", 1);
      |      ^~~~~~~~~~~~~~~~~~~~~~~
../Core/Src/main.c:293:5: warning: 'strncat' specified bound 12 equals source length [-Wstringop-overflow=]
  293 |     strncat(buffer, "A0000000006B", 12); //seri numarası 10 haneli A ve B arasında
      |     ^~~~~~~~~~~~~~~~~~~~~~~~~~~~~~~~~~~
arm-none-eabi-gcc -o "VERICI-DEVRE.elf" @"objects.list"   -mcpu=cortex-m0plus -T"C:\Users\Enelsis\Desktop\enelsis\kendi github\kendi-kodlarim\Embedded systems\VERICI-DEVRE3\STM32L010C6TX_FLASH.ld" --specs=nosys.specs -Wl,-Map="VERICI-DEVRE.map" -Wl,--gc-sections -static --specs=nano.specs -mfloat-abi=soft -mthumb -Wl,--start-group -lc -lm -Wl,--end-group
Finished building target: VERICI-DEVRE.elf
 
arm-none-eabi-size   VERICI-DEVRE.elf 
arm-none-eabi-objdump -h -S  VERICI-DEVRE.elf  > "VERICI-DEVRE.list"
arm-none-eabi-objcopy  -O binary  VERICI-DEVRE.elf  "VERICI-DEVRE.bin"
   text	   data	    bss	    dec	    hex	filename
  29556	    508	   2276	  32340	   7e54	VERICI-DEVRE.elf
Finished building: default.size.stdout
 
Finished building: VERICI-DEVRE.bin
 
Finished building: VERICI-DEVRE.list
 
09:26:20 **** Incremental Build of configuration Debug for project VERICI-DEVRE ****
make -j4 all 
arm-none-eabi-gcc "../Core/Src/main.c" -mcpu=cortex-m0plus -std=gnu11 -g3 -DDEBUG -DUSE_HAL_DRIVER -DSTM32L010x6 -c -I../Core/Inc -I../Drivers/STM32L0xx_HAL_Driver/Inc -I../Drivers/STM32L0xx_HAL_Driver/Inc/Legacy -I../Drivers/CMSIS/Device/ST/STM32L0xx/Include -I../Drivers/CMSIS/Include -O0 -ffunction-sections -fdata-sections -Wall -fstack-usage -MMD -MP -MF"Core/Src/main.d" -MT"Core/Src/main.o" --specs=nano.specs -mfloat-abi=soft -mthumb -o "Core/Src/main.o"
../Core/Src/main.c: In function 'main':
../Core/Src/main.c:205:24: warning: format '%d' expects argument of type 'int', but argument 3 has type 'int32_t' {aka 'long int'} [-Wformat=]
  205 |      sprintf(buffer, "%d", temperature);
      |                       ~^   ~~~~~~~~~~~
      |                        |   |
      |                        int int32_t {aka long int}
      |                       %ld
../Core/Src/main.c:212:24: warning: format '%d' expects argument of type 'int', but argument 3 has type 'int32_t' {aka 'long int'} [-Wformat=]
  212 |      sprintf(buffer, "%d", temperature);
      |                       ~^   ~~~~~~~~~~~
      |                        |   |
      |                        int int32_t {aka long int}
      |                       %ld
../Core/Src/main.c:218:22: warning: multi-character character constant [-Wmultichar]
  218 |      sprintf(buffer, '%d', a);
      |                      ^~~~
../Core/Src/main.c:218:22: warning: passing argument 2 of 'sprintf' makes pointer from integer without a cast [-Wint-conversion]
In file included from ../Core/Src/main.c:28:
c:\st\stm32cubeide_1.7.0\stm32cubeide\plugins\com.st.stm32cube.ide.mcu.externaltools.gnu-tools-for-stm32.9-2020-q2-update.win32_2.0.0.202105311346\tools\arm-none-eabi\include\stdio.h:244:32: note: expected 'const char * restrict' but argument is of type 'int'
  244 | int sprintf (char *__restrict, const char *__restrict, ...)
      |                                ^
../Core/Src/main.c:222:24: warning: format '%d' expects argument of type 'int', but argument 3 has type 'int32_t' {aka 'long int'} [-Wformat=]
  222 |      sprintf(buffer, "%d", temperature);
      |                       ~^   ~~~~~~~~~~~
      |                        |   |
      |                        int int32_t {aka long int}
      |                       %ld
../Core/Src/main.c:225:24: warning: format '%d' expects argument of type 'int', but argument 3 has type 'int32_t' {aka 'long int'} [-Wformat=]
  225 |      sprintf(buffer, "%d", temperature); //Temperature/100 demedik çünkü ilk 4 bitini de alıcıya göndermek istiyoruz.100e bölünmesi demek ,'den sonraki 2 sayının silinmesi demek örneğin sonuç 255 yani 25.5 derece eğer ,'den sorna 2 hanenin gözükmesini istersek 10 diyeceğiz yani sonu. 25.57
      |                       ~^   ~~~~~~~~~~~
      |                        |   |
      |                        int int32_t {aka long int}
      |                       %ld
../Core/Src/main.c:232:24: warning: format '%d' expects argument of type 'int', but argument 3 has type 'int32_t' {aka 'long int'} [-Wformat=]
  232 |     sprintf(buffer2, "%d", humidity);
      |                       ~^   ~~~~~~~~
      |                        |   |
      |                        int int32_t {aka long int}
      |                       %ld
../Core/Src/main.c:314:18: warning: pointer targets in passing argument 1 of 'bSendMessage' differ in signedness [-Wpointer-sign]
  314 |     bSendMessage(buffer, strlen(buffer));
      |                  ^~~~~~
      |                  |
      |                  char *
In file included from ../Core/Src/main.c:25:
../Core/Inc/RFM300_Driver.h:396:24: note: expected 'byte *' {aka 'unsigned char *'} but argument is of type 'char *'
  396 | byte bSendMessage(byte msg[], byte length);
      |                   ~~~~~^~~~~
[...]
      |                       ~^   ~~~~~~~~~~~
      |                        |   |
      |                        int int32_t {aka long int}
      |                       %ld
../Core/Src/main.c:288:24: warning: format '%d' expects argument of type 'int', but argument 3 has type 'int32_t' {aka 'long int'} [-Wformat=]
  288 |     sprintf(buffer2, "%d", humidity);
      |                       ~^   ~~~~~~~~
      |                        |   |
      |                        int int32_t {aka long int}
      |                       %ld
../Core/Src/main.c:369:18: warning: pointer targets in passing argument 1 of 'bSendMessage' differ in signedness [-Wpointer-sign]
  369 |     bSendMessage(buffer, strlen(buffer));
      |                  ^~~~~~
      |                  |
      |                  char *
In file included from ../Core/Src/main.c:25:
../Core/Inc/RFM300_Driver.h:396:24: note: expected 'byte *' {aka 'unsigned char *'} but argument is of type 'char *'
  396 | byte bSendMessage(byte msg[], byte length);
      |                   ~~~~~^~~~~
../Core/Src/main.c:418:2: warning: implicit declaration of function 'GPIO_ALL_DisEnable' [-Wimplicit-function-declaration]
  418 |  GPIO_ALL_DisEnable(); //Güç harcamaması için bütün çevre birimlerini kapatıyoruz
      |  ^~~~~~~~~~~~~~~~~~
../Core/Src/main.c: At top level:
../Core/Src/main.c:690:6: warning: conflicting types for 'GPIO_ALL_DisEnable'
  690 | void GPIO_ALL_DisEnable(void) {
      |      ^~~~~~~~~~~~~~~~~~
../Core/Src/main.c:418:2: note: previous implicit declaration of 'GPIO_ALL_DisEnable' was here
  418 |  GPIO_ALL_DisEnable(); //Güç harcamaması için bütün çevre birimlerini kapatıyoruz
      |  ^~~~~~~~~~~~~~~~~~
../Core/Src/main.c: In function 'main':
../Core/Src/main.c:200:10: warning: 'strncat' specified bound 1 equals source length [-Wstringop-overflow=]
  200 |          strncat(buffer, "-", 1); //+ - durumu
      |          ^~~~~~~~~~~~~~~~~~~~~~~
../Core/Src/main.c:204:10: warning: 'strncat' specified bound 1 equals source length [-Wstringop-overflow=]
  204 |          strncat(buffer, "+", 1);
      |          ^~~~~~~~~~~~~~~~~~~~~~~
../Core/Src/main.c:337:6: warning: 'strncat' specified bound 1 equals source length [-Wstringop-overflow=]
  337 |      strncat(buffer, "-", 1); //+ - durumu
      |      ^~~~~~~~~~~~~~~~~~~~~~~
../Core/Src/main.c:341:6: warning: 'strncat' specified bound 1 equals source length [-Wstringop-overflow=]
  341 |      strncat(buffer, "+", 1);
      |      ^~~~~~~~~~~~~~~~~~~~~~~
../Core/Src/main.c:348:5: warning: 'strncat' specified bound 12 equals source length [-Wstringop-overflow=]
  348 |     strncat(buffer, "A0000000006B", 12); //seri numarası 10 haneli A ve B arasında
      |     ^~~~~~~~~~~~~~~~~~~~~~~~~~~~~~~~~~~
arm-none-eabi-gcc -o "VERICI-DEVRE.elf" @"objects.list"   -mcpu=cortex-m0plus -T"C:\Users\Enelsis\Desktop\enelsis\kendi github\kendi-kodlarim\Embedded systems\VERICI-DEVRE3\STM32L010C6TX_FLASH.ld" --specs=nosys.specs -Wl,-Map="VERICI-DEVRE.map" -Wl,--gc-sections -static --specs=nano.specs -mfloat-abi=soft -mthumb -Wl,--start-group -lc -lm -Wl,--end-group
Finished building target: VERICI-DEVRE.elf
 
arm-none-eabi-size   VERICI-DEVRE.elf 
arm-none-eabi-objdump -h -S  VERICI-DEVRE.elf  > "VERICI-DEVRE.list"
   text	   data	    bss	    dec	    hex	filename
  30328	    508	   2276	  33112	   8158	VERICI-DEVRE.elf
arm-none-eabi-objcopy  -O binary  VERICI-DEVRE.elf  "VERICI-DEVRE.bin"
Finished building: default.size.stdout
 
Finished building: VERICI-DEVRE.bin
 
Finished building: VERICI-DEVRE.list
 
14:26:54 **** Incremental Build of configuration Debug for project VERICI-DEVRE ****
make -j4 all 
arm-none-eabi-gcc "../Core/Src/main.c" -mcpu=cortex-m0plus -std=gnu11 -g3 -DDEBUG -DUSE_HAL_DRIVER -DSTM32L010x6 -c -I../Core/Inc -I../Drivers/STM32L0xx_HAL_Driver/Inc -I../Drivers/STM32L0xx_HAL_Driver/Inc/Legacy -I../Drivers/CMSIS/Device/ST/STM32L0xx/Include -I../Drivers/CMSIS/Include -O0 -ffunction-sections -fdata-sections -Wall -fstack-usage -MMD -MP -MF"Core/Src/main.d" -MT"Core/Src/main.o" --specs=nano.specs -mfloat-abi=soft -mthumb -o "Core/Src/main.o"
../Core/Src/main.c: In function 'main':
../Core/Src/main.c:203:24: warning: format '%d' expects argument of type 'int', but argument 3 has type 'int32_t' {aka 'long int'} [-Wformat=]
  203 |      sprintf(buffer, "%d", temperature);
      |                       ~^   ~~~~~~~~~~~
      |                        |   |
      |                        int int32_t {aka long int}
      |                       %ld
../Core/Src/main.c:207:22: warning: too many arguments for format [-Wformat-extra-args]
  207 |      sprintf(buffer, "0", 1);
      |                      ^~~
../Core/Src/main.c:211:25: warning: format '%d' expects argument of type 'int', but argument 3 has type 'int32_t' {aka 'long int'} [-Wformat=]
  211 |      sprintf(buffer4, "%d", temperature);
      |                        ~^   ~~~~~~~~~~~
      |                         |   |
      |                         int int32_t {aka long int}
      |                        %ld
../Core/Src/main.c:220:22: warning: too many arguments for format [-Wformat-extra-args]
  220 |      sprintf(buffer, "00", 2);
      |                      ^~~~
../Core/Src/main.c:222:25: warning: format '%d' expects argument of type 'int', but argument 3 has type 'int32_t' {aka 'long int'} [-Wformat=]
  222 |      sprintf(buffer4, "%d", temperature);
      |                        ~^   ~~~~~~~~~~~
      |                         |   |
      |                         int int32_t {aka long int}
      |                        %ld
../Core/Src/main.c:232:22: warning: too many arguments for format [-Wformat-extra-args]
  232 |      sprintf(buffer, "000", 3);
      |                      ^~~~~
../Core/Src/main.c:235:25: warning: format '%d' expects argument of type 'int', but argument 3 has type 'int32_t' {aka 'long int'} [-Wformat=]
  235 |      sprintf(buffer4, "%d", temperature);
      |                        ~^   ~~~~~~~~~~~
      |                         |   |
      |                         int int32_t {aka long int}
      |                        %ld
../Core/Src/main.c:244:22: warning: too many arguments for format [-Wformat-extra-args]
  244 |      sprintf(buffer, "0000", 4);
      |                      ^~~~~~
../Core/Src/main.c:247:22: warning: too many arguments for format [-Wformat-extra-args]
  247 |      sprintf(buffer, "000", 3);
      |                      ^~~~~
../Core/Src/main.c:249:25: warning: format '%d' expects argument of type 'int', but argument 3 has type 'int32_t' {aka 'long int'} [-Wformat=]
  249 |      sprintf(buffer4, "%d", temperature);
      |                        ~^   ~~~~~~~~~~~
      |                         |   |
      |                         int int32_t {aka long int}
      |                        %ld
../Core/Src/main.c:255:22: warning: too many arguments for format [-Wformat-extra-args]
  255 |      sprintf(buffer, "00", 2);
      |                      ^~~~
../Core/Src/main.c:258:25: warning: format '%d' expects argument of type 'int', but argument 3 has type 'int32_t' {aka 'long int'} [-Wformat=]
  258 |      sprintf(buffer4, "%d", temperature);
      |                        ~^   ~~~~~~~~~~~
      |                         |   |
      |                         int int32_t {aka long int}
      |                        %ld
../Core/Src/main.c:264:22: warning: too many arguments for format [-Wformat-extra-args]
  264 |      sprintf(buffer, "0", 1);
      |                      ^~~
../Core/Src/main.c:267:25: warning: format '%d' expects argument of type 'int', but argument 3 has type 'int32_t' {aka 'long int'} [-Wformat=]
  267 |      sprintf(buffer4, "%d", temperature);
      |                        ~^   ~~~~~~~~~~~
      |                         |   |
      |                         int int32_t {aka long int}
      |                        %ld
../Core/Src/main.c:273:24: warning: format '%d' expects argument of type 'int', but argument 3 has type 'int32_t' {aka 'long int'} [-Wformat=]
  273 |      sprintf(buffer, "%d", temperature); //Temperature/100 demedik çünkü ilk 4 bitini de alıcıya göndermek istiyoruz.100e bölünmesi demek ,'den sonraki 2 sayının silinmesi demek örneğin sonuç 255 yani 25.5 derece eğer ,'den sorna 2 hanenin gözükmesini istersek 10 diyeceğiz yani sonu. 25.57
      |                       ~^   ~~~~~~~~~~~
      |                        |   |
      |                        int int32_t {aka long int}
      |                       %ld
../Core/Src/main.c:280:24: warning: format '%d' expects argument of type 'int', but argument 3 has type 'int32_t' {aka 'long int'} [-Wformat=]
  280 |     sprintf(buffer2, "%d", humidity);
      |                       ~^   ~~~~~~~~
      |                        |   |
      |                        int int32_t {aka long int}
      |                       %ld
../Core/Src/main.c:361:18: warning: pointer targets in passing argument 1 of 'bSendMessage' differ in signedness [-Wpointer-sign]
  361 |     bSendMessage(buffer, strlen(buffer));
      |                  ^~~~~~
      |                  |
      |                  char *
In file included from ../Core/Src/main.c:25:
../Core/Inc/RFM300_Driver.h:396:24: note: expected 'byte *' {aka 'unsigned char *'} but argument is of type 'char *'
  396 | byte bSendMessage(byte msg[], byte length);
      |                   ~~~~~^~~~~
../Core/Src/main.c:410:2: warning: implicit declaration of function 'GPIO_ALL_DisEnable' [-Wimplicit-function-declaration]
  410 |  GPIO_ALL_DisEnable(); //Güç harcamaması için bütün çevre birimlerini kapatıyoruz
      |  ^~~~~~~~~~~~~~~~~~
../Core/Src/main.c: At top level:
../Core/Src/main.c:682:6: warning: conflicting types for 'GPIO_ALL_DisEnable'
  682 | void GPIO_ALL_DisEnable(void) {
      |      ^~~~~~~~~~~~~~~~~~
../Core/Src/main.c:410:2: note: previous implicit declaration of 'GPIO_ALL_DisEnable' was here
  410 |  GPIO_ALL_DisEnable(); //Güç harcamaması için bütün çevre birimlerini kapatıyoruz
      |  ^~~~~~~~~~~~~~~~~~
../Core/Src/main.c: In function 'main':
../Core/Src/main.c:329:6: warning: 'strncat' specified bound 1 equals source length [-Wstringop-overflow=]
  329 |      strncat(buffer, "-", 1); //+ - durumu
      |      ^~~~~~~~~~~~~~~~~~~~~~~
../Core/Src/main.c:333:6: warning: 'strncat' specified bound 1 equals source length [-Wstringop-overflow=]
  333 |      strncat(buffer, "+", 1);
      |      ^~~~~~~~~~~~~~~~~~~~~~~
../Core/Src/main.c:340:5: warning: 'strncat' specified bound 12 equals source length [-Wstringop-overflow=]
  340 |     strncat(buffer, "A0000000006B", 12); //seri numarası 10 haneli A ve B arasında
      |     ^~~~~~~~~~~~~~~~~~~~~~~~~~~~~~~~~~~
arm-none-eabi-gcc -o "VERICI-DEVRE.elf" @"objects.list"   -mcpu=cortex-m0plus -T"C:\Users\Enelsis\Desktop\enelsis\kendi github\kendi-kodlarim\Embedded systems\VERICI-DEVRE3\STM32L010C6TX_FLASH.ld" --specs=nosys.specs -Wl,-Map="VERICI-DEVRE.map" -Wl,--gc-sections -static --specs=nano.specs -mfloat-abi=soft -mthumb -Wl,--start-group -lc -lm -Wl,--end-group
Finished building target: VERICI-DEVRE.elf
 
arm-none-eabi-size   VERICI-DEVRE.elf 
arm-none-eabi-objdump -h -S  VERICI-DEVRE.elf  > "VERICI-DEVRE.list"
arm-none-eabi-objcopy  -O binary  VERICI-DEVRE.elf  "VERICI-DEVRE.bin"
   text	   data	    bss	    dec	    hex	filename
  30180	    508	   2276	  32964	   80c4	VERICI-DEVRE.elf
Finished building: default.size.stdout
 
Finished building: VERICI-DEVRE.bin
 
Finished building: VERICI-DEVRE.list
 
14:27:04 **** Incremental Build of configuration Debug for project VERICI-DEVRE ****
make -j4 all 
arm-none-eabi-size   VERICI-DEVRE.elf 
   text	   data	    bss	    dec	    hex	filename
  30180	    508	   2276	  32964	   80c4	VERICI-DEVRE.elf
Finished building: default.size.stdout
 
14:28:18 **** Incremental Build of configuration Debug for project VERICI-DEVRE ****
make -j4 all 
arm-none-eabi-gcc "../Core/Src/main.c" -mcpu=cortex-m0plus -std=gnu11 -g3 -DDEBUG -DUSE_HAL_DRIVER -DSTM32L010x6 -c -I../Core/Inc -I../Drivers/STM32L0xx_HAL_Driver/Inc -I../Drivers/STM32L0xx_HAL_Driver/Inc/Legacy -I../Drivers/CMSIS/Device/ST/STM32L0xx/Include -I../Drivers/CMSIS/Include -O0 -ffunction-sections -fdata-sections -Wall -fstack-usage -MMD -MP -MF"Core/Src/main.d" -MT"Core/Src/main.o" --specs=nano.specs -mfloat-abi=soft -mthumb -o "Core/Src/main.o"
../Core/Src/main.c: In function 'main':
../Core/Src/main.c:203:24: warning: format '%d' expects argument of type 'int', but argument 3 has type 'int32_t' {aka 'long int'} [-Wformat=]
  203 |      sprintf(buffer, "%d", temperature);
      |                       ~^   ~~~~~~~~~~~
      |                        |   |
      |                        int int32_t {aka long int}
      |                       %ld
../Core/Src/main.c:207:22: warning: too many arguments for format [-Wformat-extra-args]
  207 |      sprintf(buffer, "0", 1);
      |                      ^~~
../Core/Src/main.c:211:25: warning: format '%d' expects argument of type 'int', but argument 3 has type 'int32_t' {aka 'long int'} [-Wformat=]
  211 |      sprintf(buffer4, "%d", temperature);
      |                        ~^   ~~~~~~~~~~~
      |                         |   |
      |                         int int32_t {aka long int}
      |                        %ld
../Core/Src/main.c:220:22: warning: too many arguments for format [-Wformat-extra-args]
  220 |      sprintf(buffer, "00", 2);
      |                      ^~~~
../Core/Src/main.c:222:25: warning: format '%d' expects argument of type 'int', but argument 3 has type 'int32_t' {aka 'long int'} [-Wformat=]
  222 |      sprintf(buffer4, "%d", temperature);
      |                        ~^   ~~~~~~~~~~~
      |                         |   |
      |                         int int32_t {aka long int}
      |                        %ld
../Core/Src/main.c:232:22: warning: too many arguments for format [-Wformat-extra-args]
  232 |      sprintf(buffer, "000", 3);
      |                      ^~~~~
../Core/Src/main.c:235:25: warning: format '%d' expects argument of type 'int', but argument 3 has type 'int32_t' {aka 'long int'} [-Wformat=]
  235 |      sprintf(buffer4, "%d", temperature);
      |                        ~^   ~~~~~~~~~~~
      |                         |   |
      |                         int int32_t {aka long int}
      |                        %ld
../Core/Src/main.c:244:22: warning: too many arguments for format [-Wformat-extra-args]
  244 |      sprintf(buffer, "0000", 4);
      |                      ^~~~~~
../Core/Src/main.c:247:22: warning: too many arguments for format [-Wformat-extra-args]
  247 |      sprintf(buffer, "000", 3);
      |                      ^~~~~
../Core/Src/main.c:249:25: warning: format '%d' expects argument of type 'int', but argument 3 has type 'int32_t' {aka 'long int'} [-Wformat=]
  249 |      sprintf(buffer4, "%d", temperature);
      |                        ~^   ~~~~~~~~~~~
      |                         |   |
      |                         int int32_t {aka long int}
      |                        %ld
../Core/Src/main.c:255:22: warning: too many arguments for format [-Wformat-extra-args]
  255 |      sprintf(buffer, "00", 2);
      |                      ^~~~
../Core/Src/main.c:258:25: warning: format '%d' expects argument of type 'int', but argument 3 has type 'int32_t' {aka 'long int'} [-Wformat=]
  258 |      sprintf(buffer4, "%d", temperature);
      |                        ~^   ~~~~~~~~~~~
      |                         |   |
      |                         int int32_t {aka long int}
      |                        %ld
../Core/Src/main.c:264:22: warning: too many arguments for format [-Wformat-extra-args]
  264 |      sprintf(buffer, "0", 1);
      |                      ^~~
../Core/Src/main.c:267:25: warning: format '%d' expects argument of type 'int', but argument 3 has type 'int32_t' {aka 'long int'} [-Wformat=]
  267 |      sprintf(buffer4, "%d", temperature);
      |                        ~^   ~~~~~~~~~~~
      |                         |   |
      |                         int int32_t {aka long int}
      |                        %ld
../Core/Src/main.c:273:24: warning: format '%d' expects argument of type 'int', but argument 3 has type 'int32_t' {aka 'long int'} [-Wformat=]
  273 |      sprintf(buffer, "%d", temperature); //Temperature/100 demedik çünkü ilk 4 bitini de alıcıya göndermek istiyoruz.100e bölünmesi demek ,'den sonraki 2 sayının silinmesi demek örneğin sonuç 255 yani 25.5 derece eğer ,'den sorna 2 hanenin gözükmesini istersek 10 diyeceğiz yani sonu. 25.57
      |                       ~^   ~~~~~~~~~~~
      |                        |   |
      |                        int int32_t {aka long int}
      |                       %ld
../Core/Src/main.c:280:24: warning: format '%d' expects argument of type 'int', but argument 3 has type 'int32_t' {aka 'long int'} [-Wformat=]
  280 |     sprintf(buffer2, "%d", humidity);
      |                       ~^   ~~~~~~~~
      |                        |   |
      |                        int int32_t {aka long int}
      |                       %ld
../Core/Src/main.c:361:18: warning: pointer targets in passing argument 1 of 'bSendMessage' differ in signedness [-Wpointer-sign]
  361 |     bSendMessage(buffer, strlen(buffer));
      |                  ^~~~~~
      |                  |
      |                  char *
In file included from ../Core/Src/main.c:25:
../Core/Inc/RFM300_Driver.h:396:24: note: expected 'byte *' {aka 'unsigned char *'} but argument is of type 'char *'
  396 | byte bSendMessage(byte msg[], byte length);
      |                   ~~~~~^~~~~
../Core/Src/main.c:410:2: warning: implicit declaration of function 'GPIO_ALL_DisEnable' [-Wimplicit-function-declaration]
  410 |  GPIO_ALL_DisEnable(); //Güç harcamaması için bütün çevre birimlerini kapatıyoruz
      |  ^~~~~~~~~~~~~~~~~~
../Core/Src/main.c: At top level:
../Core/Src/main.c:682:6: warning: conflicting types for 'GPIO_ALL_DisEnable'
  682 | void GPIO_ALL_DisEnable(void) {
      |      ^~~~~~~~~~~~~~~~~~
../Core/Src/main.c:410:2: note: previous implicit declaration of 'GPIO_ALL_DisEnable' was here
  410 |  GPIO_ALL_DisEnable(); //Güç harcamaması için bütün çevre birimlerini kapatıyoruz
      |  ^~~~~~~~~~~~~~~~~~
../Core/Src/main.c: In function 'main':
../Core/Src/main.c:329:6: warning: 'strncat' specified bound 1 equals source length [-Wstringop-overflow=]
  329 |      strncat(buffer, "-", 1); //+ - durumu
      |      ^~~~~~~~~~~~~~~~~~~~~~~
../Core/Src/main.c:333:6: warning: 'strncat' specified bound 1 equals source length [-Wstringop-overflow=]
  333 |      strncat(buffer, "+", 1);
      |      ^~~~~~~~~~~~~~~~~~~~~~~
../Core/Src/main.c:340:5: warning: 'strncat' specified bound 12 equals source length [-Wstringop-overflow=]
  340 |     strncat(buffer, "A0000000006B", 12); //seri numarası 10 haneli A ve B arasında
      |     ^~~~~~~~~~~~~~~~~~~~~~~~~~~~~~~~~~~
arm-none-eabi-gcc -o "VERICI-DEVRE.elf" @"objects.list"   -mcpu=cortex-m0plus -T"C:\Users\Enelsis\Desktop\enelsis\kendi github\kendi-kodlarim\Embedded systems\VERICI-DEVRE3\STM32L010C6TX_FLASH.ld" --specs=nosys.specs -Wl,-Map="VERICI-DEVRE.map" -Wl,--gc-sections -static --specs=nano.specs -mfloat-abi=soft -mthumb -Wl,--start-group -lc -lm -Wl,--end-group
Finished building target: VERICI-DEVRE.elf
 
arm-none-eabi-size   VERICI-DEVRE.elf 
arm-none-eabi-objdump -h -S  VERICI-DEVRE.elf  > "VERICI-DEVRE.list"
arm-none-eabi-objcopy  -O binary  VERICI-DEVRE.elf  "VERICI-DEVRE.bin"
   text	   data	    bss	    dec	    hex	filename
  30176	    508	   2276	  32960	   80c0	VERICI-DEVRE.elf
Finished building: default.size.stdout
 
Finished building: VERICI-DEVRE.bin
 
Finished building: VERICI-DEVRE.list
 
