13:24:31 **** Incremental Build of configuration Debug for project RF-CMT2119B-Transmitter ****
make -j4 all 
arm-none-eabi-gcc "../Drivers/STM32L0xx_HAL_Driver/Src/stm32l0xx_hal.c" -mcpu=cortex-m0plus -std=gnu11 -g3 -DDEBUG -DUSE_HAL_DRIVER -DSTM32L010x6 -c -I../Core/Inc -I../Drivers/STM32L0xx_HAL_Driver/Inc -I../Drivers/STM32L0xx_HAL_Driver/Inc/Legacy -I../Drivers/CMSIS/Device/ST/STM32L0xx/Include -I../Drivers/CMSIS/Include -O0 -ffunction-sections -fdata-sections -Wall -fstack-usage -MMD -MP -MF"Drivers/STM32L0xx_HAL_Driver/Src/stm32l0xx_hal.d" -MT"Drivers/STM32L0xx_HAL_Driver/Src/stm32l0xx_hal.o" --specs=nano.specs -mfloat-abi=soft -mthumb -o "Drivers/STM32L0xx_HAL_Driver/Src/stm32l0xx_hal.o"
arm-none-eabi-gcc "../Drivers/STM32L0xx_HAL_Driver/Src/stm32l0xx_hal_cortex.c" -mcpu=cortex-m0plus -std=gnu11 -g3 -DDEBUG -DUSE_HAL_DRIVER -DSTM32L010x6 -c -I../Core/Inc -I../Drivers/STM32L0xx_HAL_Driver/Inc -I../Drivers/STM32L0xx_HAL_Driver/Inc/Legacy -I../Drivers/CMSIS/Device/ST/STM32L0xx/Include -I../Drivers/CMSIS/Include -O0 -ffunction-sections -fdata-sections -Wall -fstack-usage -MMD -MP -MF"Drivers/STM32L0xx_HAL_Driver/Src/stm32l0xx_hal_cortex.d" -MT"Drivers/STM32L0xx_HAL_Driver/Src/stm32l0xx_hal_cortex.o" --specs=nano.specs -mfloat-abi=soft -mthumb -o "Drivers/STM32L0xx_HAL_Driver/Src/stm32l0xx_hal_cortex.o"
arm-none-eabi-gcc "../Drivers/STM32L0xx_HAL_Driver/Src/stm32l0xx_hal_dma.c" -mcpu=cortex-m0plus -std=gnu11 -g3 -DDEBUG -DUSE_HAL_DRIVER -DSTM32L010x6 -c -I../Core/Inc -I../Drivers/STM32L0xx_HAL_Driver/Inc -I../Drivers/STM32L0xx_HAL_Driver/Inc/Legacy -I../Drivers/CMSIS/Device/ST/STM32L0xx/Include -I../Drivers/CMSIS/Include -O0 -ffunction-sections -fdata-sections -Wall -fstack-usage -MMD -MP -MF"Drivers/STM32L0xx_HAL_Driver/Src/stm32l0xx_hal_dma.d" -MT"Drivers/STM32L0xx_HAL_Driver/Src/stm32l0xx_hal_dma.o" --specs=nano.specs -mfloat-abi=soft -mthumb -o "Drivers/STM32L0xx_HAL_Driver/Src/stm32l0xx_hal_dma.o"
arm-none-eabi-gcc "../Drivers/STM32L0xx_HAL_Driver/Src/stm32l0xx_hal_exti.c" -mcpu=cortex-m0plus -std=gnu11 -g3 -DDEBUG -DUSE_HAL_DRIVER -DSTM32L010x6 -c -I../Core/Inc -I../Drivers/STM32L0xx_HAL_Driver/Inc -I../Drivers/STM32L0xx_HAL_Driver/Inc/Legacy -I../Drivers/CMSIS/Device/ST/STM32L0xx/Include -I../Drivers/CMSIS/Include -O0 -ffunction-sections -fdata-sections -Wall -fstack-usage -MMD -MP -MF"Drivers/STM32L0xx_HAL_Driver/Src/stm32l0xx_hal_exti.d" -MT"Drivers/STM32L0xx_HAL_Driver/Src/stm32l0xx_hal_exti.o" --specs=nano.specs -mfloat-abi=soft -mthumb -o "Drivers/STM32L0xx_HAL_Driver/Src/stm32l0xx_hal_exti.o"
arm-none-eabi-gcc "../Drivers/STM32L0xx_HAL_Driver/Src/stm32l0xx_hal_flash.c" -mcpu=cortex-m0plus -std=gnu11 -g3 -DDEBUG -DUSE_HAL_DRIVER -DSTM32L010x6 -c -I../Core/Inc -I../Drivers/STM32L0xx_HAL_Driver/Inc -I../Drivers/STM32L0xx_HAL_Driver/Inc/Legacy -I../Drivers/CMSIS/Device/ST/STM32L0xx/Include -I../Drivers/CMSIS/Include -O0 -ffunction-sections -fdata-sections -Wall -fstack-usage -MMD -MP -MF"Drivers/STM32L0xx_HAL_Driver/Src/stm32l0xx_hal_flash.d" -MT"Drivers/STM32L0xx_HAL_Driver/Src/stm32l0xx_hal_flash.o" --specs=nano.specs -mfloat-abi=soft -mthumb -o "Drivers/STM32L0xx_HAL_Driver/Src/stm32l0xx_hal_flash.o"
arm-none-eabi-gcc "../Drivers/STM32L0xx_HAL_Driver/Src/stm32l0xx_hal_flash_ex.c" -mcpu=cortex-m0plus -std=gnu11 -g3 -DDEBUG -DUSE_HAL_DRIVER -DSTM32L010x6 -c -I../Core/Inc -I../Drivers/STM32L0xx_HAL_Driver/Inc -I../Drivers/STM32L0xx_HAL_Driver/Inc/Legacy -I../Drivers/CMSIS/Device/ST/STM32L0xx/Include -I../Drivers/CMSIS/Include -O0 -ffunction-sections -fdata-sections -Wall -fstack-usage -MMD -MP -MF"Drivers/STM32L0xx_HAL_Driver/Src/stm32l0xx_hal_flash_ex.d" -MT"Drivers/STM32L0xx_HAL_Driver/Src/stm32l0xx_hal_flash_ex.o" --specs=nano.specs -mfloat-abi=soft -mthumb -o "Drivers/STM32L0xx_HAL_Driver/Src/stm32l0xx_hal_flash_ex.o"
arm-none-eabi-gcc "../Drivers/STM32L0xx_HAL_Driver/Src/stm32l0xx_hal_flash_ramfunc.c" -mcpu=cortex-m0plus -std=gnu11 -g3 -DDEBUG -DUSE_HAL_DRIVER -DSTM32L010x6 -c -I../Core/Inc -I../Drivers/STM32L0xx_HAL_Driver/Inc -I../Drivers/STM32L0xx_HAL_Driver/Inc/Legacy -I../Drivers/CMSIS/Device/ST/STM32L0xx/Include -I../Drivers/CMSIS/Include -O0 -ffunction-sections -fdata-sections -Wall -fstack-usage -MMD -MP -MF"Drivers/STM32L0xx_HAL_Driver/Src/stm32l0xx_hal_flash_ramfunc.d" -MT"Drivers/STM32L0xx_HAL_Driver/Src/stm32l0xx_hal_flash_ramfunc.o" --specs=nano.specs -mfloat-abi=soft -mthumb -o "Drivers/STM32L0xx_HAL_Driver/Src/stm32l0xx_hal_flash_ramfunc.o"
arm-none-eabi-gcc "../Drivers/STM32L0xx_HAL_Driver/Src/stm32l0xx_hal_gpio.c" -mcpu=cortex-m0plus -std=gnu11 -g3 -DDEBUG -DUSE_HAL_DRIVER -DSTM32L010x6 -c -I../Core/Inc -I../Drivers/STM32L0xx_HAL_Driver/Inc -I../Drivers/STM32L0xx_HAL_Driver/Inc/Legacy -I../Drivers/CMSIS/Device/ST/STM32L0xx/Include -I../Drivers/CMSIS/Include -O0 -ffunction-sections -fdata-sections -Wall -fstack-usage -MMD -MP -MF"Drivers/STM32L0xx_HAL_Driver/Src/stm32l0xx_hal_gpio.d" -MT"Drivers/STM32L0xx_HAL_Driver/Src/stm32l0xx_hal_gpio.o" --specs=nano.specs -mfloat-abi=soft -mthumb -o "Drivers/STM32L0xx_HAL_Driver/Src/stm32l0xx_hal_gpio.o"
arm-none-eabi-gcc "../Drivers/STM32L0xx_HAL_Driver/Src/stm32l0xx_hal_i2c.c" -mcpu=cortex-m0plus -std=gnu11 -g3 -DDEBUG -DUSE_HAL_DRIVER -DSTM32L010x6 -c -I../Core/Inc -I../Drivers/STM32L0xx_HAL_Driver/Inc -I../Drivers/STM32L0xx_HAL_Driver/Inc/Legacy -I../Drivers/CMSIS/Device/ST/STM32L0xx/Include -I../Drivers/CMSIS/Include -O0 -ffunction-sections -fdata-sections -Wall -fstack-usage -MMD -MP -MF"Drivers/STM32L0xx_HAL_Driver/Src/stm32l0xx_hal_i2c.d" -MT"Drivers/STM32L0xx_HAL_Driver/Src/stm32l0xx_hal_i2c.o" --specs=nano.specs -mfloat-abi=soft -mthumb -o "Drivers/STM32L0xx_HAL_Driver/Src/stm32l0xx_hal_i2c.o"
arm-none-eabi-gcc "../Drivers/STM32L0xx_HAL_Driver/Src/stm32l0xx_hal_i2c_ex.c" -mcpu=cortex-m0plus -std=gnu11 -g3 -DDEBUG -DUSE_HAL_DRIVER -DSTM32L010x6 -c -I../Core/Inc -I../Drivers/STM32L0xx_HAL_Driver/Inc -I../Drivers/STM32L0xx_HAL_Driver/Inc/Legacy -I../Drivers/CMSIS/Device/ST/STM32L0xx/Include -I../Drivers/CMSIS/Include -O0 -ffunction-sections -fdata-sections -Wall -fstack-usage -MMD -MP -MF"Drivers/STM32L0xx_HAL_Driver/Src/stm32l0xx_hal_i2c_ex.d" -MT"Drivers/STM32L0xx_HAL_Driver/Src/stm32l0xx_hal_i2c_ex.o" --specs=nano.specs -mfloat-abi=soft -mthumb -o "Drivers/STM32L0xx_HAL_Driver/Src/stm32l0xx_hal_i2c_ex.o"
arm-none-eabi-gcc "../Drivers/STM32L0xx_HAL_Driver/Src/stm32l0xx_hal_pwr.c" -mcpu=cortex-m0plus -std=gnu11 -g3 -DDEBUG -DUSE_HAL_DRIVER -DSTM32L010x6 -c -I../Core/Inc -I../Drivers/STM32L0xx_HAL_Driver/Inc -I../Drivers/STM32L0xx_HAL_Driver/Inc/Legacy -I../Drivers/CMSIS/Device/ST/STM32L0xx/Include -I../Drivers/CMSIS/Include -O0 -ffunction-sections -fdata-sections -Wall -fstack-usage -MMD -MP -MF"Drivers/STM32L0xx_HAL_Driver/Src/stm32l0xx_hal_pwr.d" -MT"Drivers/STM32L0xx_HAL_Driver/Src/stm32l0xx_hal_pwr.o" --specs=nano.specs -mfloat-abi=soft -mthumb -o "Drivers/STM32L0xx_HAL_Driver/Src/stm32l0xx_hal_pwr.o"
arm-none-eabi-gcc "../Drivers/STM32L0xx_HAL_Driver/Src/stm32l0xx_hal_pwr_ex.c" -mcpu=cortex-m0plus -std=gnu11 -g3 -DDEBUG -DUSE_HAL_DRIVER -DSTM32L010x6 -c -I../Core/Inc -I../Drivers/STM32L0xx_HAL_Driver/Inc -I../Drivers/STM32L0xx_HAL_Driver/Inc/Legacy -I../Drivers/CMSIS/Device/ST/STM32L0xx/Include -I../Drivers/CMSIS/Include -O0 -ffunction-sections -fdata-sections -Wall -fstack-usage -MMD -MP -MF"Drivers/STM32L0xx_HAL_Driver/Src/stm32l0xx_hal_pwr_ex.d" -MT"Drivers/STM32L0xx_HAL_Driver/Src/stm32l0xx_hal_pwr_ex.o" --specs=nano.specs -mfloat-abi=soft -mthumb -o "Drivers/STM32L0xx_HAL_Driver/Src/stm32l0xx_hal_pwr_ex.o"
arm-none-eabi-gcc "../Drivers/STM32L0xx_HAL_Driver/Src/stm32l0xx_hal_rcc.c" -mcpu=cortex-m0plus -std=gnu11 -g3 -DDEBUG -DUSE_HAL_DRIVER -DSTM32L010x6 -c -I../Core/Inc -I../Drivers/STM32L0xx_HAL_Driver/Inc -I../Drivers/STM32L0xx_HAL_Driver/Inc/Legacy -I../Drivers/CMSIS/Device/ST/STM32L0xx/Include -I../Drivers/CMSIS/Include -O0 -ffunction-sections -fdata-sections -Wall -fstack-usage -MMD -MP -MF"Drivers/STM32L0xx_HAL_Driver/Src/stm32l0xx_hal_rcc.d" -MT"Drivers/STM32L0xx_HAL_Driver/Src/stm32l0xx_hal_rcc.o" --specs=nano.specs -mfloat-abi=soft -mthumb -o "Drivers/STM32L0xx_HAL_Driver/Src/stm32l0xx_hal_rcc.o"
arm-none-eabi-gcc "../Drivers/STM32L0xx_HAL_Driver/Src/stm32l0xx_hal_rcc_ex.c" -mcpu=cortex-m0plus -std=gnu11 -g3 -DDEBUG -DUSE_HAL_DRIVER -DSTM32L010x6 -c -I../Core/Inc -I../Drivers/STM32L0xx_HAL_Driver/Inc -I../Drivers/STM32L0xx_HAL_Driver/Inc/Legacy -I../Drivers/CMSIS/Device/ST/STM32L0xx/Include -I../Drivers/CMSIS/Include -O0 -ffunction-sections -fdata-sections -Wall -fstack-usage -MMD -MP -MF"Drivers/STM32L0xx_HAL_Driver/Src/stm32l0xx_hal_rcc_ex.d" -MT"Drivers/STM32L0xx_HAL_Driver/Src/stm32l0xx_hal_rcc_ex.o" --specs=nano.specs -mfloat-abi=soft -mthumb -o "Drivers/STM32L0xx_HAL_Driver/Src/stm32l0xx_hal_rcc_ex.o"
arm-none-eabi-gcc "../Drivers/STM32L0xx_HAL_Driver/Src/stm32l0xx_hal_tim.c" -mcpu=cortex-m0plus -std=gnu11 -g3 -DDEBUG -DUSE_HAL_DRIVER -DSTM32L010x6 -c -I../Core/Inc -I../Drivers/STM32L0xx_HAL_Driver/Inc -I../Drivers/STM32L0xx_HAL_Driver/Inc/Legacy -I../Drivers/CMSIS/Device/ST/STM32L0xx/Include -I../Drivers/CMSIS/Include -O0 -ffunction-sections -fdata-sections -Wall -fstack-usage -MMD -MP -MF"Drivers/STM32L0xx_HAL_Driver/Src/stm32l0xx_hal_tim.d" -MT"Drivers/STM32L0xx_HAL_Driver/Src/stm32l0xx_hal_tim.o" --specs=nano.specs -mfloat-abi=soft -mthumb -o "Drivers/STM32L0xx_HAL_Driver/Src/stm32l0xx_hal_tim.o"
arm-none-eabi-gcc "../Drivers/STM32L0xx_HAL_Driver/Src/stm32l0xx_hal_tim_ex.c" -mcpu=cortex-m0plus -std=gnu11 -g3 -DDEBUG -DUSE_HAL_DRIVER -DSTM32L010x6 -c -I../Core/Inc -I../Drivers/STM32L0xx_HAL_Driver/Inc -I../Drivers/STM32L0xx_HAL_Driver/Inc/Legacy -I../Drivers/CMSIS/Device/ST/STM32L0xx/Include -I../Drivers/CMSIS/Include -O0 -ffunction-sections -fdata-sections -Wall -fstack-usage -MMD -MP -MF"Drivers/STM32L0xx_HAL_Driver/Src/stm32l0xx_hal_tim_ex.d" -MT"Drivers/STM32L0xx_HAL_Driver/Src/stm32l0xx_hal_tim_ex.o" --specs=nano.specs -mfloat-abi=soft -mthumb -o "Drivers/STM32L0xx_HAL_Driver/Src/stm32l0xx_hal_tim_ex.o"
arm-none-eabi-gcc "../Drivers/STM32L0xx_HAL_Driver/Src/stm32l0xx_hal_uart.c" -mcpu=cortex-m0plus -std=gnu11 -g3 -DDEBUG -DUSE_HAL_DRIVER -DSTM32L010x6 -c -I../Core/Inc -I../Drivers/STM32L0xx_HAL_Driver/Inc -I../Drivers/STM32L0xx_HAL_Driver/Inc/Legacy -I../Drivers/CMSIS/Device/ST/STM32L0xx/Include -I../Drivers/CMSIS/Include -O0 -ffunction-sections -fdata-sections -Wall -fstack-usage -MMD -MP -MF"Drivers/STM32L0xx_HAL_Driver/Src/stm32l0xx_hal_uart.d" -MT"Drivers/STM32L0xx_HAL_Driver/Src/stm32l0xx_hal_uart.o" --specs=nano.specs -mfloat-abi=soft -mthumb -o "Drivers/STM32L0xx_HAL_Driver/Src/stm32l0xx_hal_uart.o"
arm-none-eabi-gcc "../Drivers/STM32L0xx_HAL_Driver/Src/stm32l0xx_hal_uart_ex.c" -mcpu=cortex-m0plus -std=gnu11 -g3 -DDEBUG -DUSE_HAL_DRIVER -DSTM32L010x6 -c -I../Core/Inc -I../Drivers/STM32L0xx_HAL_Driver/Inc -I../Drivers/STM32L0xx_HAL_Driver/Inc/Legacy -I../Drivers/CMSIS/Device/ST/STM32L0xx/Include -I../Drivers/CMSIS/Include -O0 -ffunction-sections -fdata-sections -Wall -fstack-usage -MMD -MP -MF"Drivers/STM32L0xx_HAL_Driver/Src/stm32l0xx_hal_uart_ex.d" -MT"Drivers/STM32L0xx_HAL_Driver/Src/stm32l0xx_hal_uart_ex.o" --specs=nano.specs -mfloat-abi=soft -mthumb -o "Drivers/STM32L0xx_HAL_Driver/Src/stm32l0xx_hal_uart_ex.o"
arm-none-eabi-gcc "../Core/Src/HopeDuino_SPI3.c" -mcpu=cortex-m0plus -std=gnu11 -g3 -DDEBUG -DUSE_HAL_DRIVER -DSTM32L010x6 -c -I../Core/Inc -I../Drivers/STM32L0xx_HAL_Driver/Inc -I../Drivers/STM32L0xx_HAL_Driver/Inc/Legacy -I../Drivers/CMSIS/Device/ST/STM32L0xx/Include -I../Drivers/CMSIS/Include -O0 -ffunction-sections -fdata-sections -Wall -fstack-usage -MMD -MP -MF"Core/Src/HopeDuino_SPI3.d" -MT"Core/Src/HopeDuino_SPI3.o" --specs=nano.specs -mfloat-abi=soft -mthumb -o "Core/Src/HopeDuino_SPI3.o"
arm-none-eabi-gcc "../Core/Src/RFM300_Driver.c" -mcpu=cortex-m0plus -std=gnu11 -g3 -DDEBUG -DUSE_HAL_DRIVER -DSTM32L010x6 -c -I../Core/Inc -I../Drivers/STM32L0xx_HAL_Driver/Inc -I../Drivers/STM32L0xx_HAL_Driver/Inc/Legacy -I../Drivers/CMSIS/Device/ST/STM32L0xx/Include -I../Drivers/CMSIS/Include -O0 -ffunction-sections -fdata-sections -Wall -fstack-usage -MMD -MP -MF"Core/Src/RFM300_Driver.d" -MT"Core/Src/RFM300_Driver.o" --specs=nano.specs -mfloat-abi=soft -mthumb -o "Core/Src/RFM300_Driver.o"
../Core/Src/RFM300_Driver.c: In function 'set_node_id':
../Core/Src/RFM300_Driver.c:207:52: warning: suggest parentheses around arithmetic in operand of '|' [-Wparentheses]
  207 |  vSpi3Write((word)(CMT23_NODE_ADDR_3<<8)| (node>>8)&0x00FF);
      |                                           ~~~~~~~~~^~~~~~~
../Core/Src/RFM300_Driver.c: In function 'vSetClockDiv':
../Core/Src/RFM300_Driver.c:324:42: warning: suggest parentheses around arithmetic in operand of '|' [-Wparentheses]
  324 |  vSpi3Write(((word)CMT23_CLK_CTL<<8)+(tmp&0xC0|(enable<<5)|div));
      |                                       ~~~^~~~~
arm-none-eabi-gcc "../Core/Src/main.c" -mcpu=cortex-m0plus -std=gnu11 -g3 -DDEBUG -DUSE_HAL_DRIVER -DSTM32L010x6 -c -I../Core/Inc -I../Drivers/STM32L0xx_HAL_Driver/Inc -I../Drivers/STM32L0xx_HAL_Driver/Inc/Legacy -I../Drivers/CMSIS/Device/ST/STM32L0xx/Include -I../Drivers/CMSIS/Include -O0 -ffunction-sections -fdata-sections -Wall -fstack-usage -MMD -MP -MF"Core/Src/main.d" -MT"Core/Src/main.o" --specs=nano.specs -mfloat-abi=soft -mthumb -o "Core/Src/main.o"
arm-none-eabi-gcc "../Core/Src/stm32l0xx_hal_msp.c" -mcpu=cortex-m0plus -std=gnu11 -g3 -DDEBUG -DUSE_HAL_DRIVER -DSTM32L010x6 -c -I../Core/Inc -I../Drivers/STM32L0xx_HAL_Driver/Inc -I../Drivers/STM32L0xx_HAL_Driver/Inc/Legacy -I../Drivers/CMSIS/Device/ST/STM32L0xx/Include -I../Drivers/CMSIS/Include -O0 -ffunction-sections -fdata-sections -Wall -fstack-usage -MMD -MP -MF"Core/Src/stm32l0xx_hal_msp.d" -MT"Core/Src/stm32l0xx_hal_msp.o" --specs=nano.specs -mfloat-abi=soft -mthumb -o "Core/Src/stm32l0xx_hal_msp.o"
arm-none-eabi-gcc "../Core/Src/stm32l0xx_it.c" -mcpu=cortex-m0plus -std=gnu11 -g3 -DDEBUG -DUSE_HAL_DRIVER -DSTM32L010x6 -c -I../Core/Inc -I../Drivers/STM32L0xx_HAL_Driver/Inc -I../Drivers/STM32L0xx_HAL_Driver/Inc/Legacy -I../Drivers/CMSIS/Device/ST/STM32L0xx/Include -I../Drivers/CMSIS/Include -O0 -ffunction-sections -fdata-sections -Wall -fstack-usage -MMD -MP -MF"Core/Src/stm32l0xx_it.d" -MT"Core/Src/stm32l0xx_it.o" --specs=nano.specs -mfloat-abi=soft -mthumb -o "Core/Src/stm32l0xx_it.o"
arm-none-eabi-gcc "../Core/Src/system_stm32l0xx.c" -mcpu=cortex-m0plus -std=gnu11 -g3 -DDEBUG -DUSE_HAL_DRIVER -DSTM32L010x6 -c -I../Core/Inc -I../Drivers/STM32L0xx_HAL_Driver/Inc -I../Drivers/STM32L0xx_HAL_Driver/Inc/Legacy -I../Drivers/CMSIS/Device/ST/STM32L0xx/Include -I../Drivers/CMSIS/Include -O0 -ffunction-sections -fdata-sections -Wall -fstack-usage -MMD -MP -MF"Core/Src/system_stm32l0xx.d" -MT"Core/Src/system_stm32l0xx.o" --specs=nano.specs -mfloat-abi=soft -mthumb -o "Core/Src/system_stm32l0xx.o"
arm-none-eabi-gcc -o "RF-CMT2119B-Transmitter.elf" @"objects.list"   -mcpu=cortex-m0plus -T"C:\Users\Enelsis\Desktop\enelsis\kendi github\kendi-kodlarim\Embedded systems\RF-CMT2119B-Transmitter\STM32L010C6TX_FLASH.ld" --specs=nosys.specs -Wl,-Map="RF-CMT2119B-Transmitter.map" -Wl,--gc-sections -static --specs=nano.specs -mfloat-abi=soft -mthumb -Wl,--start-group -lc -lm -Wl,--end-group
Finished building target: RF-CMT2119B-Transmitter.elf
 
arm-none-eabi-size   RF-CMT2119B-Transmitter.elf 
arm-none-eabi-objdump -h -S  RF-CMT2119B-Transmitter.elf  > "RF-CMT2119B-Transmitter.list"
   text	   data	    bss	    dec	    hex	filename
  13368	    404	   1716	  15488	   3c80	RF-CMT2119B-Transmitter.elf
arm-none-eabi-objcopy  -O binary  RF-CMT2119B-Transmitter.elf  "RF-CMT2119B-Transmitter.bin"
Finished building: default.size.stdout
 
Finished building: RF-CMT2119B-Transmitter.bin
Finished building: RF-CMT2119B-Transmitter.list
 
 
13:25:18 **** Incremental Build of configuration Debug for project RF-CMT2119B-Transmitter ****
make -j4 all 
arm-none-eabi-size   RF-CMT2119B-Transmitter.elf 
   text	   data	    bss	    dec	    hex	filename
  13368	    404	   1716	  15488	   3c80	RF-CMT2119B-Transmitter.elf
Finished building: default.size.stdout
 
