10:54:16 **** Incremental Build of configuration Debug for project VERICI-DEVRE ****
make -j4 all 
arm-none-eabi-size   VERICI-DEVRE.elf 
   text	   data	    bss	    dec	    hex	filename
  29388	    508	   2276	  32172	   7dac	VERICI-DEVRE.elf
Finished building: default.size.stdout
 
11:33:59 **** Incremental Build of configuration Debug for project VERICI-DEVRE ****
make -j4 all 
arm-none-eabi-size   VERICI-DEVRE.elf 
   text	   data	    bss	    dec	    hex	filename
  29388	    508	   2276	  32172	   7dac	VERICI-DEVRE.elf
Finished building: default.size.stdout
 
11:40:30 **** Incremental Build of configuration Debug for project VERICI-DEVRE ****
make -j4 all 
arm-none-eabi-gcc "../Core/Src/main.c" -mcpu=cortex-m0plus -std=gnu11 -g3 -DDEBUG -DUSE_HAL_DRIVER -DSTM32L010x6 -c -I../Core/Inc -I../Drivers/STM32L0xx_HAL_Driver/Inc -I../Drivers/STM32L0xx_HAL_Driver/Inc/Legacy -I../Drivers/CMSIS/Device/ST/STM32L0xx/Include -I../Drivers/CMSIS/Include -O0 -ffunction-sections -fdata-sections -Wall -fstack-usage -MMD -MP -MF"Core/Src/main.d" -MT"Core/Src/main.o" --specs=nano.specs -mfloat-abi=soft -mthumb -o "Core/Src/main.o"
../Core/Src/main.c: In function 'main':
../Core/Src/main.c:197:24: warning: format '%d' expects argument of type 'int', but argument 3 has type 'int32_t' {aka 'long int'} [-Wformat=]
  197 |      sprintf(buffer, "%d", temperature);
      |                       ~^   ~~~~~~~~~~~
      |                        |   |
      |                        int int32_t {aka long int}
      |                       %ld
../Core/Src/main.c:203:24: warning: format '%d' expects argument of type 'int', but argument 3 has type 'int32_t' {aka 'long int'} [-Wformat=]
  203 |      sprintf(buffer, "%d", temperature);
      |                       ~^   ~~~~~~~~~~~
      |                        |   |
      |                        int int32_t {aka long int}
      |                       %ld
../Core/Src/main.c:211:24: warning: format '%d' expects argument of type 'int', but argument 3 has type 'int32_t' {aka 'long int'} [-Wformat=]
  211 |      sprintf(buffer, "%d", temperature);
      |                       ~^   ~~~~~~~~~~~
      |                        |   |
      |                        int int32_t {aka long int}
      |                       %ld
../Core/Src/main.c:214:24: warning: format '%d' expects argument of type 'int', but argument 3 has type 'int32_t' {aka 'long int'} [-Wformat=]
  214 |      sprintf(buffer, "%d", temperature); //Temperature/100 demedik çünkü ilk 4 bitini de alıcıya göndermek istiyoruz.100e bölünmesi demek ,'den sonraki 2 sayının silinmesi demek örneğin sonuç 255 yani 25.5 derece eğer ,'den sorna 2 hanenin gözükmesini istersek 10 diyeceğiz yani sonu. 25.57
      |                       ~^   ~~~~~~~~~~~
      |                        |   |
      |                        int int32_t {aka long int}
      |                       %ld
../Core/Src/main.c:221:24: warning: format '%d' expects argument of type 'int', but argument 3 has type 'int32_t' {aka 'long int'} [-Wformat=]
  221 |     sprintf(buffer2, "%d", humidity);
      |                       ~^   ~~~~~~~~
      |                        |   |
      |                        int int32_t {aka long int}
      |                       %ld
../Core/Src/main.c:310:18: warning: pointer targets in passing argument 1 of 'bSendMessage' differ in signedness [-Wpointer-sign]
  310 |     bSendMessage(buffer, strlen(buffer));
      |                  ^~~~~~
      |                  |
      |                  char *
In file included from ../Core/Src/main.c:25:
../Core/Inc/RFM300_Driver.h:396:24: note: expected 'byte *' {aka 'unsigned char *'} but argument is of type 'char *'
  396 | byte bSendMessage(byte msg[], byte length);
      |                   ~~~~~^~~~~
../Core/Src/main.c:349:2: warning: implicit declaration of function 'GPIO_ALL_DisEnable' [-Wimplicit-function-declaration]
  349 |  GPIO_ALL_DisEnable(); //Güç harcamaması için bütün çevre birimlerini kapatıyoruz
      |  ^~~~~~~~~~~~~~~~~~
../Core/Src/main.c: At top level:
../Core/Src/main.c:634:6: warning: conflicting types for 'GPIO_ALL_DisEnable'
  634 | void GPIO_ALL_DisEnable(void) {
      |      ^~~~~~~~~~~~~~~~~~
../Core/Src/main.c:349:2: note: previous implicit declaration of 'GPIO_ALL_DisEnable' was here
  349 |  GPIO_ALL_DisEnable(); //Güç harcamaması için bütün çevre birimlerini kapatıyoruz
      |  ^~~~~~~~~~~~~~~~~~
../Core/Src/main.c: In function 'main':
../Core/Src/main.c:271:6: warning: 'strncat' specified bound 1 equals source length [-Wstringop-overflow=]
  271 |      strncat(buffer, "-", 1); //+ - durumu
      |      ^~~~~~~~~~~~~~~~~~~~~~~
../Core/Src/main.c:275:6: warning: 'strncat' specified bound 2 equals source length [-Wstringop-overflow=]
  275 |      strncat(buffer, "e-", 2); //+ - durumu
      |      ^~~~~~~~~~~~~~~~~~~~~~~~
../Core/Src/main.c:279:6: warning: 'strncat' specified bound 2 equals source length [-Wstringop-overflow=]
  279 |      strncat(buffer, "e+", 2);
      |      ^~~~~~~~~~~~~~~~~~~~~~~~
../Core/Src/main.c:283:6: warning: 'strncat' specified bound 1 equals source length [-Wstringop-overflow=]
  283 |      strncat(buffer, "+", 1); //+ - durumu
      |      ^~~~~~~~~~~~~~~~~~~~~~~
../Core/Src/main.c:289:5: warning: 'strncat' specified bound 12 equals source length [-Wstringop-overflow=]
  289 |     strncat(buffer, "A0000000004B", 12); //seri numarası 10 haneli A ve B arasında
      |     ^~~~~~~~~~~~~~~~~~~~~~~~~~~~~~~~~~~
arm-none-eabi-gcc -o "VERICI-DEVRE.elf" @"objects.list"   -mcpu=cortex-m0plus -T"C:\Users\Enelsis\Desktop\enelsis\kendi github\kendi-kodlarim\Embedded systems\VERICI-DEVRE3\STM32L010C6TX_FLASH.ld" --specs=nosys.specs -Wl,-Map="VERICI-DEVRE.map" -Wl,--gc-sections -static --specs=nano.specs -mfloat-abi=soft -mthumb -Wl,--start-group -lc -lm -Wl,--end-group
Finished building target: VERICI-DEVRE.elf
 
arm-none-eabi-size   VERICI-DEVRE.elf 
arm-none-eabi-objdump -h -S  VERICI-DEVRE.elf  > "VERICI-DEVRE.list"
arm-none-eabi-objcopy  -O binary  VERICI-DEVRE.elf  "VERICI-DEVRE.bin"
   text	   data	    bss	    dec	    hex	filename
  29388	    508	   2276	  32172	   7dac	VERICI-DEVRE.elf
Finished building: default.size.stdout
 
Finished building: VERICI-DEVRE.bin
 
Finished building: VERICI-DEVRE.list
 
11:44:51 **** Incremental Build of configuration Debug for project VERICI-DEVRE ****
make -j4 all 
arm-none-eabi-gcc "../Core/Src/main.c" -mcpu=cortex-m0plus -std=gnu11 -g3 -DDEBUG -DUSE_HAL_DRIVER -DSTM32L010x6 -c -I../Core/Inc -I../Drivers/STM32L0xx_HAL_Driver/Inc -I../Drivers/STM32L0xx_HAL_Driver/Inc/Legacy -I../Drivers/CMSIS/Device/ST/STM32L0xx/Include -I../Drivers/CMSIS/Include -O0 -ffunction-sections -fdata-sections -Wall -fstack-usage -MMD -MP -MF"Core/Src/main.d" -MT"Core/Src/main.o" --specs=nano.specs -mfloat-abi=soft -mthumb -o "Core/Src/main.o"
../Core/Src/main.c: In function 'main':
../Core/Src/main.c:197:24: warning: format '%d' expects argument of type 'int', but argument 3 has type 'int32_t' {aka 'long int'} [-Wformat=]
  197 |      sprintf(buffer, "%d", temperature);
      |                       ~^   ~~~~~~~~~~~
      |                        |   |
      |                        int int32_t {aka long int}
      |                       %ld
../Core/Src/main.c:203:24: warning: format '%d' expects argument of type 'int', but argument 3 has type 'int32_t' {aka 'long int'} [-Wformat=]
  203 |      sprintf(buffer, "%d", temperature);
      |                       ~^   ~~~~~~~~~~~
      |                        |   |
      |                        int int32_t {aka long int}
      |                       %ld
../Core/Src/main.c:211:24: warning: format '%d' expects argument of type 'int', but argument 3 has type 'int32_t' {aka 'long int'} [-Wformat=]
  211 |      sprintf(buffer, "%d", temperature);
      |                       ~^   ~~~~~~~~~~~
      |                        |   |
      |                        int int32_t {aka long int}
      |                       %ld
../Core/Src/main.c:214:24: warning: format '%d' expects argument of type 'int', but argument 3 has type 'int32_t' {aka 'long int'} [-Wformat=]
  214 |      sprintf(buffer, "%d", temperature); //Temperature/100 demedik çünkü ilk 4 bitini de alıcıya göndermek istiyoruz.100e bölünmesi demek ,'den sonraki 2 sayının silinmesi demek örneğin sonuç 255 yani 25.5 derece eğer ,'den sorna 2 hanenin gözükmesini istersek 10 diyeceğiz yani sonu. 25.57
      |                       ~^   ~~~~~~~~~~~
      |                        |   |
      |                        int int32_t {aka long int}
      |                       %ld
../Core/Src/main.c:221:24: warning: format '%d' expects argument of type 'int', but argument 3 has type 'int32_t' {aka 'long int'} [-Wformat=]
  221 |     sprintf(buffer2, "%d", humidity);
      |                       ~^   ~~~~~~~~
      |                        |   |
      |                        int int32_t {aka long int}
      |                       %ld
../Core/Src/main.c:310:18: warning: pointer targets in passing argument 1 of 'bSendMessage' differ in signedness [-Wpointer-sign]
  310 |     bSendMessage(buffer, strlen(buffer));
      |                  ^~~~~~
      |                  |
      |                  char *
In file included from ../Core/Src/main.c:25:
../Core/Inc/RFM300_Driver.h:396:24: note: expected 'byte *' {aka 'unsigned char *'} but argument is of type 'char *'
  396 | byte bSendMessage(byte msg[], byte length);
      |                   ~~~~~^~~~~
../Core/Src/main.c:349:2: warning: implicit declaration of function 'GPIO_ALL_DisEnable' [-Wimplicit-function-declaration]
  349 |  GPIO_ALL_DisEnable(); //Güç harcamaması için bütün çevre birimlerini kapatıyoruz
      |  ^~~~~~~~~~~~~~~~~~
../Core/Src/main.c: At top level:
../Core/Src/main.c:634:6: warning: conflicting types for 'GPIO_ALL_DisEnable'
  634 | void GPIO_ALL_DisEnable(void) {
      |      ^~~~~~~~~~~~~~~~~~
../Core/Src/main.c:349:2: note: previous implicit declaration of 'GPIO_ALL_DisEnable' was here
  349 |  GPIO_ALL_DisEnable(); //Güç harcamaması için bütün çevre birimlerini kapatıyoruz
      |  ^~~~~~~~~~~~~~~~~~
../Core/Src/main.c: In function 'main':
../Core/Src/main.c:271:6: warning: 'strncat' specified bound 1 equals source length [-Wstringop-overflow=]
  271 |      strncat(buffer, "-", 1); //+ - durumu
      |      ^~~~~~~~~~~~~~~~~~~~~~~
../Core/Src/main.c:275:6: warning: 'strncat' specified bound 2 equals source length [-Wstringop-overflow=]
  275 |      strncat(buffer, "e-", 2); //+ - durumu
      |      ^~~~~~~~~~~~~~~~~~~~~~~~
../Core/Src/main.c:279:6: warning: 'strncat' specified bound 2 equals source length [-Wstringop-overflow=]
  279 |      strncat(buffer, "e+", 2);
      |      ^~~~~~~~~~~~~~~~~~~~~~~~
../Core/Src/main.c:283:6: warning: 'strncat' specified bound 1 equals source length [-Wstringop-overflow=]
  283 |      strncat(buffer, "+", 1); //+ - durumu
      |      ^~~~~~~~~~~~~~~~~~~~~~~
../Core/Src/main.c:289:5: warning: 'strncat' specified bound 12 equals source length [-Wstringop-overflow=]
  289 |     strncat(buffer, "A0000000005B", 12); //seri numarası 10 haneli A ve B arasında
      |     ^~~~~~~~~~~~~~~~~~~~~~~~~~~~~~~~~~~
arm-none-eabi-gcc -o "VERICI-DEVRE.elf" @"objects.list"   -mcpu=cortex-m0plus -T"C:\Users\Enelsis\Desktop\enelsis\kendi github\kendi-kodlarim\Embedded systems\VERICI-DEVRE3\STM32L010C6TX_FLASH.ld" --specs=nosys.specs -Wl,-Map="VERICI-DEVRE.map" -Wl,--gc-sections -static --specs=nano.specs -mfloat-abi=soft -mthumb -Wl,--start-group -lc -lm -Wl,--end-group
Finished building target: VERICI-DEVRE.elf
 
arm-none-eabi-size   VERICI-DEVRE.elf 
arm-none-eabi-objdump -h -S  VERICI-DEVRE.elf  > "VERICI-DEVRE.list"
arm-none-eabi-objcopy  -O binary  VERICI-DEVRE.elf  "VERICI-DEVRE.bin"
   text	   data	    bss	    dec	    hex	filename
  29388	    508	   2276	  32172	   7dac	VERICI-DEVRE.elf
Finished building: default.size.stdout
Finished building: VERICI-DEVRE.bin
 
 
Finished building: VERICI-DEVRE.list
 
12:21:18 **** Incremental Build of configuration Debug for project VERICI-DEVRE ****
make -j4 all 
arm-none-eabi-gcc "../Core/Src/main.c" -mcpu=cortex-m0plus -std=gnu11 -g3 -DDEBUG -DUSE_HAL_DRIVER -DSTM32L010x6 -c -I../Core/Inc -I../Drivers/STM32L0xx_HAL_Driver/Inc -I../Drivers/STM32L0xx_HAL_Driver/Inc/Legacy -I../Drivers/CMSIS/Device/ST/STM32L0xx/Include -I../Drivers/CMSIS/Include -O0 -ffunction-sections -fdata-sections -Wall -fstack-usage -MMD -MP -MF"Core/Src/main.d" -MT"Core/Src/main.o" --specs=nano.specs -mfloat-abi=soft -mthumb -o "Core/Src/main.o"
../Core/Src/main.c: In function 'main':
../Core/Src/main.c:197:24: warning: format '%d' expects argument of type 'int', but argument 3 has type 'int32_t' {aka 'long int'} [-Wformat=]
  197 |      sprintf(buffer, "%d", temperature);
      |                       ~^   ~~~~~~~~~~~
      |                        |   |
      |                        int int32_t {aka long int}
      |                       %ld
../Core/Src/main.c:203:24: warning: format '%d' expects argument of type 'int', but argument 3 has type 'int32_t' {aka 'long int'} [-Wformat=]
  203 |      sprintf(buffer, "%d", temperature);
      |                       ~^   ~~~~~~~~~~~
      |                        |   |
      |                        int int32_t {aka long int}
      |                       %ld
../Core/Src/main.c:211:24: warning: format '%d' expects argument of type 'int', but argument 3 has type 'int32_t' {aka 'long int'} [-Wformat=]
  211 |      sprintf(buffer, "%d", temperature);
      |                       ~^   ~~~~~~~~~~~
      |                        |   |
      |                        int int32_t {aka long int}
      |                       %ld
../Core/Src/main.c:214:24: warning: format '%d' expects argument of type 'int', but argument 3 has type 'int32_t' {aka 'long int'} [-Wformat=]
  214 |      sprintf(buffer, "%d", temperature); //Temperature/100 demedik çünkü ilk 4 bitini de alıcıya göndermek istiyoruz.100e bölünmesi demek ,'den sonraki 2 sayının silinmesi demek örneğin sonuç 255 yani 25.5 derece eğer ,'den sorna 2 hanenin gözükmesini istersek 10 diyeceğiz yani sonu. 25.57
      |                       ~^   ~~~~~~~~~~~
      |                        |   |
      |                        int int32_t {aka long int}
      |                       %ld
../Core/Src/main.c:221:24: warning: format '%d' expects argument of type 'int', but argument 3 has type 'int32_t' {aka 'long int'} [-Wformat=]
  221 |     sprintf(buffer2, "%d", humidity);
      |                       ~^   ~~~~~~~~
      |                        |   |
      |                        int int32_t {aka long int}
      |                       %ld
../Core/Src/main.c:310:18: warning: pointer targets in passing argument 1 of 'bSendMessage' differ in signedness [-Wpointer-sign]
  310 |     bSendMessage(buffer, strlen(buffer));
      |                  ^~~~~~
      |                  |
      |                  char *
In file included from ../Core/Src/main.c:25:
../Core/Inc/RFM300_Driver.h:396:24: note: expected 'byte *' {aka 'unsigned char *'} but argument is of type 'char *'
  396 | byte bSendMessage(byte msg[], byte length);
      |                   ~~~~~^~~~~
../Core/Src/main.c:349:2: warning: implicit declaration of function 'GPIO_ALL_DisEnable' [-Wimplicit-function-declaration]
  349 |  GPIO_ALL_DisEnable(); //Güç harcamaması için bütün çevre birimlerini kapatıyoruz
      |  ^~~~~~~~~~~~~~~~~~
../Core/Src/main.c: At top level:
../Core/Src/main.c:634:6: warning: conflicting types for 'GPIO_ALL_DisEnable'
  634 | void GPIO_ALL_DisEnable(void) {
      |      ^~~~~~~~~~~~~~~~~~
../Core/Src/main.c:349:2: note: previous implicit declaration of 'GPIO_ALL_DisEnable' was here
  349 |  GPIO_ALL_DisEnable(); //Güç harcamaması için bütün çevre birimlerini kapatıyoruz
      |  ^~~~~~~~~~~~~~~~~~
../Core/Src/main.c: In function 'main':
../Core/Src/main.c:271:6: warning: 'strncat' specified bound 1 equals source length [-Wstringop-overflow=]
  271 |      strncat(buffer, "-", 1); //+ - durumu
      |      ^~~~~~~~~~~~~~~~~~~~~~~
../Core/Src/main.c:275:6: warning: 'strncat' specified bound 2 equals source length [-Wstringop-overflow=]
  275 |      strncat(buffer, "e-", 2); //+ - durumu
      |      ^~~~~~~~~~~~~~~~~~~~~~~~
../Core/Src/main.c:279:6: warning: 'strncat' specified bound 2 equals source length [-Wstringop-overflow=]
  279 |      strncat(buffer, "e+", 2);
      |      ^~~~~~~~~~~~~~~~~~~~~~~~
../Core/Src/main.c:283:6: warning: 'strncat' specified bound 1 equals source length [-Wstringop-overflow=]
  283 |      strncat(buffer, "+", 1); //+ - durumu
      |      ^~~~~~~~~~~~~~~~~~~~~~~
../Core/Src/main.c:289:5: warning: 'strncat' specified bound 12 equals source length [-Wstringop-overflow=]
  289 |     strncat(buffer, "A0000000002B", 12); //seri numarası 10 haneli A ve B arasında
      |     ^~~~~~~~~~~~~~~~~~~~~~~~~~~~~~~~~~~
arm-none-eabi-gcc -o "VERICI-DEVRE.elf" @"objects.list"   -mcpu=cortex-m0plus -T"C:\Users\Enelsis\Desktop\enelsis\kendi github\kendi-kodlarim\Embedded systems\VERICI-DEVRE3\STM32L010C6TX_FLASH.ld" --specs=nosys.specs -Wl,-Map="VERICI-DEVRE.map" -Wl,--gc-sections -static --specs=nano.specs -mfloat-abi=soft -mthumb -Wl,--start-group -lc -lm -Wl,--end-group
Finished building target: VERICI-DEVRE.elf
 
arm-none-eabi-size   VERICI-DEVRE.elf 
arm-none-eabi-objdump -h -S  VERICI-DEVRE.elf  > "VERICI-DEVRE.list"
arm-none-eabi-objcopy  -O binary  VERICI-DEVRE.elf  "VERICI-DEVRE.bin"
   text	   data	    bss	    dec	    hex	filename
  29388	    508	   2276	  32172	   7dac	VERICI-DEVRE.elf
Finished building: default.size.stdout
 
Finished building: VERICI-DEVRE.bin
 
Finished building: VERICI-DEVRE.list
 
13:50:58 **** Incremental Build of configuration Debug for project VERICI-DEVRE ****
make -j4 all 
arm-none-eabi-gcc "../Core/Src/main.c" -mcpu=cortex-m0plus -std=gnu11 -g3 -DDEBUG -DUSE_HAL_DRIVER -DSTM32L010x6 -c -I../Core/Inc -I../Drivers/STM32L0xx_HAL_Driver/Inc -I../Drivers/STM32L0xx_HAL_Driver/Inc/Legacy -I../Drivers/CMSIS/Device/ST/STM32L0xx/Include -I../Drivers/CMSIS/Include -O0 -ffunction-sections -fdata-sections -Wall -fstack-usage -MMD -MP -MF"Core/Src/main.d" -MT"Core/Src/main.o" --specs=nano.specs -mfloat-abi=soft -mthumb -o "Core/Src/main.o"
../Core/Src/main.c: In function 'main':
../Core/Src/main.c:197:24: warning: format '%d' expects argument of type 'int', but argument 3 has type 'int32_t' {aka 'long int'} [-Wformat=]
  197 |      sprintf(buffer, "%d", temperature);
      |                       ~^   ~~~~~~~~~~~
      |                        |   |
      |                        int int32_t {aka long int}
      |                       %ld
../Core/Src/main.c:203:24: warning: format '%d' expects argument of type 'int', but argument 3 has type 'int32_t' {aka 'long int'} [-Wformat=]
  203 |      sprintf(buffer, "%d", temperature);
      |                       ~^   ~~~~~~~~~~~
      |                        |   |
      |                        int int32_t {aka long int}
      |                       %ld
../Core/Src/main.c:211:24: warning: format '%d' expects argument of type 'int', but argument 3 has type 'int32_t' {aka 'long int'} [-Wformat=]
  211 |      sprintf(buffer, "%d", temperature);
      |                       ~^   ~~~~~~~~~~~
      |                        |   |
      |                        int int32_t {aka long int}
      |                       %ld
../Core/Src/main.c:214:24: warning: format '%d' expects argument of type 'int', but argument 3 has type 'int32_t' {aka 'long int'} [-Wformat=]
  214 |      sprintf(buffer, "%d", temperature); //Temperature/100 demedik çünkü ilk 4 bitini de alıcıya göndermek istiyoruz.100e bölünmesi demek ,'den sonraki 2 sayının silinmesi demek örneğin sonuç 255 yani 25.5 derece eğer ,'den sorna 2 hanenin gözükmesini istersek 10 diyeceğiz yani sonu. 25.57
      |                       ~^   ~~~~~~~~~~~
      |                        |   |
      |                        int int32_t {aka long int}
      |                       %ld
../Core/Src/main.c:221:24: warning: format '%d' expects argument of type 'int', but argument 3 has type 'int32_t' {aka 'long int'} [-Wformat=]
  221 |     sprintf(buffer2, "%d", humidity);
      |                       ~^   ~~~~~~~~
      |                        |   |
      |                        int int32_t {aka long int}
      |                       %ld
../Core/Src/main.c:310:18: warning: pointer targets in passing argument 1 of 'bSendMessage' differ in signedness [-Wpointer-sign]
  310 |     bSendMessage(buffer, strlen(buffer));
      |                  ^~~~~~
      |                  |
      |                  char *
In file included from ../Core/Src/main.c:25:
../Core/Inc/RFM300_Driver.h:396:24: note: expected 'byte *' {aka 'unsigned char *'} but argument is of type 'char *'
  396 | byte bSendMessage(byte msg[], byte length);
      |                   ~~~~~^~~~~
../Core/Src/main.c:349:2: warning: implicit declaration of function 'GPIO_ALL_DisEnable' [-Wimplicit-function-declaration]
  349 |  GPIO_ALL_DisEnable(); //Güç harcamaması için bütün çevre birimlerini kapatıyoruz
      |  ^~~~~~~~~~~~~~~~~~
../Core/Src/main.c: At top level:
../Core/Src/main.c:634:6: warning: conflicting types for 'GPIO_ALL_DisEnable'
  634 | void GPIO_ALL_DisEnable(void) {
      |      ^~~~~~~~~~~~~~~~~~
../Core/Src/main.c:349:2: note: previous implicit declaration of 'GPIO_ALL_DisEnable' was here
  349 |  GPIO_ALL_DisEnable(); //Güç harcamaması için bütün çevre birimlerini kapatıyoruz
      |  ^~~~~~~~~~~~~~~~~~
../Core/Src/main.c: In function 'main':
../Core/Src/main.c:271:6: warning: 'strncat' specified bound 1 equals source length [-Wstringop-overflow=]
  271 |      strncat(buffer, "-", 1); //+ - durumu
      |      ^~~~~~~~~~~~~~~~~~~~~~~
../Core/Src/main.c:275:6: warning: 'strncat' specified bound 2 equals source length [-Wstringop-overflow=]
  275 |      strncat(buffer, "e-", 2); //+ - durumu
      |      ^~~~~~~~~~~~~~~~~~~~~~~~
../Core/Src/main.c:279:6: warning: 'strncat' specified bound 2 equals source length [-Wstringop-overflow=]
  279 |      strncat(buffer, "e+", 2);
      |      ^~~~~~~~~~~~~~~~~~~~~~~~
../Core/Src/main.c:283:6: warning: 'strncat' specified bound 1 equals source length [-Wstringop-overflow=]
  283 |      strncat(buffer, "+", 1); //+ - durumu
      |      ^~~~~~~~~~~~~~~~~~~~~~~
../Core/Src/main.c:289:5: warning: 'strncat' specified bound 12 equals source length [-Wstringop-overflow=]
  289 |     strncat(buffer, "A0000000004B", 12); //seri numarası 10 haneli A ve B arasında
      |     ^~~~~~~~~~~~~~~~~~~~~~~~~~~~~~~~~~~
arm-none-eabi-gcc -o "VERICI-DEVRE.elf" @"objects.list"   -mcpu=cortex-m0plus -T"C:\Users\Enelsis\Desktop\enelsis\kendi github\kendi-kodlarim\Embedded systems\VERICI-DEVRE3\STM32L010C6TX_FLASH.ld" --specs=nosys.specs -Wl,-Map="VERICI-DEVRE.map" -Wl,--gc-sections -static --specs=nano.specs -mfloat-abi=soft -mthumb -Wl,--start-group -lc -lm -Wl,--end-group
Finished building target: VERICI-DEVRE.elf
 
arm-none-eabi-size   VERICI-DEVRE.elf 
arm-none-eabi-objdump -h -S  VERICI-DEVRE.elf  > "VERICI-DEVRE.list"
arm-none-eabi-objcopy  -O binary  VERICI-DEVRE.elf  "VERICI-DEVRE.bin"
   text	   data	    bss	    dec	    hex	filename
  29388	    508	   2276	  32172	   7dac	VERICI-DEVRE.elf
Finished building: default.size.stdout
 
Finished building: VERICI-DEVRE.bin
 
Finished building: VERICI-DEVRE.list
 
13:51:19 **** Incremental Build of configuration Debug for project VERICI-DEVRE ****
make -j4 all 
arm-none-eabi-size   VERICI-DEVRE.elf 
   text	   data	    bss	    dec	    hex	filename
  29388	    508	   2276	  32172	   7dac	VERICI-DEVRE.elf
Finished building: default.size.stdout
 
13:51:31 **** Incremental Build of configuration Debug for project VERICI-DEVRE ****
make -j4 all 
arm-none-eabi-size   VERICI-DEVRE.elf 
   text	   data	    bss	    dec	    hex	filename
  29388	    508	   2276	  32172	   7dac	VERICI-DEVRE.elf
Finished building: default.size.stdout
 
15:10:19 **** Incremental Build of configuration Debug for project VERICI-DEVRE ****
make -j4 all 
arm-none-eabi-gcc "../Core/Src/main.c" -mcpu=cortex-m0plus -std=gnu11 -g3 -DDEBUG -DUSE_HAL_DRIVER -DSTM32L010x6 -c -I../Core/Inc -I../Drivers/STM32L0xx_HAL_Driver/Inc -I../Drivers/STM32L0xx_HAL_Driver/Inc/Legacy -I../Drivers/CMSIS/Device/ST/STM32L0xx/Include -I../Drivers/CMSIS/Include -O0 -ffunction-sections -fdata-sections -Wall -fstack-usage -MMD -MP -MF"Core/Src/main.d" -MT"Core/Src/main.o" --specs=nano.specs -mfloat-abi=soft -mthumb -o "Core/Src/main.o"
../Core/Src/main.c: In function 'main':
../Core/Src/main.c:197:24: warning: format '%d' expects argument of type 'int', but argument 3 has type 'int32_t' {aka 'long int'} [-Wformat=]
  197 |      sprintf(buffer, "%d", temperature);
      |                       ~^   ~~~~~~~~~~~
      |                        |   |
      |                        int int32_t {aka long int}
      |                       %ld
../Core/Src/main.c:203:24: warning: format '%d' expects argument of type 'int', but argument 3 has type 'int32_t' {aka 'long int'} [-Wformat=]
  203 |      sprintf(buffer, "%d", temperature);
      |                       ~^   ~~~~~~~~~~~
      |                        |   |
      |                        int int32_t {aka long int}
      |                       %ld
../Core/Src/main.c:211:24: warning: format '%d' expects argument of type 'int', but argument 3 has type 'int32_t' {aka 'long int'} [-Wformat=]
  211 |      sprintf(buffer, "%d", temperature);
      |                       ~^   ~~~~~~~~~~~
      |                        |   |
      |                        int int32_t {aka long int}
      |                       %ld
../Core/Src/main.c:214:24: warning: format '%d' expects argument of type 'int', but argument 3 has type 'int32_t' {aka 'long int'} [-Wformat=]
  214 |      sprintf(buffer, "%d", temperature); //Temperature/100 demedik çünkü ilk 4 bitini de alıcıya göndermek istiyoruz.100e bölünmesi demek ,'den sonraki 2 sayının silinmesi demek örneğin sonuç 255 yani 25.5 derece eğer ,'den sorna 2 hanenin gözükmesini istersek 10 diyeceğiz yani sonu. 25.57
      |                       ~^   ~~~~~~~~~~~
      |                        |   |
      |                        int int32_t {aka long int}
      |                       %ld
../Core/Src/main.c:221:24: warning: format '%d' expects argument of type 'int', but argument 3 has type 'int32_t' {aka 'long int'} [-Wformat=]
  221 |     sprintf(buffer2, "%d", humidity);
      |                       ~^   ~~~~~~~~
      |                        |   |
      |                        int int32_t {aka long int}
      |                       %ld
../Core/Src/main.c:310:18: warning: pointer targets in passing argument 1 of 'bSendMessage' differ in signedness [-Wpointer-sign]
  310 |     bSendMessage(buffer, strlen(buffer));
      |                  ^~~~~~
      |                  |
      |                  char *
In file included from ../Core/Src/main.c:25:
../Core/Inc/RFM300_Driver.h:396:24: note: expected 'byte *' {aka 'unsigned char *'} but argument is of type 'char *'
  396 | byte bSendMessage(byte msg[], byte length);
      |                   ~~~~~^~~~~
../Core/Src/main.c:349:2: warning: implicit declaration of function 'GPIO_ALL_DisEnable' [-Wimplicit-function-declaration]
  349 |  GPIO_ALL_DisEnable(); //Güç harcamaması için bütün çevre birimlerini kapatıyoruz
      |  ^~~~~~~~~~~~~~~~~~
../Core/Src/main.c: At top level:
../Core/Src/main.c:634:6: warning: conflicting types for 'GPIO_ALL_DisEnable'
  634 | void GPIO_ALL_DisEnable(void) {
      |      ^~~~~~~~~~~~~~~~~~
../Core/Src/main.c:349:2: note: previous implicit declaration of 'GPIO_ALL_DisEnable' was here
  349 |  GPIO_ALL_DisEnable(); //Güç harcamaması için bütün çevre birimlerini kapatıyoruz
      |  ^~~~~~~~~~~~~~~~~~
../Core/Src/main.c: In function 'main':
../Core/Src/main.c:271:6: warning: 'strncat' specified bound 1 equals source length [-Wstringop-overflow=]
  271 |      strncat(buffer, "-", 1); //+ - durumu
      |      ^~~~~~~~~~~~~~~~~~~~~~~
../Core/Src/main.c:275:6: warning: 'strncat' specified bound 2 equals source length [-Wstringop-overflow=]
  275 |      strncat(buffer, "e-", 2); //+ - durumu
      |      ^~~~~~~~~~~~~~~~~~~~~~~~
../Core/Src/main.c:279:6: warning: 'strncat' specified bound 2 equals source length [-Wstringop-overflow=]
  279 |      strncat(buffer, "e+", 2);
      |      ^~~~~~~~~~~~~~~~~~~~~~~~
../Core/Src/main.c:283:6: warning: 'strncat' specified bound 1 equals source length [-Wstringop-overflow=]
  283 |      strncat(buffer, "+", 1); //+ - durumu
      |      ^~~~~~~~~~~~~~~~~~~~~~~
../Core/Src/main.c:289:5: warning: 'strncat' specified bound 12 equals source length [-Wstringop-overflow=]
  289 |     strncat(buffer, "A0000000003B", 12); //seri numarası 10 haneli A ve B arasında
      |     ^~~~~~~~~~~~~~~~~~~~~~~~~~~~~~~~~~~
arm-none-eabi-gcc -o "VERICI-DEVRE.elf" @"objects.list"   -mcpu=cortex-m0plus -T"C:\Users\Enelsis\Desktop\enelsis\kendi github\kendi-kodlarim\Embedded systems\VERICI-DEVRE3\STM32L010C6TX_FLASH.ld" --specs=nosys.specs -Wl,-Map="VERICI-DEVRE.map" -Wl,--gc-sections -static --specs=nano.specs -mfloat-abi=soft -mthumb -Wl,--start-group -lc -lm -Wl,--end-group
Finished building target: VERICI-DEVRE.elf
 
arm-none-eabi-size   VERICI-DEVRE.elf 
arm-none-eabi-objdump -h -S  VERICI-DEVRE.elf  > "VERICI-DEVRE.list"
arm-none-eabi-objcopy  -O binary  VERICI-DEVRE.elf  "VERICI-DEVRE.bin"
   text	   data	    bss	    dec	    hex	filename
  29388	    508	   2276	  32172	   7dac	VERICI-DEVRE.elf
Finished building: default.size.stdout
 
Finished building: VERICI-DEVRE.bin
 
Finished building: VERICI-DEVRE.list
 
15:10:30 **** Incremental Build of configuration Debug for project VERICI-DEVRE ****
make -j4 all 
arm-none-eabi-size   VERICI-DEVRE.elf 
   text	   data	    bss	    dec	    hex	filename
  29388	    508	   2276	  32172	   7dac	VERICI-DEVRE.elf
Finished building: default.size.stdout
 
15:11:33 **** Incremental Build of configuration Debug for project VERICI-DEVRE ****
make -j4 all 
arm-none-eabi-gcc "../Core/Src/main.c" -mcpu=cortex-m0plus -std=gnu11 -g3 -DDEBUG -DUSE_HAL_DRIVER -DSTM32L010x6 -c -I../Core/Inc -I../Drivers/STM32L0xx_HAL_Driver/Inc -I../Drivers/STM32L0xx_HAL_Driver/Inc/Legacy -I../Drivers/CMSIS/Device/ST/STM32L0xx/Include -I../Drivers/CMSIS/Include -O0 -ffunction-sections -fdata-sections -Wall -fstack-usage -MMD -MP -MF"Core/Src/main.d" -MT"Core/Src/main.o" --specs=nano.specs -mfloat-abi=soft -mthumb -o "Core/Src/main.o"
../Core/Src/main.c: In function 'main':
../Core/Src/main.c:197:24: warning: format '%d' expects argument of type 'int', but argument 3 has type 'int32_t' {aka 'long int'} [-Wformat=]
  197 |      sprintf(buffer, "%d", temperature);
      |                       ~^   ~~~~~~~~~~~
      |                        |   |
      |                        int int32_t {aka long int}
      |                       %ld
../Core/Src/main.c:203:24: warning: format '%d' expects argument of type 'int', but argument 3 has type 'int32_t' {aka 'long int'} [-Wformat=]
  203 |      sprintf(buffer, "%d", temperature);
      |                       ~^   ~~~~~~~~~~~
      |                        |   |
      |                        int int32_t {aka long int}
      |                       %ld
../Core/Src/main.c:211:24: warning: format '%d' expects argument of type 'int', but argument 3 has type 'int32_t' {aka 'long int'} [-Wformat=]
  211 |      sprintf(buffer, "%d", temperature);
      |                       ~^   ~~~~~~~~~~~
      |                        |   |
      |                        int int32_t {aka long int}
      |                       %ld
../Core/Src/main.c:214:24: warning: format '%d' expects argument of type 'int', but argument 3 has type 'int32_t' {aka 'long int'} [-Wformat=]
  214 |      sprintf(buffer, "%d", temperature); //Temperature/100 demedik çünkü ilk 4 bitini de alıcıya göndermek istiyoruz.100e bölünmesi demek ,'den sonraki 2 sayının silinmesi demek örneğin sonuç 255 yani 25.5 derece eğer ,'den sorna 2 hanenin gözükmesini istersek 10 diyeceğiz yani sonu. 25.57
      |                       ~^   ~~~~~~~~~~~
      |                        |   |
      |                        int int32_t {aka long int}
      |                       %ld
../Core/Src/main.c:221:24: warning: format '%d' expects argument of type 'int', but argument 3 has type 'int32_t' {aka 'long int'} [-Wformat=]
  221 |     sprintf(buffer2, "%d", humidity);
      |                       ~^   ~~~~~~~~
      |                        |   |
      |                        int int32_t {aka long int}
      |                       %ld
../Core/Src/main.c:310:18: warning: pointer targets in passing argument 1 of 'bSendMessage' differ in signedness [-Wpointer-sign]
  310 |     bSendMessage(buffer, strlen(buffer));
      |                  ^~~~~~
      |                  |
      |                  char *
In file included from ../Core/Src/main.c:25:
../Core/Inc/RFM300_Driver.h:396:24: note: expected 'byte *' {aka 'unsigned char *'} but argument is of type 'char *'
  396 | byte bSendMessage(byte msg[], byte length);
      |                   ~~~~~^~~~~
../Core/Src/main.c:349:2: warning: implicit declaration of function 'GPIO_ALL_DisEnable' [-Wimplicit-function-declaration]
  349 |  GPIO_ALL_DisEnable(); //Güç harcamaması için bütün çevre birimlerini kapatıyoruz
      |  ^~~~~~~~~~~~~~~~~~
../Core/Src/main.c: At top level:
../Core/Src/main.c:634:6: warning: conflicting types for 'GPIO_ALL_DisEnable'
  634 | void GPIO_ALL_DisEnable(void) {
      |      ^~~~~~~~~~~~~~~~~~
../Core/Src/main.c:349:2: note: previous implicit declaration of 'GPIO_ALL_DisEnable' was here
  349 |  GPIO_ALL_DisEnable(); //Güç harcamaması için bütün çevre birimlerini kapatıyoruz
      |  ^~~~~~~~~~~~~~~~~~
../Core/Src/main.c: In function 'main':
../Core/Src/main.c:271:6: warning: 'strncat' specified bound 1 equals source length [-Wstringop-overflow=]
  271 |      strncat(buffer, "-", 1); //+ - durumu
      |      ^~~~~~~~~~~~~~~~~~~~~~~
../Core/Src/main.c:275:6: warning: 'strncat' specified bound 2 equals source length [-Wstringop-overflow=]
  275 |      strncat(buffer, "e-", 2); //+ - durumu
      |      ^~~~~~~~~~~~~~~~~~~~~~~~
../Core/Src/main.c:279:6: warning: 'strncat' specified bound 2 equals source length [-Wstringop-overflow=]
  279 |      strncat(buffer, "e+", 2);
      |      ^~~~~~~~~~~~~~~~~~~~~~~~
../Core/Src/main.c:283:6: warning: 'strncat' specified bound 1 equals source length [-Wstringop-overflow=]
  283 |      strncat(buffer, "+", 1); //+ - durumu
      |      ^~~~~~~~~~~~~~~~~~~~~~~
../Core/Src/main.c:289:5: warning: 'strncat' specified bound 12 equals source length [-Wstringop-overflow=]
  289 |     strncat(buffer, "A0000000002B", 12); //seri numarası 10 haneli A ve B arasında
      |     ^~~~~~~~~~~~~~~~~~~~~~~~~~~~~~~~~~~
arm-none-eabi-gcc -o "VERICI-DEVRE.elf" @"objects.list"   -mcpu=cortex-m0plus -T"C:\Users\Enelsis\Desktop\enelsis\kendi github\kendi-kodlarim\Embedded systems\VERICI-DEVRE3\STM32L010C6TX_FLASH.ld" --specs=nosys.specs -Wl,-Map="VERICI-DEVRE.map" -Wl,--gc-sections -static --specs=nano.specs -mfloat-abi=soft -mthumb -Wl,--start-group -lc -lm -Wl,--end-group
Finished building target: VERICI-DEVRE.elf
 
arm-none-eabi-size   VERICI-DEVRE.elf 
arm-none-eabi-objdump -h -S  VERICI-DEVRE.elf  > "VERICI-DEVRE.list"
arm-none-eabi-objcopy  -O binary  VERICI-DEVRE.elf  "VERICI-DEVRE.bin"
   text	   data	    bss	    dec	    hex	filename
  29388	    508	   2276	  32172	   7dac	VERICI-DEVRE.elf
Finished building: default.size.stdout
 
Finished building: VERICI-DEVRE.bin
 
Finished building: VERICI-DEVRE.list
 
15:11:35 **** Incremental Build of configuration Debug for project VERICI-DEVRE ****
make -j4 all 
arm-none-eabi-size   VERICI-DEVRE.elf 
   text	   data	    bss	    dec	    hex	filename
  29388	    508	   2276	  32172	   7dac	VERICI-DEVRE.elf
Finished building: default.size.stdout
 
15:11:46 **** Incremental Build of configuration Debug for project VERICI-DEVRE ****
make -j4 all 
arm-none-eabi-size   VERICI-DEVRE.elf 
   text	   data	    bss	    dec	    hex	filename
  29388	    508	   2276	  32172	   7dac	VERICI-DEVRE.elf
Finished building: default.size.stdout
 
15:35:39 **** Incremental Build of configuration Debug for project VERICI-DEVRE ****
make -j4 all 
arm-none-eabi-gcc "../Core/Src/main.c" -mcpu=cortex-m0plus -std=gnu11 -g3 -DDEBUG -DUSE_HAL_DRIVER -DSTM32L010x6 -c -I../Core/Inc -I../Drivers/STM32L0xx_HAL_Driver/Inc -I../Drivers/STM32L0xx_HAL_Driver/Inc/Legacy -I../Drivers/CMSIS/Device/ST/STM32L0xx/Include -I../Drivers/CMSIS/Include -O0 -ffunction-sections -fdata-sections -Wall -fstack-usage -MMD -MP -MF"Core/Src/main.d" -MT"Core/Src/main.o" --specs=nano.specs -mfloat-abi=soft -mthumb -o "Core/Src/main.o"
../Core/Src/main.c: In function 'main':
../Core/Src/main.c:197:24: warning: format '%d' expects argument of type 'int', but argument 3 has type 'int32_t' {aka 'long int'} [-Wformat=]
  197 |      sprintf(buffer, "%d", temperature);
      |                       ~^   ~~~~~~~~~~~
      |                        |   |
      |                        int int32_t {aka long int}
      |                       %ld
../Core/Src/main.c:203:24: warning: format '%d' expects argument of type 'int', but argument 3 has type 'int32_t' {aka 'long int'} [-Wformat=]
  203 |      sprintf(buffer, "%d", temperature);
      |                       ~^   ~~~~~~~~~~~
      |                        |   |
      |                        int int32_t {aka long int}
      |                       %ld
../Core/Src/main.c:211:24: warning: format '%d' expects argument of type 'int', but argument 3 has type 'int32_t' {aka 'long int'} [-Wformat=]
  211 |      sprintf(buffer, "%d", temperature);
      |                       ~^   ~~~~~~~~~~~
      |                        |   |
      |                        int int32_t {aka long int}
      |                       %ld
../Core/Src/main.c:214:24: warning: format '%d' expects argument of type 'int', but argument 3 has type 'int32_t' {aka 'long int'} [-Wformat=]
  214 |      sprintf(buffer, "%d", temperature); //Temperature/100 demedik çünkü ilk 4 bitini de alıcıya göndermek istiyoruz.100e bölünmesi demek ,'den sonraki 2 sayının silinmesi demek örneğin sonuç 255 yani 25.5 derece eğer ,'den sorna 2 hanenin gözükmesini istersek 10 diyeceğiz yani sonu. 25.57
      |                       ~^   ~~~~~~~~~~~
      |                        |   |
      |                        int int32_t {aka long int}
      |                       %ld
../Core/Src/main.c:221:24: warning: format '%d' expects argument of type 'int', but argument 3 has type 'int32_t' {aka 'long int'} [-Wformat=]
  221 |     sprintf(buffer2, "%d", humidity);
      |                       ~^   ~~~~~~~~
      |                        |   |
      |                        int int32_t {aka long int}
      |                       %ld
../Core/Src/main.c:310:18: warning: pointer targets in passing argument 1 of 'bSendMessage' differ in signedness [-Wpointer-sign]
  310 |     bSendMessage(buffer, strlen(buffer));
      |                  ^~~~~~
      |                  |
      |                  char *
In file included from ../Core/Src/main.c:25:
../Core/Inc/RFM300_Driver.h:396:24: note: expected 'byte *' {aka 'unsigned char *'} but argument is of type 'char *'
  396 | byte bSendMessage(byte msg[], byte length);
      |                   ~~~~~^~~~~
../Core/Src/main.c:349:2: warning: implicit declaration of function 'GPIO_ALL_DisEnable' [-Wimplicit-function-declaration]
  349 |  GPIO_ALL_DisEnable(); //Güç harcamaması için bütün çevre birimlerini kapatıyoruz
      |  ^~~~~~~~~~~~~~~~~~
../Core/Src/main.c: At top level:
../Core/Src/main.c:634:6: warning: conflicting types for 'GPIO_ALL_DisEnable'
  634 | void GPIO_ALL_DisEnable(void) {
      |      ^~~~~~~~~~~~~~~~~~
../Core/Src/main.c:349:2: note: previous implicit declaration of 'GPIO_ALL_DisEnable' was here
  349 |  GPIO_ALL_DisEnable(); //Güç harcamaması için bütün çevre birimlerini kapatıyoruz
      |  ^~~~~~~~~~~~~~~~~~
../Core/Src/main.c: In function 'main':
../Core/Src/main.c:271:6: warning: 'strncat' specified bound 1 equals source length [-Wstringop-overflow=]
  271 |      strncat(buffer, "-", 1); //+ - durumu
      |      ^~~~~~~~~~~~~~~~~~~~~~~
../Core/Src/main.c:275:6: warning: 'strncat' specified bound 2 equals source length [-Wstringop-overflow=]
  275 |      strncat(buffer, "e-", 2); //+ - durumu
      |      ^~~~~~~~~~~~~~~~~~~~~~~~
../Core/Src/main.c:279:6: warning: 'strncat' specified bound 2 equals source length [-Wstringop-overflow=]
  279 |      strncat(buffer, "e+", 2);
      |      ^~~~~~~~~~~~~~~~~~~~~~~~
../Core/Src/main.c:283:6: warning: 'strncat' specified bound 1 equals source length [-Wstringop-overflow=]
  283 |      strncat(buffer, "+", 1); //+ - durumu
      |      ^~~~~~~~~~~~~~~~~~~~~~~
../Core/Src/main.c:289:5: warning: 'strncat' specified bound 12 equals source length [-Wstringop-overflow=]
  289 |     strncat(buffer, "A0000000004B", 12); //seri numarası 10 haneli A ve B arasında
      |     ^~~~~~~~~~~~~~~~~~~~~~~~~~~~~~~~~~~
arm-none-eabi-gcc -o "VERICI-DEVRE.elf" @"objects.list"   -mcpu=cortex-m0plus -T"C:\Users\Enelsis\Desktop\enelsis\kendi github\kendi-kodlarim\Embedded systems\VERICI-DEVRE3\STM32L010C6TX_FLASH.ld" --specs=nosys.specs -Wl,-Map="VERICI-DEVRE.map" -Wl,--gc-sections -static --specs=nano.specs -mfloat-abi=soft -mthumb -Wl,--start-group -lc -lm -Wl,--end-group
Finished building target: VERICI-DEVRE.elf
 
arm-none-eabi-size   VERICI-DEVRE.elf 
arm-none-eabi-objdump -h -S  VERICI-DEVRE.elf  > "VERICI-DEVRE.list"
arm-none-eabi-objcopy  -O binary  VERICI-DEVRE.elf  "VERICI-DEVRE.bin"
   text	   data	    bss	    dec	    hex	filename
  29388	    508	   2276	  32172	   7dac	VERICI-DEVRE.elf
Finished building: default.size.stdout
 
Finished building: VERICI-DEVRE.bin
 
Finished building: VERICI-DEVRE.list
 
15:35:50 **** Incremental Build of configuration Debug for project VERICI-DEVRE ****
make -j4 all 
arm-none-eabi-size   VERICI-DEVRE.elf 
   text	   data	    bss	    dec	    hex	filename
  29388	    508	   2276	  32172	   7dac	VERICI-DEVRE.elf
Finished building: default.size.stdout
 
15:35:51 **** Incremental Build of configuration Debug for project VERICI-DEVRE ****
make -j4 all 
arm-none-eabi-size   VERICI-DEVRE.elf 
   text	   data	    bss	    dec	    hex	filename
  29388	    508	   2276	  32172	   7dac	VERICI-DEVRE.elf
Finished building: default.size.stdout
 
15:36:02 **** Incremental Build of configuration Debug for project VERICI-DEVRE ****
make -j4 all 
arm-none-eabi-size   VERICI-DEVRE.elf 
   text	   data	    bss	    dec	    hex	filename
  29388	    508	   2276	  32172	   7dac	VERICI-DEVRE.elf
Finished building: default.size.stdout
 
15:37:45 **** Incremental Build of configuration Debug for project VERICI-DEVRE ****
make -j4 all 
arm-none-eabi-size   VERICI-DEVRE.elf 
   text	   data	    bss	    dec	    hex	filename
  29388	    508	   2276	  32172	   7dac	VERICI-DEVRE.elf
Finished building: default.size.stdout
 
15:38:15 **** Incremental Build of configuration Debug for project VERICI-DEVRE ****
make -j4 all 
arm-none-eabi-size   VERICI-DEVRE.elf 
   text	   data	    bss	    dec	    hex	filename
  29388	    508	   2276	  32172	   7dac	VERICI-DEVRE.elf
Finished building: default.size.stdout
 
15:48:25 **** Incremental Build of configuration Debug for project VERICI-DEVRE ****
make -j4 all 
arm-none-eabi-gcc "../Core/Src/main.c" -mcpu=cortex-m0plus -std=gnu11 -g3 -DDEBUG -DUSE_HAL_DRIVER -DSTM32L010x6 -c -I../Core/Inc -I../Drivers/STM32L0xx_HAL_Driver/Inc -I../Drivers/STM32L0xx_HAL_Driver/Inc/Legacy -I../Drivers/CMSIS/Device/ST/STM32L0xx/Include -I../Drivers/CMSIS/Include -O0 -ffunction-sections -fdata-sections -Wall -fstack-usage -MMD -MP -MF"Core/Src/main.d" -MT"Core/Src/main.o" --specs=nano.specs -mfloat-abi=soft -mthumb -o "Core/Src/main.o"
../Core/Src/main.c: In function 'main':
../Core/Src/main.c:197:24: warning: format '%d' expects argument of type 'int', but argument 3 has type 'int32_t' {aka 'long int'} [-Wformat=]
  197 |      sprintf(buffer, "%d", temperature);
      |                       ~^   ~~~~~~~~~~~
      |                        |   |
      |                        int int32_t {aka long int}
      |                       %ld
../Core/Src/main.c:203:24: warning: format '%d' expects argument of type 'int', but argument 3 has type 'int32_t' {aka 'long int'} [-Wformat=]
  203 |      sprintf(buffer, "%d", temperature);
      |                       ~^   ~~~~~~~~~~~
      |                        |   |
      |                        int int32_t {aka long int}
      |                       %ld
../Core/Src/main.c:211:24: warning: format '%d' expects argument of type 'int', but argument 3 has type 'int32_t' {aka 'long int'} [-Wformat=]
  211 |      sprintf(buffer, "%d", temperature);
      |                       ~^   ~~~~~~~~~~~
      |                        |   |
      |                        int int32_t {aka long int}
      |                       %ld
../Core/Src/main.c:214:24: warning: format '%d' expects argument of type 'int', but argument 3 has type 'int32_t' {aka 'long int'} [-Wformat=]
  214 |      sprintf(buffer, "%d", temperature); //Temperature/100 demedik çünkü ilk 4 bitini de alıcıya göndermek istiyoruz.100e bölünmesi demek ,'den sonraki 2 sayının silinmesi demek örneğin sonuç 255 yani 25.5 derece eğer ,'den sorna 2 hanenin gözükmesini istersek 10 diyeceğiz yani sonu. 25.57
      |                       ~^   ~~~~~~~~~~~
      |                        |   |
      |                        int int32_t {aka long int}
      |                       %ld
../Core/Src/main.c:221:24: warning: format '%d' expects argument of type 'int', but argument 3 has type 'int32_t' {aka 'long int'} [-Wformat=]
  221 |     sprintf(buffer2, "%d", humidity);
      |                       ~^   ~~~~~~~~
      |                        |   |
      |                        int int32_t {aka long int}
      |                       %ld
../Core/Src/main.c:310:18: warning: pointer targets in passing argument 1 of 'bSendMessage' differ in signedness [-Wpointer-sign]
  310 |     bSendMessage(buffer, strlen(buffer));
      |                  ^~~~~~
      |                  |
      |                  char *
In file included from ../Core/Src/main.c:25:
../Core/Inc/RFM300_Driver.h:396:24: note: expected 'byte *' {aka 'unsigned char *'} but argument is of type 'char *'
  396 | byte bSendMessage(byte msg[], byte length);
      |                   ~~~~~^~~~~
../Core/Src/main.c:349:2: warning: implicit declaration of function 'GPIO_ALL_DisEnable' [-Wimplicit-function-declaration]
  349 |  GPIO_ALL_DisEnable(); //Güç harcamaması için bütün çevre birimlerini kapatıyoruz
      |  ^~~~~~~~~~~~~~~~~~
../Core/Src/main.c: At top level:
../Core/Src/main.c:634:6: warning: conflicting types for 'GPIO_ALL_DisEnable'
  634 | void GPIO_ALL_DisEnable(void) {
      |      ^~~~~~~~~~~~~~~~~~
../Core/Src/main.c:349:2: note: previous implicit declaration of 'GPIO_ALL_DisEnable' was here
  349 |  GPIO_ALL_DisEnable(); //Güç harcamaması için bütün çevre birimlerini kapatıyoruz
      |  ^~~~~~~~~~~~~~~~~~
../Core/Src/main.c: In function 'main':
../Core/Src/main.c:271:6: warning: 'strncat' specified bound 1 equals source length [-Wstringop-overflow=]
  271 |      strncat(buffer, "-", 1); //+ - durumu
      |      ^~~~~~~~~~~~~~~~~~~~~~~
../Core/Src/main.c:275:6: warning: 'strncat' specified bound 2 equals source length [-Wstringop-overflow=]
  275 |      strncat(buffer, "e-", 2); //+ - durumu
      |      ^~~~~~~~~~~~~~~~~~~~~~~~
../Core/Src/main.c:279:6: warning: 'strncat' specified bound 2 equals source length [-Wstringop-overflow=]
  279 |      strncat(buffer, "e+", 2);
      |      ^~~~~~~~~~~~~~~~~~~~~~~~
../Core/Src/main.c:283:6: warning: 'strncat' specified bound 1 equals source length [-Wstringop-overflow=]
  283 |      strncat(buffer, "+", 1); //+ - durumu
      |      ^~~~~~~~~~~~~~~~~~~~~~~
../Core/Src/main.c:289:5: warning: 'strncat' specified bound 12 equals source length [-Wstringop-overflow=]
  289 |     strncat(buffer, "A0000000001B", 12); //seri numarası 10 haneli A ve B arasında
      |     ^~~~~~~~~~~~~~~~~~~~~~~~~~~~~~~~~~~
arm-none-eabi-gcc -o "VERICI-DEVRE.elf" @"objects.list"   -mcpu=cortex-m0plus -T"C:\Users\Enelsis\Desktop\enelsis\kendi github\kendi-kodlarim\Embedded systems\VERICI-DEVRE3\STM32L010C6TX_FLASH.ld" --specs=nosys.specs -Wl,-Map="VERICI-DEVRE.map" -Wl,--gc-sections -static --specs=nano.specs -mfloat-abi=soft -mthumb -Wl,--start-group -lc -lm -Wl,--end-group
Finished building target: VERICI-DEVRE.elf
 
arm-none-eabi-size   VERICI-DEVRE.elf 
arm-none-eabi-objdump -h -S  VERICI-DEVRE.elf  > "VERICI-DEVRE.list"
arm-none-eabi-objcopy  -O binary  VERICI-DEVRE.elf  "VERICI-DEVRE.bin"
   text	   data	    bss	    dec	    hex	filename
  29388	    508	   2276	  32172	   7dac	VERICI-DEVRE.elf
Finished building: default.size.stdout
Finished building: VERICI-DEVRE.bin
 
 
Finished building: VERICI-DEVRE.list
 
15:48:37 **** Incremental Build of configuration Debug for project VERICI-DEVRE ****
make -j4 all 
arm-none-eabi-size   VERICI-DEVRE.elf 
   text	   data	    bss	    dec	    hex	filename
  29388	    508	   2276	  32172	   7dac	VERICI-DEVRE.elf
Finished building: default.size.stdout
 
