17:05:43 **** Incremental Build of configuration Debug for project VERICI-DEVRE ****
make -j4 all 
arm-none-eabi-gcc "../Core/Src/main.c" -mcpu=cortex-m0plus -std=gnu11 -g3 -DDEBUG -DUSE_HAL_DRIVER -DSTM32L010x6 -c -I../Core/Inc -I../Drivers/STM32L0xx_HAL_Driver/Inc -I../Drivers/STM32L0xx_HAL_Driver/Inc/Legacy -I../Drivers/CMSIS/Device/ST/STM32L0xx/Include -I../Drivers/CMSIS/Include -O0 -ffunction-sections -fdata-sections -Wall -fstack-usage -MMD -MP -MF"Core/Src/main.d" -MT"Core/Src/main.o" --specs=nano.specs -mfloat-abi=soft -mthumb -o "Core/Src/main.o"
In file included from ../Core/Inc/RFM300_Driver.h:16,
                 from ../Core/Src/main.c:25:
../Core/Inc/RFM300_Driver.h:993:4: warning: #warning "HopeDuino_CMT2300A.h have been defined!" [-Wcpp]
  993 |   #warning "HopeDuino_CMT2300A.h have been defined!"
      |    ^~~~~~~
In file included from ../Core/Inc/stm32l0xx_hal_conf.h:195,
                 from ../Drivers/STM32L0xx_HAL_Driver/Inc/stm32l0xx_hal.h:30,
                 from ../Core/Inc/main.h:31,
                 from ../Core/Src/main.c:21:
../Core/Inc/HopeDuino_SPI3.h: In function 'OutputSDIO':
../Drivers/STM32L0xx_HAL_Driver/Inc/stm32l0xx_hal_gpio.h:115:36: warning: passing argument 1 of 'HAL_GPIO_WritePin' makes pointer from integer without a cast [-Wint-conversion]
  115 | #define GPIO_PIN_10                (0x0400U)  /* Pin 10 selected   */
      |                                    ^~~~~~~~~
      |                                    |
      |                                    unsigned int
../Core/Inc/main.h:71:18: note: in expansion of macro 'GPIO_PIN_10'
   71 | #define SDIO_Pin GPIO_PIN_10
      |                  ^~~~~~~~~~~
../Core/Inc/HopeDuino_SPI3.h:152:22: note: in expansion of macro 'SDIO_Pin'
  152 |    HAL_GPIO_WritePin(SDIO_Pin, GPIO_PIN_RESET);
      |                      ^~~~~~~~
In file included from ../Core/Inc/stm32l0xx_hal_conf.h:195,
                 from ../Drivers/STM32L0xx_HAL_Driver/Inc/stm32l0xx_hal.h:30,
                 from ../Core/Inc/main.h:31,
                 from ../Core/Src/main.c:21:
../Drivers/STM32L0xx_HAL_Driver/Inc/stm32l0xx_hal_gpio.h:286:47: note: expected 'GPIO_TypeDef *' {aka 'struct <anonymous> *'} but argument is of type 'unsigned int'
  286 | void          HAL_GPIO_WritePin(GPIO_TypeDef *GPIOx, uint16_t GPIO_Pin, GPIO_PinState PinState);
      |                                 ~~~~~~~~~~~~~~^~~~~
In file included from ../Core/Inc/RFM300_Driver.h:17,
                 from ../Core/Src/main.c:25:
../Core/Inc/HopeDuino_SPI3.h:152:4: error: too few arguments to function 'HAL_GPIO_WritePin'
  152 |    HAL_GPIO_WritePin(SDIO_Pin, GPIO_PIN_RESET);
      |    ^~~~~~~~~~~~~~~~~
In file included from ../Core/Inc/stm32l0xx_hal_conf.h:195,
                 from ../Drivers/STM32L0xx_HAL_Driver/Inc/stm32l0xx_hal.h:30,
                 from ../Core/Inc/main.h:31,
                 from ../Core/Src/main.c:21:
../Drivers/STM32L0xx_HAL_Driver/Inc/stm32l0xx_hal_gpio.h:286:15: note: declared here
  286 | void          HAL_GPIO_WritePin(GPIO_TypeDef *GPIOx, uint16_t GPIO_Pin, GPIO_PinState PinState);
      |               ^~~~~~~~~~~~~~~~~
In file included from ../Core/Inc/RFM300_Driver.h:17,
                 from ../Core/Src/main.c:25:
../Core/Inc/HopeDuino_SPI3.h: In function 'vSpi3WriteByte':
../Core/Inc/HopeDuino_SPI3.h:196:34: warning: pointer targets in passing argument 2 of 'HAL_UART_Transmit' differ in signedness [-Wpointer-sign]
  196 |    HAL_UART_Transmit( &hlpuart1, "buradaa18\r\n",11, 100);
      |                                  ^~~~~~~~~~~~~~~
      |                                  |
      |                                  char *
In file included from ../Core/Inc/stm32l0xx_hal_conf.h:280,
                 from ../Drivers/STM32L0xx_HAL_Driver/Inc/stm32l0xx_hal.h:30,
                 from ../Core/Inc/main.h:31,
                 from ../Core/Src/main.c:21:
../Drivers/STM32L0xx_HAL_Driver/Inc/stm32l0xx_hal_uart.h:1488:73: note: expected 'uint8_t *' {aka 'unsigned char *'} but argument is of type 'char *'
 1488 | HAL_StatusTypeDef HAL_UART_Transmit(UART_HandleTypeDef *huart, uint8_t *pData, uint16_t Size, uint32_t Timeout);
      |                                                                ~~~~~~~~~^~~~~
In file included from ../Core/Inc/RFM300_Driver.h:17,
                 from ../Core/Src/main.c:25:
../Core/Inc/HopeDuino_SPI3.h:201:35: warning: pointer targets in passing argument 2 of 'HAL_UART_Transmit' differ in signedness [-Wpointer-sign]
  201 |     HAL_UART_Transmit( &hlpuart1, "buradaa19\r\n",11, 100);}
      |                                   ^~~~~~~~~~~~~~~
      |                                   |
      |                                   char *
In file included from ../Core/Inc/stm32l0xx_hal_conf.h:280,
                 from ../Drivers/STM32L0xx_HAL_Driver/Inc/stm32l0xx_hal.h:30,
                 from ../Core/Inc/main.h:31,
                 from ../Core/Src/main.c:21:
../Drivers/STM32L0xx_HAL_Driver/Inc/stm32l0xx_hal_uart.h:1488:73: note: expected 'uint8_t *' {aka 'unsigned char *'} but argument is of type 'char *'
 1488 | HAL_StatusTypeDef HAL_UART_Transmit(UART_HandleTypeDef *huart, uint8_t *pData, uint16_t Size, uint32_t Timeout);
      |                                                                ~~~~~~~~~^~~~~
In file included from ../Core/Inc/RFM300_Driver.h:17,
                 from ../Core/Src/main.c:25:
../Core/Inc/HopeDuino_SPI3.h:204:35: warning: pointer targets in passing argument 2 of 'HAL_UART_Transmit' differ in signedness [-Wpointer-sign]
  204 |     HAL_UART_Transmit( &hlpuart1, "buradaa20\r\n",11, 100);
      |                                   ^~~~~~~~~~~~~~~
      |                                   |
      |                                   char *
In file included from ../Core/Inc/stm32l0xx_hal_conf.h:280,
                 from ../Drivers/STM32L0xx_HAL_Driver/Inc/stm32l0xx_hal.h:30,
                 from ../Core/Inc/main.h:31,
                 from ../Core/Src/main.c:21:
../Drivers/STM32L0xx_HAL_Driver/Inc/stm32l0xx_hal_uart.h:1488:73: note: expected 'uint8_t *' {aka 'unsigned char *'} but argument is of type 'char *'
 1488 | HAL_StatusTypeDef HAL_UART_Transmit(UART_HandleTypeDef *huart, uint8_t *pData, uint16_t Size, uint32_t Timeout);
      |                                                                ~~~~~~~~~^~~~~
In file included from ../Core/Inc/RFM300_Driver.h:17,
                 from ../Core/Src/main.c:25:
../Core/Inc/HopeDuino_SPI3.h:209:34: warning: pointer targets in passing argument 2 of 'HAL_UART_Transmit' differ in signedness [-Wpointer-sign]
  209 |    HAL_UART_Transmit( &hlpuart1, "buradaa21\r\n",11, 100);
      |                                  ^~~~~~~~~~~~~~~
      |                                  |
      |                                  char *
In file included from ../Core/Inc/stm32l0xx_hal_conf.h:280,
                 from ../Drivers/STM32L0xx_HAL_Driver/Inc/stm32l0xx_hal.h:30,
                 from ../Core/Inc/main.h:31,
                 from ../Core/Src/main.c:21:
../Drivers/STM32L0xx_HAL_Driver/Inc/stm32l0xx_hal_uart.h:1488:73: note: expected 'uint8_t *' {aka 'unsigned char *'} but argument is of type 'char *'
 1488 | HAL_StatusTypeDef HAL_UART_Transmit(UART_HandleTypeDef *huart, uint8_t *pData, uint16_t Size, uint32_t Timeout);
      |                                                                ~~~~~~~~~^~~~~
In file included from ../Core/Inc/RFM300_Driver.h:17,
                 from ../Core/Src/main.c:25:
../Core/Inc/HopeDuino_SPI3.h:211:33: warning: pointer targets in passing argument 2 of 'HAL_UART_Transmit' differ in signedness [-Wpointer-sign]
  211 |   HAL_UART_Transmit( &hlpuart1, "buradaa22\r\n",11, 100);
      |                                 ^~~~~~~~~~~~~~~
      |                                 |
      |                                 char *
In file included from ../Core/Inc/stm32l0xx_hal_conf.h:280,
                 from ../Drivers/STM32L0xx_HAL_Driver/Inc/stm32l0xx_hal.h:30,
                 from ../Core/Inc/main.h:31,
                 from ../Core/Src/main.c:21:
../Drivers/STM32L0xx_HAL_Driver/Inc/stm32l0xx_hal_uart.h:1488:73: note: expected 'uint8_t *' {aka 'unsigned char *'} but argument is of type 'char *'
 1488 | HAL_StatusTypeDef HAL_UART_Transmit(UART_HandleTypeDef *huart, uint8_t *pData, uint16_t Size, uint32_t Timeout);
      |                                                                ~~~~~~~~~^~~~~
In file included from ../Core/Inc/RFM300_Driver.h:17,
                 from ../Core/Src/main.c:25:
../Core/Inc/HopeDuino_SPI3.h: In function 'vSpi3Write':
../Core/Inc/HopeDuino_SPI3.h:267:32: warning: pointer targets in passing argument 2 of 'HAL_UART_Transmit' differ in signedness [-Wpointer-sign]
  267 |  HAL_UART_Transmit( &hlpuart1, "buradaa10\r\n",11, 100);
      |                                ^~~~~~~~~~~~~~~
      |                                |
      |                                char *
In file included from ../Core/Inc/stm32l0xx_hal_conf.h:280,
                 from ../Drivers/STM32L0xx_HAL_Driver/Inc/stm32l0xx_hal.h:30,
                 from ../Core/Inc/main.h:31,
                 from ../Core/Src/main.c:21:
../Drivers/STM32L0xx_HAL_Driver/Inc/stm32l0xx_hal_uart.h:1488:73: note: expected 'uint8_t *' {aka 'unsigned char *'} but argument is of type 'char *'
 1488 | HAL_StatusTypeDef HAL_UART_Transmit(UART_HandleTypeDef *huart, uint8_t *pData, uint16_t Size, uint32_t Timeout);
      |                                                                ~~~~~~~~~^~~~~
In file included from ../Core/Inc/RFM300_Driver.h:17,
                 from ../Core/Src/main.c:25:
../Core/Inc/HopeDuino_SPI3.h:269:33: warning: pointer targets in passing argument 2 of 'HAL_UART_Transmit' differ in signedness [-Wpointer-sign]
  269 |   HAL_UART_Transmit( &hlpuart1, "buradaa11\r\n",11, 100);
      |                                 ^~~~~~~~~~~~~~~
      |                                 |
      |                                 char *
In file included from ../Core/Inc/stm32l0xx_hal_conf.h:280,
                 from ../Drivers/STM32L0xx_HAL_Driver/Inc/stm32l0xx_hal.h:30,
                 from ../Core/Inc/main.h:31,
                 from ../Core/Src/main.c:21:
../Drivers/STM32L0xx_HAL_Driver/Inc/stm32l0xx_hal_uart.h:1488:73: note: expected 'uint8_t *' {aka 'unsigned char *'} but argument is of type 'char *'
 1488 | HAL_StatusTypeDef HAL_UART_Transmit(UART_HandleTypeDef *huart, uint8_t *pData, uint16_t Size, uint32_t Timeout);
      |                                                                ~~~~~~~~~^~~~~
In file included from ../Core/Inc/RFM300_Driver.h:17,
                 from ../Core/Src/main.c:25:
../Core/Inc/HopeDuino_SPI3.h:271:33: warning: pointer targets in passing argument 2 of 'HAL_UART_Transmit' differ in signedness [-Wpointer-sign]
  271 |   HAL_UART_Transmit( &hlpuart1, "buradaa12\r\n",11, 100);
      |                                 ^~~~~~~~~~~~~~~
      |                                 |
      |                                 char *
In file included from ../Core/Inc/stm32l0xx_hal_conf.h:280,
                 from ../Drivers/STM32L0xx_HAL_Driver/Inc/stm32l0xx_hal.h:30,
                 from ../Core/Inc/main.h:31,
                 from ../Core/Src/main.c:21:
../Drivers/STM32L0xx_HAL_Driver/Inc/stm32l0xx_hal_uart.h:1488:73: note: expected 'uint8_t *' {aka 'unsigned char *'} but argument is of type 'char *'
 1488 | HAL_StatusTypeDef HAL_UART_Transmit(UART_HandleTypeDef *huart, uint8_t *pData, uint16_t Size, uint32_t Timeout);
      |                                                                ~~~~~~~~~^~~~~
In file included from ../Core/Inc/RFM300_Driver.h:17,
                 from ../Core/Src/main.c:25:
../Core/Inc/HopeDuino_SPI3.h:273:33: warning: pointer targets in passing argument 2 of 'HAL_UART_Transmit' differ in signedness [-Wpointer-sign]
  273 |   HAL_UART_Transmit( &hlpuart1, "buradaa13\r\n",11, 100);
      |                                 ^~~~~~~~~~~~~~~
      |                                 |
      |                                 char *
In file included from ../Core/Inc/stm32l0xx_hal_conf.h:280,
                 from ../Drivers/STM32L0xx_HAL_Driver/Inc/stm32l0xx_hal.h:30,
                 from ../Core/Inc/main.h:31,
                 from ../Core/Src/main.c:21:
../Drivers/STM32L0xx_HAL_Driver/Inc/stm32l0xx_hal_uart.h:1488:73: note: expected 'uint8_t *' {aka 'unsigned char *'} but argument is of type 'char *'
 1488 | HAL_StatusTypeDef HAL_UART_Transmit(UART_HandleTypeDef *huart, uint8_t *pData, uint16_t Size, uint32_t Timeout);
      |                                                                ~~~~~~~~~^~~~~
In file included from ../Core/Inc/RFM300_Driver.h:17,
                 from ../Core/Src/main.c:25:
../Core/Inc/HopeDuino_SPI3.h: In function 'vSpi3BurstWriteFIFO':
../Core/Inc/HopeDuino_SPI3.h:385:5: warning: this 'for' clause does not guard... [-Wmisleading-indentation]
  385 |     for(i=0;i<length;i++)
      |     ^~~
../Core/Inc/HopeDuino_SPI3.h:390:7: note: ...this statement, but the latter is misleadingly indented as if it were guarded by the 'for'
  390 |       byte vSpi3WriteFIFO1;
      |       ^~~~
../Core/Inc/HopeDuino_SPI3.h:390:12: warning: variable 'vSpi3WriteFIFO1' set but not used [-Wunused-but-set-variable]
  390 |       byte vSpi3WriteFIFO1;
      |            ^~~~~~~~~~~~~~~
In file included from ../Core/Src/main.c:25:
../Core/Inc/RFM300_Driver.h: In function 'vSoftReset':
../Core/Inc/RFM300_Driver.h:543:32: warning: pointer targets in passing argument 2 of 'HAL_UART_Transmit' differ in signedness [-Wpointer-sign]
  543 |  HAL_UART_Transmit( &hlpuart1, "buradaa7\r\n",10, 100);
      |                                ^~~~~~~~~~~~~~
      |                                |
      |                                char *
In file included from ../Core/Inc/stm32l0xx_hal_conf.h:280,
                 from ../Drivers/STM32L0xx_HAL_Driver/Inc/stm32l0xx_hal.h:30,
                 from ../Core/Inc/main.h:31,
                 from ../Core/Src/main.c:21:
../Drivers/STM32L0xx_HAL_Driver/Inc/stm32l0xx_hal_uart.h:1488:73: note: expected 'uint8_t *' {aka 'unsigned char *'} but argument is of type 'char *'
 1488 | HAL_StatusTypeDef HAL_UART_Transmit(UART_HandleTypeDef *huart, uint8_t *pData, uint16_t Size, uint32_t Timeout);
      |                                                                ~~~~~~~~~^~~~~
In file included from ../Core/Src/main.c:25:
../Core/Inc/RFM300_Driver.h:545:33: warning: pointer targets in passing argument 2 of 'HAL_UART_Transmit' differ in signedness [-Wpointer-sign]
  545 |   HAL_UART_Transmit( &hlpuart1, "buradaa8\r\n",10, 100);
      |                                 ^~~~~~~~~~~~~~
      |                                 |
      |                                 char *
In file included from ../Core/Inc/stm32l0xx_hal_conf.h:280,
                 from ../Drivers/STM32L0xx_HAL_Driver/Inc/stm32l0xx_hal.h:30,
                 from ../Core/Inc/main.h:31,
                 from ../Core/Src/main.c:21:
../Drivers/STM32L0xx_HAL_Driver/Inc/stm32l0xx_hal_uart.h:1488:73: note: expected 'uint8_t *' {aka 'unsigned char *'} but argument is of type 'char *'
 1488 | HAL_StatusTypeDef HAL_UART_Transmit(UART_HandleTypeDef *huart, uint8_t *pData, uint16_t Size, uint32_t Timeout);
      |                                                                ~~~~~~~~~^~~~~
In file included from ../Core/Src/main.c:25:
../Core/Inc/RFM300_Driver.h:547:33: warning: pointer targets in passing argument 2 of 'HAL_UART_Transmit' differ in signedness [-Wpointer-sign]
  547 |   HAL_UART_Transmit( &hlpuart1, "buradaa9\r\n",10, 100);
      |                                 ^~~~~~~~~~~~~~
      |                                 |
      |                                 char *
In file included from ../Core/Inc/stm32l0xx_hal_conf.h:280,
                 from ../Drivers/STM32L0xx_HAL_Driver/Inc/stm32l0xx_hal.h:30,
                 from ../Core/Inc/main.h:31,
                 from ../Core/Src/main.c:21:
../Drivers/STM32L0xx_HAL_Driver/Inc/stm32l0xx_hal_uart.h:1488:73: note: expected 'uint8_t *' {aka 'unsigned char *'} but argument is of type 'char *'
 1488 | HAL_StatusTypeDef HAL_UART_Transmit(UART_HandleTypeDef *huart, uint8_t *pData, uint16_t Size, uint32_t Timeout);
      |                                                                ~~~~~~~~~^~~~~
In file included from ../Core/Src/main.c:25:
../Core/Inc/RFM300_Driver.h: In function 'vInit':
../Core/Inc/RFM300_Driver.h:848:33: warning: pointer targets in passing argument 2 of 'HAL_UART_Transmit' differ in signedness [-Wpointer-sign]
  848 |   HAL_UART_Transmit( &hlpuart1, "buradaa3\r\n",10, 100);
      |                                 ^~~~~~~~~~~~~~
      |                                 |
      |                                 char *
In file included from ../Core/Inc/stm32l0xx_hal_conf.h:280,
                 from ../Drivers/STM32L0xx_HAL_Driver/Inc/stm32l0xx_hal.h:30,
                 from ../Core/Inc/main.h:31,
                 from ../Core/Src/main.c:21:
../Drivers/STM32L0xx_HAL_Driver/Inc/stm32l0xx_hal_uart.h:1488:73: note: expected 'uint8_t *' {aka 'unsigned char *'} but argument is of type 'char *'
 1488 | HAL_StatusTypeDef HAL_UART_Transmit(UART_HandleTypeDef *huart, uint8_t *pData, uint16_t Size, uint32_t Timeout);
      |                                                                ~~~~~~~~~^~~~~
In file included from ../Core/Src/main.c:25:
../Core/Inc/RFM300_Driver.h:851:33: warning: pointer targets in passing argument 2 of 'HAL_UART_Transmit' differ in signedness [-Wpointer-sign]
  851 |   HAL_UART_Transmit( &hlpuart1, "buradaa4\r\n",10, 100);
      |                                 ^~~~~~~~~~~~~~
      |                                 |
      |                                 char *
In file included from ../Core/Inc/stm32l0xx_hal_conf.h:280,
                 from ../Drivers/STM32L0xx_HAL_Driver/Inc/stm32l0xx_hal.h:30,
                 from ../Core/Inc/main.h:31,
                 from ../Core/Src/main.c:21:
../Drivers/STM32L0xx_HAL_Driver/Inc/stm32l0xx_hal_uart.h:1488:73: note: expected 'uint8_t *' {aka 'unsigned char *'} but argument is of type 'char *'
 1488 | HAL_StatusTypeDef HAL_UART_Transmit(UART_HandleTypeDef *huart, uint8_t *pData, uint16_t Size, uint32_t Timeout);
      |                                                                ~~~~~~~~~^~~~~
In file included from ../Core/Src/main.c:25:
../Core/Inc/RFM300_Driver.h:860:33: warning: pointer targets in passing argument 2 of 'HAL_UART_Transmit' differ in signedness [-Wpointer-sign]
  860 |   HAL_UART_Transmit( &hlpuart1, "buradaa5\r\n",10, 100);
      |                                 ^~~~~~~~~~~~~~
      |                                 |
      |                                 char *
In file included from ../Core/Inc/stm32l0xx_hal_conf.h:280,
                 from ../Drivers/STM32L0xx_HAL_Driver/Inc/stm32l0xx_hal.h:30,
                 from ../Core/Inc/main.h:31,
                 from ../Core/Src/main.c:21:
../Drivers/STM32L0xx_HAL_Driver/Inc/stm32l0xx_hal_uart.h:1488:73: note: expected 'uint8_t *' {aka 'unsigned char *'} but argument is of type 'char *'
 1488 | HAL_StatusTypeDef HAL_UART_Transmit(UART_HandleTypeDef *huart, uint8_t *pData, uint16_t Size, uint32_t Timeout);
      |                                                                ~~~~~~~~~^~~~~
In file included from ../Core/Src/main.c:25:
../Core/Inc/RFM300_Driver.h:863:33: warning: pointer targets in passing argument 2 of 'HAL_UART_Transmit' differ in signedness [-Wpointer-sign]
  863 |   HAL_UART_Transmit( &hlpuart1, "buradaa6\r\n",10, 100);
      |                                 ^~~~~~~~~~~~~~
      |                                 |
      |                                 char *
In file included from ../Core/Inc/stm32l0xx_hal_conf.h:280,
                 from ../Drivers/STM32L0xx_HAL_Driver/Inc/stm32l0xx_hal.h:30,
                 from ../Core/Inc/main.h:31,
                 from ../Core/Src/main.c:21:
../Drivers/STM32L0xx_HAL_Driver/Inc/stm32l0xx_hal_uart.h:1488:73: note: expected 'uint8_t *' {aka 'unsigned char *'} but argument is of type 'char *'
 1488 | HAL_StatusTypeDef HAL_UART_Transmit(UART_HandleTypeDef *huart, uint8_t *pData, uint16_t Size, uint32_t Timeout);
      |                                                                ~~~~~~~~~^~~~~
../Core/Src/main.c: In function 'main':
../Core/Src/main.c:104:35: warning: pointer targets in passing argument 2 of 'HAL_UART_Transmit' differ in signedness [-Wpointer-sign]
  104 |     HAL_UART_Transmit( &hlpuart1, "buradaa1\r\n",10, 100);
      |                                   ^~~~~~~~~~~~~~
      |                                   |
      |                                   char *
In file included from ../Core/Inc/stm32l0xx_hal_conf.h:280,
                 from ../Drivers/STM32L0xx_HAL_Driver/Inc/stm32l0xx_hal.h:30,
                 from ../Core/Inc/main.h:31,
                 from ../Core/Src/main.c:21:
../Drivers/STM32L0xx_HAL_Driver/Inc/stm32l0xx_hal_uart.h:1488:73: note: expected 'uint8_t *' {aka 'unsigned char *'} but argument is of type 'char *'
 1488 | HAL_StatusTypeDef HAL_UART_Transmit(UART_HandleTypeDef *huart, uint8_t *pData, uint16_t Size, uint32_t Timeout);
      |                                                                ~~~~~~~~~^~~~~
../Core/Src/main.c:107:35: warning: pointer targets in passing argument 2 of 'HAL_UART_Transmit' differ in signedness [-Wpointer-sign]
  107 |     HAL_UART_Transmit( &hlpuart1, "buradaa2\r\n",10, 100);
      |                                   ^~~~~~~~~~~~~~
      |                                   |
      |                                   char *
In file included from ../Core/Inc/stm32l0xx_hal_conf.h:280,
                 from ../Drivers/STM32L0xx_HAL_Driver/Inc/stm32l0xx_hal.h:30,
                 from ../Core/Inc/main.h:31,
                 from ../Core/Src/main.c:21:
../Drivers/STM32L0xx_HAL_Driver/Inc/stm32l0xx_hal_uart.h:1488:73: note: expected 'uint8_t *' {aka 'unsigned char *'} but argument is of type 'char *'
 1488 | HAL_StatusTypeDef HAL_UART_Transmit(UART_HandleTypeDef *huart, uint8_t *pData, uint16_t Size, uint32_t Timeout);
      |                                                                ~~~~~~~~~^~~~~
../Core/Src/main.c:116:31: warning: pointer targets in passing argument 2 of 'HAL_UART_Transmit' differ in signedness [-Wpointer-sign]
  116 | HAL_UART_Transmit( &hlpuart1, "buradaaa\r\n",10, 100);
      |                               ^~~~~~~~~~~~~~
      |                               |
      |                               char *
In file included from ../Core/Inc/stm32l0xx_hal_conf.h:280,
                 from ../Drivers/STM32L0xx_HAL_Driver/Inc/stm32l0xx_hal.h:30,
                 from ../Core/Inc/main.h:31,
                 from ../Core/Src/main.c:21:
../Drivers/STM32L0xx_HAL_Driver/Inc/stm32l0xx_hal_uart.h:1488:73: note: expected 'uint8_t *' {aka 'unsigned char *'} but argument is of type 'char *'
 1488 | HAL_StatusTypeDef HAL_UART_Transmit(UART_HandleTypeDef *huart, uint8_t *pData, uint16_t Size, uint32_t Timeout);
      |                                                                ~~~~~~~~~^~~~~
../Core/Src/main.c:120:31: warning: pointer targets in passing argument 2 of 'HAL_UART_Transmit' differ in signedness [-Wpointer-sign]
  120 | HAL_UART_Transmit( &hlpuart1, "geliyor",7, 100);
      |                               ^~~~~~~~~
      |                               |
      |                               char *
In file included from ../Core/Inc/stm32l0xx_hal_conf.h:280,
                 from ../Drivers/STM32L0xx_HAL_Driver/Inc/stm32l0xx_hal.h:30,
                 from ../Core/Inc/main.h:31,
                 from ../Core/Src/main.c:21:
../Drivers/STM32L0xx_HAL_Driver/Inc/stm32l0xx_hal_uart.h:1488:73: note: expected 'uint8_t *' {aka 'unsigned char *'} but argument is of type 'char *'
 1488 | HAL_StatusTypeDef HAL_UART_Transmit(UART_HandleTypeDef *huart, uint8_t *pData, uint16_t Size, uint32_t Timeout);
      |                                                                ~~~~~~~~~^~~~~
../Core/Src/main.c:138:7: warning: implicit declaration of function 'printf' [-Wimplicit-function-declaration]
  138 |       printf("Tx...");
      |       ^~~~~~
../Core/Src/main.c:138:7: warning: incompatible implicit declaration of built-in function 'printf'
../Core/Src/main.c:27:1: note: include '<stdio.h>' or provide a declaration of 'printf'
   26 | #include "rf_conf.h"
  +++ |+#include <stdio.h>
   27 | /* USER CODE END Includes */
../Core/Src/main.c:148:20: warning: unused variable 'tx_cnt' [-Wunused-variable]
  148 |    static uint16_t tx_cnt=0;
      |                    ^~~~~~
../Core/Src/main.c:98:8: warning: variable 'mode' set but not used [-Wunused-but-set-variable]
   98 |   byte mode = 1;   // 0: receive , 1: transmitter
      |        ^~~~
../Core/Src/main.c:97:8: warning: unused variable 'rx_buf' [-Wunused-variable]
   97 |   byte rx_buf[32];
      |        ^~~~~~
At top level:
../Core/Src/main.c:148:20: warning: 'tx_cnt' defined but not used [-Wunused-variable]
  148 |    static uint16_t tx_cnt=0;
      |                    ^~~~~~
make: *** [Core/Src/subdir.mk:34: Core/Src/main.o] Error 1
"make -j4 all" terminated with exit code 2. Build might be incomplete.
17:09:44 **** Incremental Build of configuration Debug for project VERICI-DEVRE ****
make -j4 all 
arm-none-eabi-gcc "../Core/Src/main.c" -mcpu=cortex-m0plus -std=gnu11 -g3 -DDEBUG -DUSE_HAL_DRIVER -DSTM32L010x6 -c -I../Core/Inc -I../Drivers/STM32L0xx_HAL_Driver/Inc -I../Drivers/STM32L0xx_HAL_Driver/Inc/Legacy -I../Drivers/CMSIS/Device/ST/STM32L0xx/Include -I../Drivers/CMSIS/Include -O0 -ffunction-sections -fdata-sections -Wall -fstack-usage -MMD -MP -MF"Core/Src/main.d" -MT"Core/Src/main.o" --specs=nano.specs -mfloat-abi=soft -mthumb -o "Core/Src/main.o"
In file included from ../Core/Inc/RFM300_Driver.h:16,
                 from ../Core/Src/main.c:25:
../Core/Inc/RFM300_Driver.h:993:4: warning: #warning "HopeDuino_CMT2300A.h have been defined!" [-Wcpp]
  993 |   #warning "HopeDuino_CMT2300A.h have been defined!"
      |    ^~~~~~~
In file included from ../Core/Inc/RFM300_Driver.h:17,
                 from ../Core/Src/main.c:25:
../Core/Inc/HopeDuino_SPI3.h: In function 'vSpi3WriteByte':
../Core/Inc/HopeDuino_SPI3.h:196:34: warning: pointer targets in passing argument 2 of 'HAL_UART_Transmit' differ in signedness [-Wpointer-sign]
  196 |    HAL_UART_Transmit( &hlpuart1, "buradaa18\r\n",11, 100);
      |                                  ^~~~~~~~~~~~~~~
      |                                  |
      |                                  char *
In file included from ../Core/Inc/stm32l0xx_hal_conf.h:280,
                 from ../Drivers/STM32L0xx_HAL_Driver/Inc/stm32l0xx_hal.h:30,
                 from ../Core/Inc/main.h:31,
                 from ../Core/Src/main.c:21:
../Drivers/STM32L0xx_HAL_Driver/Inc/stm32l0xx_hal_uart.h:1488:73: note: expected 'uint8_t *' {aka 'unsigned char *'} but argument is of type 'char *'
 1488 | HAL_StatusTypeDef HAL_UART_Transmit(UART_HandleTypeDef *huart, uint8_t *pData, uint16_t Size, uint32_t Timeout);
      |                                                                ~~~~~~~~~^~~~~
In file included from ../Core/Inc/RFM300_Driver.h:17,
                 from ../Core/Src/main.c:25:
../Core/Inc/HopeDuino_SPI3.h:201:35: warning: pointer targets in passing argument 2 of 'HAL_UART_Transmit' differ in signedness [-Wpointer-sign]
  201 |     HAL_UART_Transmit( &hlpuart1, "buradaa19\r\n",11, 100);}
      |                                   ^~~~~~~~~~~~~~~
      |                                   |
      |                                   char *
In file included from ../Core/Inc/stm32l0xx_hal_conf.h:280,
                 from ../Drivers/STM32L0xx_HAL_Driver/Inc/stm32l0xx_hal.h:30,
                 from ../Core/Inc/main.h:31,
                 from ../Core/Src/main.c:21:
../Drivers/STM32L0xx_HAL_Driver/Inc/stm32l0xx_hal_uart.h:1488:73: note: expected 'uint8_t *' {aka 'unsigned char *'} but argument is of type 'char *'
 1488 | HAL_StatusTypeDef HAL_UART_Transmit(UART_HandleTypeDef *huart, uint8_t *pData, uint16_t Size, uint32_t Timeout);
      |                                                                ~~~~~~~~~^~~~~
In file included from ../Core/Inc/RFM300_Driver.h:17,
                 from ../Core/Src/main.c:25:
../Core/Inc/HopeDuino_SPI3.h:204:35: warning: pointer targets in passing argument 2 of 'HAL_UART_Transmit' differ in signedness [-Wpointer-sign]
  204 |     HAL_UART_Transmit( &hlpuart1, "buradaa20\r\n",11, 100);
      |                                   ^~~~~~~~~~~~~~~
      |                                   |
      |                                   char *
In file included from ../Core/Inc/stm32l0xx_hal_conf.h:280,
                 from ../Drivers/STM32L0xx_HAL_Driver/Inc/stm32l0xx_hal.h:30,
                 from ../Core/Inc/main.h:31,
                 from ../Core/Src/main.c:21:
../Drivers/STM32L0xx_HAL_Driver/Inc/stm32l0xx_hal_uart.h:1488:73: note: expected 'uint8_t *' {aka 'unsigned char *'} but argument is of type 'char *'
 1488 | HAL_StatusTypeDef HAL_UART_Transmit(UART_HandleTypeDef *huart, uint8_t *pData, uint16_t Size, uint32_t Timeout);
      |                                                                ~~~~~~~~~^~~~~
In file included from ../Core/Inc/RFM300_Driver.h:17,
                 from ../Core/Src/main.c:25:
../Core/Inc/HopeDuino_SPI3.h:209:34: warning: pointer targets in passing argument 2 of 'HAL_UART_Transmit' differ in signedness [-Wpointer-sign]
  209 |    HAL_UART_Transmit( &hlpuart1, "buradaa21\r\n",11, 100);
      |                                  ^~~~~~~~~~~~~~~
      |                                  |
      |                                  char *
In file included from ../Core/Inc/stm32l0xx_hal_conf.h:280,
                 from ../Drivers/STM32L0xx_HAL_Driver/Inc/stm32l0xx_hal.h:30,
                 from ../Core/Inc/main.h:31,
                 from ../Core/Src/main.c:21:
../Drivers/STM32L0xx_HAL_Driver/Inc/stm32l0xx_hal_uart.h:1488:73: note: expected 'uint8_t *' {aka 'unsigned char *'} but argument is of type 'char *'
 1488 | HAL_StatusTypeDef HAL_UART_Transmit(UART_HandleTypeDef *huart, uint8_t *pData, uint16_t Size, uint32_t Timeout);
      |                                                                ~~~~~~~~~^~~~~
In file included from ../Core/Inc/RFM300_Driver.h:17,
                 from ../Core/Src/main.c:25:
../Core/Inc/HopeDuino_SPI3.h:211:33: warning: pointer targets in passing argument 2 of 'HAL_UART_Transmit' differ in signedness [-Wpointer-sign]
  211 |   HAL_UART_Transmit( &hlpuart1, "buradaa22\r\n",11, 100);
      |                                 ^~~~~~~~~~~~~~~
      |                                 |
      |                                 char *
In file included from ../Core/Inc/stm32l0xx_hal_conf.h:280,
                 from ../Drivers/STM32L0xx_HAL_Driver/Inc/stm32l0xx_hal.h:30,
                 from ../Core/Inc/main.h:31,
                 from ../Core/Src/main.c:21:
../Drivers/STM32L0xx_HAL_Driver/Inc/stm32l0xx_hal_uart.h:1488:73: note: expected 'uint8_t *' {aka 'unsigned char *'} but argument is of type 'char *'
 1488 | HAL_StatusTypeDef HAL_UART_Transmit(UART_HandleTypeDef *huart, uint8_t *pData, uint16_t Size, uint32_t Timeout);
      |                                                                ~~~~~~~~~^~~~~
In file included from ../Core/Inc/RFM300_Driver.h:17,
                 from ../Core/Src/main.c:25:
../Core/Inc/HopeDuino_SPI3.h: In function 'vSpi3Write':
../Core/Inc/HopeDuino_SPI3.h:267:32: warning: pointer targets in passing argument 2 of 'HAL_UART_Transmit' differ in signedness [-Wpointer-sign]
  267 |  HAL_UART_Transmit( &hlpuart1, "buradaa10\r\n",11, 100);
      |                                ^~~~~~~~~~~~~~~
      |                                |
      |                                char *
In file included from ../Core/Inc/stm32l0xx_hal_conf.h:280,
                 from ../Drivers/STM32L0xx_HAL_Driver/Inc/stm32l0xx_hal.h:30,
                 from ../Core/Inc/main.h:31,
                 from ../Core/Src/main.c:21:
../Drivers/STM32L0xx_HAL_Driver/Inc/stm32l0xx_hal_uart.h:1488:73: note: expected 'uint8_t *' {aka 'unsigned char *'} but argument is of type 'char *'
 1488 | HAL_StatusTypeDef HAL_UART_Transmit(UART_HandleTypeDef *huart, uint8_t *pData, uint16_t Size, uint32_t Timeout);
      |                                                                ~~~~~~~~~^~~~~
In file included from ../Core/Inc/RFM300_Driver.h:17,
                 from ../Core/Src/main.c:25:
../Core/Inc/HopeDuino_SPI3.h:269:33: warning: pointer targets in passing argument 2 of 'HAL_UART_Transmit' differ in signedness [-Wpointer-sign]
  269 |   HAL_UART_Transmit( &hlpuart1, "buradaa11\r\n",11, 100);
      |                                 ^~~~~~~~~~~~~~~
      |                                 |
      |                                 char *
In file included from ../Core/Inc/stm32l0xx_hal_conf.h:280,
                 from ../Drivers/STM32L0xx_HAL_Driver/Inc/stm32l0xx_hal.h:30,
                 from ../Core/Inc/main.h:31,
                 from ../Core/Src/main.c:21:
../Drivers/STM32L0xx_HAL_Driver/Inc/stm32l0xx_hal_uart.h:1488:73: note: expected 'uint8_t *' {aka 'unsigned char *'} but argument is of type 'char *'
 1488 | HAL_StatusTypeDef HAL_UART_Transmit(UART_HandleTypeDef *huart, uint8_t *pData, uint16_t Size, uint32_t Timeout);
      |                                                                ~~~~~~~~~^~~~~
In file included from ../Core/Inc/RFM300_Driver.h:17,
                 from ../Core/Src/main.c:25:
../Core/Inc/HopeDuino_SPI3.h:271:33: warning: pointer targets in passing argument 2 of 'HAL_UART_Transmit' differ in signedness [-Wpointer-sign]
  271 |   HAL_UART_Transmit( &hlpuart1, "buradaa12\r\n",11, 100);
      |                                 ^~~~~~~~~~~~~~~
      |                                 |
      |                                 char *
In file included from ../Core/Inc/stm32l0xx_hal_conf.h:280,
                 from ../Drivers/STM32L0xx_HAL_Driver/Inc/stm32l0xx_hal.h:30,
                 from ../Core/Inc/main.h:31,
                 from ../Core/Src/main.c:21:
../Drivers/STM32L0xx_HAL_Driver/Inc/stm32l0xx_hal_uart.h:1488:73: note: expected 'uint8_t *' {aka 'unsigned char *'} but argument is of type 'char *'
 1488 | HAL_StatusTypeDef HAL_UART_Transmit(UART_HandleTypeDef *huart, uint8_t *pData, uint16_t Size, uint32_t Timeout);
      |                                                                ~~~~~~~~~^~~~~
In file included from ../Core/Inc/RFM300_Driver.h:17,
                 from ../Core/Src/main.c:25:
../Core/Inc/HopeDuino_SPI3.h:273:33: warning: pointer targets in passing argument 2 of 'HAL_UART_Transmit' differ in signedness [-Wpointer-sign]
  273 |   HAL_UART_Transmit( &hlpuart1, "buradaa13\r\n",11, 100);
      |                                 ^~~~~~~~~~~~~~~
      |                                 |
      |                                 char *
In file included from ../Core/Inc/stm32l0xx_hal_conf.h:280,
                 from ../Drivers/STM32L0xx_HAL_Driver/Inc/stm32l0xx_hal.h:30,
                 from ../Core/Inc/main.h:31,
                 from ../Core/Src/main.c:21:
../Drivers/STM32L0xx_HAL_Driver/Inc/stm32l0xx_hal_uart.h:1488:73: note: expected 'uint8_t *' {aka 'unsigned char *'} but argument is of type 'char *'
 1488 | HAL_StatusTypeDef HAL_UART_Transmit(UART_HandleTypeDef *huart, uint8_t *pData, uint16_t Size, uint32_t Timeout);
      |                                                                ~~~~~~~~~^~~~~
In file included from ../Core/Inc/RFM300_Driver.h:17,
                 from ../Core/Src/main.c:25:
../Core/Inc/HopeDuino_SPI3.h: In function 'vSpi3BurstWriteFIFO':
../Core/Inc/HopeDuino_SPI3.h:385:5: warning: this 'for' clause does not guard... [-Wmisleading-indentation]
  385 |     for(i=0;i<length;i++)
      |     ^~~
../Core/Inc/HopeDuino_SPI3.h:390:7: note: ...this statement, but the latter is misleadingly indented as if it were guarded by the 'for'
  390 |       byte vSpi3WriteFIFO1;
      |       ^~~~
../Core/Inc/HopeDuino_SPI3.h:390:12: warning: variable 'vSpi3WriteFIFO1' set but not used [-Wunused-but-set-variable]
  390 |       byte vSpi3WriteFIFO1;
      |            ^~~~~~~~~~~~~~~
In file included from ../Core/Src/main.c:25:
../Core/Inc/RFM300_Driver.h: In function 'vSoftReset':
../Core/Inc/RFM300_Driver.h:543:32: warning: pointer targets in passing argument 2 of 'HAL_UART_Transmit' differ in signedness [-Wpointer-sign]
  543 |  HAL_UART_Transmit( &hlpuart1, "buradaa7\r\n",10, 100);
      |                                ^~~~~~~~~~~~~~
      |                                |
      |                                char *
In file included from ../Core/Inc/stm32l0xx_hal_conf.h:280,
                 from ../Drivers/STM32L0xx_HAL_Driver/Inc/stm32l0xx_hal.h:30,
                 from ../Core/Inc/main.h:31,
                 from ../Core/Src/main.c:21:
../Drivers/STM32L0xx_HAL_Driver/Inc/stm32l0xx_hal_uart.h:1488:73: note: expected 'uint8_t *' {aka 'unsigned char *'} but argument is of type 'char *'
 1488 | HAL_StatusTypeDef HAL_UART_Transmit(UART_HandleTypeDef *huart, uint8_t *pData, uint16_t Size, uint32_t Timeout);
      |                                                                ~~~~~~~~~^~~~~
In file included from ../Core/Src/main.c:25:
../Core/Inc/RFM300_Driver.h:545:33: warning: pointer targets in passing argument 2 of 'HAL_UART_Transmit' differ in signedness [-Wpointer-sign]
  545 |   HAL_UART_Transmit( &hlpuart1, "buradaa8\r\n",10, 100);
      |                                 ^~~~~~~~~~~~~~
      |                                 |
      |                                 char *
In file included from ../Core/Inc/stm32l0xx_hal_conf.h:280,
                 from ../Drivers/STM32L0xx_HAL_Driver/Inc/stm32l0xx_hal.h:30,
                 from ../Core/Inc/main.h:31,
                 from ../Core/Src/main.c:21:
../Drivers/STM32L0xx_HAL_Driver/Inc/stm32l0xx_hal_uart.h:1488:73: note: expected 'uint8_t *' {aka 'unsigned char *'} but argument is of type 'char *'
 1488 | HAL_StatusTypeDef HAL_UART_Transmit(UART_HandleTypeDef *huart, uint8_t *pData, uint16_t Size, uint32_t Timeout);
      |                                                                ~~~~~~~~~^~~~~
In file included from ../Core/Src/main.c:25:
../Core/Inc/RFM300_Driver.h:547:33: warning: pointer targets in passing argument 2 of 'HAL_UART_Transmit' differ in signedness [-Wpointer-sign]
  547 |   HAL_UART_Transmit( &hlpuart1, "buradaa9\r\n",10, 100);
      |                                 ^~~~~~~~~~~~~~
      |                                 |
      |                                 char *
In file included from ../Core/Inc/stm32l0xx_hal_conf.h:280,
                 from ../Drivers/STM32L0xx_HAL_Driver/Inc/stm32l0xx_hal.h:30,
                 from ../Core/Inc/main.h:31,
                 from ../Core/Src/main.c:21:
../Drivers/STM32L0xx_HAL_Driver/Inc/stm32l0xx_hal_uart.h:1488:73: note: expected 'uint8_t *' {aka 'unsigned char *'} but argument is of type 'char *'
 1488 | HAL_StatusTypeDef HAL_UART_Transmit(UART_HandleTypeDef *huart, uint8_t *pData, uint16_t Size, uint32_t Timeout);
      |                                                                ~~~~~~~~~^~~~~
In file included from ../Core/Src/main.c:25:
../Core/Inc/RFM300_Driver.h: In function 'vInit':
../Core/Inc/RFM300_Driver.h:848:33: warning: pointer targets in passing argument 2 of 'HAL_UART_Transmit' differ in signedness [-Wpointer-sign]
  848 |   HAL_UART_Transmit( &hlpuart1, "buradaa3\r\n",10, 100);
      |                                 ^~~~~~~~~~~~~~
      |                                 |
      |                                 char *
In file included from ../Core/Inc/stm32l0xx_hal_conf.h:280,
                 from ../Drivers/STM32L0xx_HAL_Driver/Inc/stm32l0xx_hal.h:30,
                 from ../Core/Inc/main.h:31,
                 from ../Core/Src/main.c:21:
../Drivers/STM32L0xx_HAL_Driver/Inc/stm32l0xx_hal_uart.h:1488:73: note: expected 'uint8_t *' {aka 'unsigned char *'} but argument is of type 'char *'
 1488 | HAL_StatusTypeDef HAL_UART_Transmit(UART_HandleTypeDef *huart, uint8_t *pData, uint16_t Size, uint32_t Timeout);
      |                                                                ~~~~~~~~~^~~~~
In file included from ../Core/Src/main.c:25:
../Core/Inc/RFM300_Driver.h:851:33: warning: pointer targets in passing argument 2 of 'HAL_UART_Transmit' differ in signedness [-Wpointer-sign]
  851 |   HAL_UART_Transmit( &hlpuart1, "buradaa4\r\n",10, 100);
      |                                 ^~~~~~~~~~~~~~
      |                                 |
      |                                 char *
In file included from ../Core/Inc/stm32l0xx_hal_conf.h:280,
                 from ../Drivers/STM32L0xx_HAL_Driver/Inc/stm32l0xx_hal.h:30,
                 from ../Core/Inc/main.h:31,
                 from ../Core/Src/main.c:21:
../Drivers/STM32L0xx_HAL_Driver/Inc/stm32l0xx_hal_uart.h:1488:73: note: expected 'uint8_t *' {aka 'unsigned char *'} but argument is of type 'char *'
 1488 | HAL_StatusTypeDef HAL_UART_Transmit(UART_HandleTypeDef *huart, uint8_t *pData, uint16_t Size, uint32_t Timeout);
      |                                                                ~~~~~~~~~^~~~~
In file included from ../Core/Src/main.c:25:
../Core/Inc/RFM300_Driver.h:860:33: warning: pointer targets in passing argument 2 of 'HAL_UART_Transmit' differ in signedness [-Wpointer-sign]
  860 |   HAL_UART_Transmit( &hlpuart1, "buradaa5\r\n",10, 100);
      |                                 ^~~~~~~~~~~~~~
      |                                 |
      |                                 char *
In file included from ../Core/Inc/stm32l0xx_hal_conf.h:280,
                 from ../Drivers/STM32L0xx_HAL_Driver/Inc/stm32l0xx_hal.h:30,
                 from ../Core/Inc/main.h:31,
                 from ../Core/Src/main.c:21:
../Drivers/STM32L0xx_HAL_Driver/Inc/stm32l0xx_hal_uart.h:1488:73: note: expected 'uint8_t *' {aka 'unsigned char *'} but argument is of type 'char *'
 1488 | HAL_StatusTypeDef HAL_UART_Transmit(UART_HandleTypeDef *huart, uint8_t *pData, uint16_t Size, uint32_t Timeout);
      |                                                                ~~~~~~~~~^~~~~
In file included from ../Core/Src/main.c:25:
../Core/Inc/RFM300_Driver.h:863:33: warning: pointer targets in passing argument 2 of 'HAL_UART_Transmit' differ in signedness [-Wpointer-sign]
  863 |   HAL_UART_Transmit( &hlpuart1, "buradaa6\r\n",10, 100);
      |                                 ^~~~~~~~~~~~~~
      |                                 |
      |                                 char *
In file included from ../Core/Inc/stm32l0xx_hal_conf.h:280,
                 from ../Drivers/STM32L0xx_HAL_Driver/Inc/stm32l0xx_hal.h:30,
                 from ../Core/Inc/main.h:31,
                 from ../Core/Src/main.c:21:
../Drivers/STM32L0xx_HAL_Driver/Inc/stm32l0xx_hal_uart.h:1488:73: note: expected 'uint8_t *' {aka 'unsigned char *'} but argument is of type 'char *'
 1488 | HAL_StatusTypeDef HAL_UART_Transmit(UART_HandleTypeDef *huart, uint8_t *pData, uint16_t Size, uint32_t Timeout);
      |                                                                ~~~~~~~~~^~~~~
../Core/Src/main.c: In function 'main':
../Core/Src/main.c:104:35: warning: pointer targets in passing argument 2 of 'HAL_UART_Transmit' differ in signedness [-Wpointer-sign]
  104 |     HAL_UART_Transmit( &hlpuart1, "buradaa1\r\n",10, 100);
      |                                   ^~~~~~~~~~~~~~
      |                                   |
      |                                   char *
In file included from ../Core/Inc/stm32l0xx_hal_conf.h:280,
                 from ../Drivers/STM32L0xx_HAL_Driver/Inc/stm32l0xx_hal.h:30,
                 from ../Core/Inc/main.h:31,
                 from ../Core/Src/main.c:21:
../Drivers/STM32L0xx_HAL_Driver/Inc/stm32l0xx_hal_uart.h:1488:73: note: expected 'uint8_t *' {aka 'unsigned char *'} but argument is of type 'char *'
 1488 | HAL_StatusTypeDef HAL_UART_Transmit(UART_HandleTypeDef *huart, uint8_t *pData, uint16_t Size, uint32_t Timeout);
      |                                                                ~~~~~~~~~^~~~~
../Core/Src/main.c:107:35: warning: pointer targets in passing argument 2 of 'HAL_UART_Transmit' differ in signedness [-Wpointer-sign]
  107 |     HAL_UART_Transmit( &hlpuart1, "buradaa2\r\n",10, 100);
      |                                   ^~~~~~~~~~~~~~
      |                                   |
      |                                   char *
In file included from ../Core/Inc/stm32l0xx_hal_conf.h:280,
                 from ../Drivers/STM32L0xx_HAL_Driver/Inc/stm32l0xx_hal.h:30,
                 from ../Core/Inc/main.h:31,
                 from ../Core/Src/main.c:21:
../Drivers/STM32L0xx_HAL_Driver/Inc/stm32l0xx_hal_uart.h:1488:73: note: expected 'uint8_t *' {aka 'unsigned char *'} but argument is of type 'char *'
 1488 | HAL_StatusTypeDef HAL_UART_Transmit(UART_HandleTypeDef *huart, uint8_t *pData, uint16_t Size, uint32_t Timeout);
      |                                                                ~~~~~~~~~^~~~~
../Core/Src/main.c:116:31: warning: pointer targets in passing argument 2 of 'HAL_UART_Transmit' differ in signedness [-Wpointer-sign]
  116 | HAL_UART_Transmit( &hlpuart1, "buradaaa\r\n",10, 100);
      |                               ^~~~~~~~~~~~~~
      |                               |
      |                               char *
In file included from ../Core/Inc/stm32l0xx_hal_conf.h:280,
                 from ../Drivers/STM32L0xx_HAL_Driver/Inc/stm32l0xx_hal.h:30,
                 from ../Core/Inc/main.h:31,
                 from ../Core/Src/main.c:21:
../Drivers/STM32L0xx_HAL_Driver/Inc/stm32l0xx_hal_uart.h:1488:73: note: expected 'uint8_t *' {aka 'unsigned char *'} but argument is of type 'char *'
 1488 | HAL_StatusTypeDef HAL_UART_Transmit(UART_HandleTypeDef *huart, uint8_t *pData, uint16_t Size, uint32_t Timeout);
      |                                                                ~~~~~~~~~^~~~~
../Core/Src/main.c:120:31: warning: pointer targets in passing argument 2 of 'HAL_UART_Transmit' differ in signedness [-Wpointer-sign]
  120 | HAL_UART_Transmit( &hlpuart1, "geliyor",7, 100);
      |                               ^~~~~~~~~
      |                               |
      |                               char *
In file included from ../Core/Inc/stm32l0xx_hal_conf.h:280,
                 from ../Drivers/STM32L0xx_HAL_Driver/Inc/stm32l0xx_hal.h:30,
                 from ../Core/Inc/main.h:31,
                 from ../Core/Src/main.c:21:
../Drivers/STM32L0xx_HAL_Driver/Inc/stm32l0xx_hal_uart.h:1488:73: note: expected 'uint8_t *' {aka 'unsigned char *'} but argument is of type 'char *'
 1488 | HAL_StatusTypeDef HAL_UART_Transmit(UART_HandleTypeDef *huart, uint8_t *pData, uint16_t Size, uint32_t Timeout);
      |                                                                ~~~~~~~~~^~~~~
../Core/Src/main.c:138:7: warning: implicit declaration of function 'printf' [-Wimplicit-function-declaration]
  138 |       printf("Tx...");
      |       ^~~~~~
../Core/Src/main.c:138:7: warning: incompatible implicit declaration of built-in function 'printf'
../Core/Src/main.c:27:1: note: include '<stdio.h>' or provide a declaration of 'printf'
   26 | #include "rf_conf.h"
  +++ |+#include <stdio.h>
   27 | /* USER CODE END Includes */
../Core/Src/main.c:148:20: warning: unused variable 'tx_cnt' [-Wunused-variable]
  148 |    static uint16_t tx_cnt=0;
      |                    ^~~~~~
../Core/Src/main.c:98:8: warning: variable 'mode' set but not used [-Wunused-but-set-variable]
   98 |   byte mode = 1;   // 0: receive , 1: transmitter
      |        ^~~~
../Core/Src/main.c:97:8: warning: unused variable 'rx_buf' [-Wunused-variable]
   97 |   byte rx_buf[32];
      |        ^~~~~~
At top level:
../Core/Src/main.c:148:20: warning: 'tx_cnt' defined but not used [-Wunused-variable]
  148 |    static uint16_t tx_cnt=0;
      |                    ^~~~~~
arm-none-eabi-gcc -o "VERICI-DEVRE.elf" @"objects.list"   -mcpu=cortex-m0plus -T"C:\Users\Enelsis\Desktop\enelsis\kendi github\kendi-kodlarim\Embedded systems\VERICI-DEVRE\STM32L010C6TX_FLASH.ld" --specs=nosys.specs -Wl,-Map="VERICI-DEVRE.map" -Wl,--gc-sections -static --specs=nano.specs -mfloat-abi=soft -mthumb -Wl,--start-group -lc -lm -Wl,--end-group
Finished building target: VERICI-DEVRE.elf
 
arm-none-eabi-size   VERICI-DEVRE.elf 
arm-none-eabi-objdump -h -S  VERICI-DEVRE.elf  > "VERICI-DEVRE.list"
arm-none-eabi-objcopy  -O binary  VERICI-DEVRE.elf  "VERICI-DEVRE.bin"
   text	   data	    bss	    dec	    hex	filename
  17988	    508	   1748	  20244	   4f14	VERICI-DEVRE.elf
Finished building: default.size.stdout
 
Finished building: VERICI-DEVRE.bin
 
Finished building: VERICI-DEVRE.list
 
17:11:04 **** Incremental Build of configuration Debug for project VERICI-DEVRE ****
make -j4 all 
arm-none-eabi-size   VERICI-DEVRE.elf 
   text	   data	    bss	    dec	    hex	filename
  17988	    508	   1748	  20244	   4f14	VERICI-DEVRE.elf
Finished building: default.size.stdout
 
17:12:04 **** Incremental Build of configuration Debug for project VERICI-DEVRE ****
make -j4 all 
arm-none-eabi-gcc "../Core/Src/main.c" -mcpu=cortex-m0plus -std=gnu11 -g3 -DDEBUG -DUSE_HAL_DRIVER -DSTM32L010x6 -c -I../Core/Inc -I../Drivers/STM32L0xx_HAL_Driver/Inc -I../Drivers/STM32L0xx_HAL_Driver/Inc/Legacy -I../Drivers/CMSIS/Device/ST/STM32L0xx/Include -I../Drivers/CMSIS/Include -O0 -ffunction-sections -fdata-sections -Wall -fstack-usage -MMD -MP -MF"Core/Src/main.d" -MT"Core/Src/main.o" --specs=nano.specs -mfloat-abi=soft -mthumb -o "Core/Src/main.o"
In file included from ../Core/Inc/RFM300_Driver.h:16,
                 from ../Core/Src/main.c:25:
../Core/Inc/RFM300_Driver.h:993:4: warning: #warning "HopeDuino_CMT2300A.h have been defined!" [-Wcpp]
  993 |   #warning "HopeDuino_CMT2300A.h have been defined!"
      |    ^~~~~~~
In file included from ../Core/Inc/RFM300_Driver.h:17,
                 from ../Core/Src/main.c:25:
../Core/Inc/HopeDuino_SPI3.h: In function 'vSpi3WriteByte':
../Core/Inc/HopeDuino_SPI3.h:196:34: warning: pointer targets in passing argument 2 of 'HAL_UART_Transmit' differ in signedness [-Wpointer-sign]
  196 |    HAL_UART_Transmit( &hlpuart1, "buradaa18\r\n",11, 100);
      |                                  ^~~~~~~~~~~~~~~
      |                                  |
      |                                  char *
In file included from ../Core/Inc/stm32l0xx_hal_conf.h:280,
                 from ../Drivers/STM32L0xx_HAL_Driver/Inc/stm32l0xx_hal.h:30,
                 from ../Core/Inc/main.h:31,
                 from ../Core/Src/main.c:21:
../Drivers/STM32L0xx_HAL_Driver/Inc/stm32l0xx_hal_uart.h:1488:73: note: expected 'uint8_t *' {aka 'unsigned char *'} but argument is of type 'char *'
 1488 | HAL_StatusTypeDef HAL_UART_Transmit(UART_HandleTypeDef *huart, uint8_t *pData, uint16_t Size, uint32_t Timeout);
      |                                                                ~~~~~~~~~^~~~~
In file included from ../Core/Inc/RFM300_Driver.h:17,
                 from ../Core/Src/main.c:25:
../Core/Inc/HopeDuino_SPI3.h:201:35: warning: pointer targets in passing argument 2 of 'HAL_UART_Transmit' differ in signedness [-Wpointer-sign]
  201 |     HAL_UART_Transmit( &hlpuart1, "buradaa19\r\n",11, 100);}
      |                                   ^~~~~~~~~~~~~~~
      |                                   |
      |                                   char *
In file included from ../Core/Inc/stm32l0xx_hal_conf.h:280,
                 from ../Drivers/STM32L0xx_HAL_Driver/Inc/stm32l0xx_hal.h:30,
                 from ../Core/Inc/main.h:31,
                 from ../Core/Src/main.c:21:
../Drivers/STM32L0xx_HAL_Driver/Inc/stm32l0xx_hal_uart.h:1488:73: note: expected 'uint8_t *' {aka 'unsigned char *'} but argument is of type 'char *'
 1488 | HAL_StatusTypeDef HAL_UART_Transmit(UART_HandleTypeDef *huart, uint8_t *pData, uint16_t Size, uint32_t Timeout);
      |                                                                ~~~~~~~~~^~~~~
In file included from ../Core/Inc/RFM300_Driver.h:17,
                 from ../Core/Src/main.c:25:
../Core/Inc/HopeDuino_SPI3.h:204:35: warning: pointer targets in passing argument 2 of 'HAL_UART_Transmit' differ in signedness [-Wpointer-sign]
  204 |     HAL_UART_Transmit( &hlpuart1, "buradaa20\r\n",11, 100);
      |                                   ^~~~~~~~~~~~~~~
      |                                   |
      |                                   char *
In file included from ../Core/Inc/stm32l0xx_hal_conf.h:280,
                 from ../Drivers/STM32L0xx_HAL_Driver/Inc/stm32l0xx_hal.h:30,
                 from ../Core/Inc/main.h:31,
                 from ../Core/Src/main.c:21:
../Drivers/STM32L0xx_HAL_Driver/Inc/stm32l0xx_hal_uart.h:1488:73: note: expected 'uint8_t *' {aka 'unsigned char *'} but argument is of type 'char *'
 1488 | HAL_StatusTypeDef HAL_UART_Transmit(UART_HandleTypeDef *huart, uint8_t *pData, uint16_t Size, uint32_t Timeout);
      |                                                                ~~~~~~~~~^~~~~
In file included from ../Core/Inc/RFM300_Driver.h:17,
                 from ../Core/Src/main.c:25:
../Core/Inc/HopeDuino_SPI3.h:206:34: warning: pointer targets in passing argument 2 of 'HAL_UART_Transmit' differ in signedness [-Wpointer-sign]
  206 |    HAL_UART_Transmit( &hlpuart1, "buradaa21\r\n",11, 100);
      |                                  ^~~~~~~~~~~~~~~
      |                                  |
      |                                  char *
In file included from ../Core/Inc/stm32l0xx_hal_conf.h:280,
                 from ../Drivers/STM32L0xx_HAL_Driver/Inc/stm32l0xx_hal.h:30,
                 from ../Core/Inc/main.h:31,
                 from ../Core/Src/main.c:21:
../Drivers/STM32L0xx_HAL_Driver/Inc/stm32l0xx_hal_uart.h:1488:73: note: expected 'uint8_t *' {aka 'unsigned char *'} but argument is of type 'char *'
 1488 | HAL_StatusTypeDef HAL_UART_Transmit(UART_HandleTypeDef *huart, uint8_t *pData, uint16_t Size, uint32_t Timeout);
      |                                                                ~~~~~~~~~^~~~~
In file included from ../Core/Inc/RFM300_Driver.h:17,
                 from ../Core/Src/main.c:25:
../Core/Inc/HopeDuino_SPI3.h:210:34: warning: pointer targets in passing argument 2 of 'HAL_UART_Transmit' differ in signedness [-Wpointer-sign]
  210 |    HAL_UART_Transmit( &hlpuart1, "buradaa22\r\n",11, 100);
      |                                  ^~~~~~~~~~~~~~~
      |                                  |
      |                                  char *
In file included from ../Core/Inc/stm32l0xx_hal_conf.h:280,
                 from ../Drivers/STM32L0xx_HAL_Driver/Inc/stm32l0xx_hal.h:30,
                 from ../Core/Inc/main.h:31,
                 from ../Core/Src/main.c:21:
../Drivers/STM32L0xx_HAL_Driver/Inc/stm32l0xx_hal_uart.h:1488:73: note: expected 'uint8_t *' {aka 'unsigned char *'} but argument is of type 'char *'
 1488 | HAL_StatusTypeDef HAL_UART_Transmit(UART_HandleTypeDef *huart, uint8_t *pData, uint16_t Size, uint32_t Timeout);
      |                                                                ~~~~~~~~~^~~~~
In file included from ../Core/Inc/RFM300_Driver.h:17,
                 from ../Core/Src/main.c:25:
../Core/Inc/HopeDuino_SPI3.h: In function 'vSpi3Write':
../Core/Inc/HopeDuino_SPI3.h:268:32: warning: pointer targets in passing argument 2 of 'HAL_UART_Transmit' differ in signedness [-Wpointer-sign]
  268 |  HAL_UART_Transmit( &hlpuart1, "buradaa10\r\n",11, 100);
      |                                ^~~~~~~~~~~~~~~
      |                                |
      |                                char *
In file included from ../Core/Inc/stm32l0xx_hal_conf.h:280,
                 from ../Drivers/STM32L0xx_HAL_Driver/Inc/stm32l0xx_hal.h:30,
                 from ../Core/Inc/main.h:31,
                 from ../Core/Src/main.c:21:
../Drivers/STM32L0xx_HAL_Driver/Inc/stm32l0xx_hal_uart.h:1488:73: note: expected 'uint8_t *' {aka 'unsigned char *'} but argument is of type 'char *'
 1488 | HAL_StatusTypeDef HAL_UART_Transmit(UART_HandleTypeDef *huart, uint8_t *pData, uint16_t Size, uint32_t Timeout);
      |                                                                ~~~~~~~~~^~~~~
In file included from ../Core/Inc/RFM300_Driver.h:17,
                 from ../Core/Src/main.c:25:
../Core/Inc/HopeDuino_SPI3.h:270:33: warning: pointer targets in passing argument 2 of 'HAL_UART_Transmit' differ in signedness [-Wpointer-sign]
  270 |   HAL_UART_Transmit( &hlpuart1, "buradaa11\r\n",11, 100);
      |                                 ^~~~~~~~~~~~~~~
      |                                 |
      |                                 char *
In file included from ../Core/Inc/stm32l0xx_hal_conf.h:280,
                 from ../Drivers/STM32L0xx_HAL_Driver/Inc/stm32l0xx_hal.h:30,
                 from ../Core/Inc/main.h:31,
                 from ../Core/Src/main.c:21:
../Drivers/STM32L0xx_HAL_Driver/Inc/stm32l0xx_hal_uart.h:1488:73: note: expected 'uint8_t *' {aka 'unsigned char *'} but argument is of type 'char *'
 1488 | HAL_StatusTypeDef HAL_UART_Transmit(UART_HandleTypeDef *huart, uint8_t *pData, uint16_t Size, uint32_t Timeout);
      |                                                                ~~~~~~~~~^~~~~
In file included from ../Core/Inc/RFM300_Driver.h:17,
                 from ../Core/Src/main.c:25:
../Core/Inc/HopeDuino_SPI3.h:272:33: warning: pointer targets in passing argument 2 of 'HAL_UART_Transmit' differ in signedness [-Wpointer-sign]
  272 |   HAL_UART_Transmit( &hlpuart1, "buradaa12\r\n",11, 100);
      |                                 ^~~~~~~~~~~~~~~
      |                                 |
      |                                 char *
In file included from ../Core/Inc/stm32l0xx_hal_conf.h:280,
                 from ../Drivers/STM32L0xx_HAL_Driver/Inc/stm32l0xx_hal.h:30,
                 from ../Core/Inc/main.h:31,
                 from ../Core/Src/main.c:21:
../Drivers/STM32L0xx_HAL_Driver/Inc/stm32l0xx_hal_uart.h:1488:73: note: expected 'uint8_t *' {aka 'unsigned char *'} but argument is of type 'char *'
 1488 | HAL_StatusTypeDef HAL_UART_Transmit(UART_HandleTypeDef *huart, uint8_t *pData, uint16_t Size, uint32_t Timeout);
      |                                                                ~~~~~~~~~^~~~~
In file included from ../Core/Inc/RFM300_Driver.h:17,
                 from ../Core/Src/main.c:25:
../Core/Inc/HopeDuino_SPI3.h:274:33: warning: pointer targets in passing argument 2 of 'HAL_UART_Transmit' differ in signedness [-Wpointer-sign]
  274 |   HAL_UART_Transmit( &hlpuart1, "buradaa13\r\n",11, 100);
      |                                 ^~~~~~~~~~~~~~~
      |                                 |
      |                                 char *
In file included from ../Core/Inc/stm32l0xx_hal_conf.h:280,
                 from ../Drivers/STM32L0xx_HAL_Driver/Inc/stm32l0xx_hal.h:30,
                 from ../Core/Inc/main.h:31,
                 from ../Core/Src/main.c:21:
../Drivers/STM32L0xx_HAL_Driver/Inc/stm32l0xx_hal_uart.h:1488:73: note: expected 'uint8_t *' {aka 'unsigned char *'} but argument is of type 'char *'
 1488 | HAL_StatusTypeDef HAL_UART_Transmit(UART_HandleTypeDef *huart, uint8_t *pData, uint16_t Size, uint32_t Timeout);
      |                                                                ~~~~~~~~~^~~~~
In file included from ../Core/Inc/RFM300_Driver.h:17,
                 from ../Core/Src/main.c:25:
../Core/Inc/HopeDuino_SPI3.h: In function 'vSpi3BurstWriteFIFO':
../Core/Inc/HopeDuino_SPI3.h:386:5: warning: this 'for' clause does not guard... [-Wmisleading-indentation]
  386 |     for(i=0;i<length;i++)
      |     ^~~
../Core/Inc/HopeDuino_SPI3.h:391:7: note: ...this statement, but the latter is misleadingly indented as if it were guarded by the 'for'
  391 |       byte vSpi3WriteFIFO1;
      |       ^~~~
../Core/Inc/HopeDuino_SPI3.h:391:12: warning: variable 'vSpi3WriteFIFO1' set but not used [-Wunused-but-set-variable]
  391 |       byte vSpi3WriteFIFO1;
      |            ^~~~~~~~~~~~~~~
In file included from ../Core/Src/main.c:25:
../Core/Inc/RFM300_Driver.h: In function 'vSoftReset':
../Core/Inc/RFM300_Driver.h:543:32: warning: pointer targets in passing argument 2 of 'HAL_UART_Transmit' differ in signedness [-Wpointer-sign]
  543 |  HAL_UART_Transmit( &hlpuart1, "buradaa7\r\n",10, 100);
      |                                ^~~~~~~~~~~~~~
      |                                |
      |                                char *
In file included from ../Core/Inc/stm32l0xx_hal_conf.h:280,
                 from ../Drivers/STM32L0xx_HAL_Driver/Inc/stm32l0xx_hal.h:30,
                 from ../Core/Inc/main.h:31,
                 from ../Core/Src/main.c:21:
../Drivers/STM32L0xx_HAL_Driver/Inc/stm32l0xx_hal_uart.h:1488:73: note: expected 'uint8_t *' {aka 'unsigned char *'} but argument is of type 'char *'
 1488 | HAL_StatusTypeDef HAL_UART_Transmit(UART_HandleTypeDef *huart, uint8_t *pData, uint16_t Size, uint32_t Timeout);
      |                                                                ~~~~~~~~~^~~~~
In file included from ../Core/Src/main.c:25:
../Core/Inc/RFM300_Driver.h:545:33: warning: pointer targets in passing argument 2 of 'HAL_UART_Transmit' differ in signedness [-Wpointer-sign]
  545 |   HAL_UART_Transmit( &hlpuart1, "buradaa8\r\n",10, 100);
      |                                 ^~~~~~~~~~~~~~
      |                                 |
      |                                 char *
In file included from ../Core/Inc/stm32l0xx_hal_conf.h:280,
                 from ../Drivers/STM32L0xx_HAL_Driver/Inc/stm32l0xx_hal.h:30,
                 from ../Core/Inc/main.h:31,
                 from ../Core/Src/main.c:21:
../Drivers/STM32L0xx_HAL_Driver/Inc/stm32l0xx_hal_uart.h:1488:73: note: expected 'uint8_t *' {aka 'unsigned char *'} but argument is of type 'char *'
 1488 | HAL_StatusTypeDef HAL_UART_Transmit(UART_HandleTypeDef *huart, uint8_t *pData, uint16_t Size, uint32_t Timeout);
      |                                                                ~~~~~~~~~^~~~~
In file included from ../Core/Src/main.c:25:
../Core/Inc/RFM300_Driver.h:547:33: warning: pointer targets in passing argument 2 of 'HAL_UART_Transmit' differ in signedness [-Wpointer-sign]
  547 |   HAL_UART_Transmit( &hlpuart1, "buradaa9\r\n",10, 100);
      |                                 ^~~~~~~~~~~~~~
      |                                 |
      |                                 char *
In file included from ../Core/Inc/stm32l0xx_hal_conf.h:280,
                 from ../Drivers/STM32L0xx_HAL_Driver/Inc/stm32l0xx_hal.h:30,
                 from ../Core/Inc/main.h:31,
                 from ../Core/Src/main.c:21:
../Drivers/STM32L0xx_HAL_Driver/Inc/stm32l0xx_hal_uart.h:1488:73: note: expected 'uint8_t *' {aka 'unsigned char *'} but argument is of type 'char *'
 1488 | HAL_StatusTypeDef HAL_UART_Transmit(UART_HandleTypeDef *huart, uint8_t *pData, uint16_t Size, uint32_t Timeout);
      |                                                                ~~~~~~~~~^~~~~
In file included from ../Core/Src/main.c:25:
../Core/Inc/RFM300_Driver.h: In function 'vInit':
../Core/Inc/RFM300_Driver.h:848:33: warning: pointer targets in passing argument 2 of 'HAL_UART_Transmit' differ in signedness [-Wpointer-sign]
  848 |   HAL_UART_Transmit( &hlpuart1, "buradaa3\r\n",10, 100);
      |                                 ^~~~~~~~~~~~~~
      |                                 |
      |                                 char *
In file included from ../Core/Inc/stm32l0xx_hal_conf.h:280,
                 from ../Drivers/STM32L0xx_HAL_Driver/Inc/stm32l0xx_hal.h:30,
                 from ../Core/Inc/main.h:31,
                 from ../Core/Src/main.c:21:
../Drivers/STM32L0xx_HAL_Driver/Inc/stm32l0xx_hal_uart.h:1488:73: note: expected 'uint8_t *' {aka 'unsigned char *'} but argument is of type 'char *'
 1488 | HAL_StatusTypeDef HAL_UART_Transmit(UART_HandleTypeDef *huart, uint8_t *pData, uint16_t Size, uint32_t Timeout);
      |                                                                ~~~~~~~~~^~~~~
In file included from ../Core/Src/main.c:25:
../Core/Inc/RFM300_Driver.h:851:33: warning: pointer targets in passing argument 2 of 'HAL_UART_Transmit' differ in signedness [-Wpointer-sign]
  851 |   HAL_UART_Transmit( &hlpuart1, "buradaa4\r\n",10, 100);
      |                                 ^~~~~~~~~~~~~~
      |                                 |
      |                                 char *
In file included from ../Core/Inc/stm32l0xx_hal_conf.h:280,
                 from ../Drivers/STM32L0xx_HAL_Driver/Inc/stm32l0xx_hal.h:30,
                 from ../Core/Inc/main.h:31,
                 from ../Core/Src/main.c:21:
../Drivers/STM32L0xx_HAL_Driver/Inc/stm32l0xx_hal_uart.h:1488:73: note: expected 'uint8_t *' {aka 'unsigned char *'} but argument is of type 'char *'
 1488 | HAL_StatusTypeDef HAL_UART_Transmit(UART_HandleTypeDef *huart, uint8_t *pData, uint16_t Size, uint32_t Timeout);
      |                                                                ~~~~~~~~~^~~~~
In file included from ../Core/Src/main.c:25:
../Core/Inc/RFM300_Driver.h:860:33: warning: pointer targets in passing argument 2 of 'HAL_UART_Transmit' differ in signedness [-Wpointer-sign]
  860 |   HAL_UART_Transmit( &hlpuart1, "buradaa5\r\n",10, 100);
      |                                 ^~~~~~~~~~~~~~
      |                                 |
      |                                 char *
In file included from ../Core/Inc/stm32l0xx_hal_conf.h:280,
                 from ../Drivers/STM32L0xx_HAL_Driver/Inc/stm32l0xx_hal.h:30,
                 from ../Core/Inc/main.h:31,
                 from ../Core/Src/main.c:21:
../Drivers/STM32L0xx_HAL_Driver/Inc/stm32l0xx_hal_uart.h:1488:73: note: expected 'uint8_t *' {aka 'unsigned char *'} but argument is of type 'char *'
 1488 | HAL_StatusTypeDef HAL_UART_Transmit(UART_HandleTypeDef *huart, uint8_t *pData, uint16_t Size, uint32_t Timeout);
      |                                                                ~~~~~~~~~^~~~~
In file included from ../Core/Src/main.c:25:
../Core/Inc/RFM300_Driver.h:863:33: warning: pointer targets in passing argument 2 of 'HAL_UART_Transmit' differ in signedness [-Wpointer-sign]
  863 |   HAL_UART_Transmit( &hlpuart1, "buradaa6\r\n",10, 100);
      |                                 ^~~~~~~~~~~~~~
      |                                 |
      |                                 char *
In file included from ../Core/Inc/stm32l0xx_hal_conf.h:280,
                 from ../Drivers/STM32L0xx_HAL_Driver/Inc/stm32l0xx_hal.h:30,
                 from ../Core/Inc/main.h:31,
                 from ../Core/Src/main.c:21:
../Drivers/STM32L0xx_HAL_Driver/Inc/stm32l0xx_hal_uart.h:1488:73: note: expected 'uint8_t *' {aka 'unsigned char *'} but argument is of type 'char *'
 1488 | HAL_StatusTypeDef HAL_UART_Transmit(UART_HandleTypeDef *huart, uint8_t *pData, uint16_t Size, uint32_t Timeout);
      |                                                                ~~~~~~~~~^~~~~
../Core/Src/main.c: In function 'main':
../Core/Src/main.c:104:35: warning: pointer targets in passing argument 2 of 'HAL_UART_Transmit' differ in signedness [-Wpointer-sign]
  104 |     HAL_UART_Transmit( &hlpuart1, "buradaa1\r\n",10, 100);
      |                                   ^~~~~~~~~~~~~~
      |                                   |
      |                                   char *
In file included from ../Core/Inc/stm32l0xx_hal_conf.h:280,
                 from ../Drivers/STM32L0xx_HAL_Driver/Inc/stm32l0xx_hal.h:30,
                 from ../Core/Inc/main.h:31,
                 from ../Core/Src/main.c:21:
../Drivers/STM32L0xx_HAL_Driver/Inc/stm32l0xx_hal_uart.h:1488:73: note: expected 'uint8_t *' {aka 'unsigned char *'} but argument is of type 'char *'
 1488 | HAL_StatusTypeDef HAL_UART_Transmit(UART_HandleTypeDef *huart, uint8_t *pData, uint16_t Size, uint32_t Timeout);
      |                                                                ~~~~~~~~~^~~~~
../Core/Src/main.c:107:35: warning: pointer targets in passing argument 2 of 'HAL_UART_Transmit' differ in signedness [-Wpointer-sign]
  107 |     HAL_UART_Transmit( &hlpuart1, "buradaa2\r\n",10, 100);
      |                                   ^~~~~~~~~~~~~~
      |                                   |
      |                                   char *
In file included from ../Core/Inc/stm32l0xx_hal_conf.h:280,
                 from ../Drivers/STM32L0xx_HAL_Driver/Inc/stm32l0xx_hal.h:30,
                 from ../Core/Inc/main.h:31,
                 from ../Core/Src/main.c:21:
../Drivers/STM32L0xx_HAL_Driver/Inc/stm32l0xx_hal_uart.h:1488:73: note: expected 'uint8_t *' {aka 'unsigned char *'} but argument is of type 'char *'
 1488 | HAL_StatusTypeDef HAL_UART_Transmit(UART_HandleTypeDef *huart, uint8_t *pData, uint16_t Size, uint32_t Timeout);
      |                                                                ~~~~~~~~~^~~~~
../Core/Src/main.c:116:31: warning: pointer targets in passing argument 2 of 'HAL_UART_Transmit' differ in signedness [-Wpointer-sign]
  116 | HAL_UART_Transmit( &hlpuart1, "buradaaa\r\n",10, 100);
      |                               ^~~~~~~~~~~~~~
      |                               |
      |                               char *
In file included from ../Core/Inc/stm32l0xx_hal_conf.h:280,
                 from ../Drivers/STM32L0xx_HAL_Driver/Inc/stm32l0xx_hal.h:30,
                 from ../Core/Inc/main.h:31,
                 from ../Core/Src/main.c:21:
../Drivers/STM32L0xx_HAL_Driver/Inc/stm32l0xx_hal_uart.h:1488:73: note: expected 'uint8_t *' {aka 'unsigned char *'} but argument is of type 'char *'
 1488 | HAL_StatusTypeDef HAL_UART_Transmit(UART_HandleTypeDef *huart, uint8_t *pData, uint16_t Size, uint32_t Timeout);
      |                                                                ~~~~~~~~~^~~~~
../Core/Src/main.c:120:31: warning: pointer targets in passing argument 2 of 'HAL_UART_Transmit' differ in signedness [-Wpointer-sign]
  120 | HAL_UART_Transmit( &hlpuart1, "geliyor",7, 100);
      |                               ^~~~~~~~~
      |                               |
      |                               char *
In file included from ../Core/Inc/stm32l0xx_hal_conf.h:280,
                 from ../Drivers/STM32L0xx_HAL_Driver/Inc/stm32l0xx_hal.h:30,
                 from ../Core/Inc/main.h:31,
                 from ../Core/Src/main.c:21:
../Drivers/STM32L0xx_HAL_Driver/Inc/stm32l0xx_hal_uart.h:1488:73: note: expected 'uint8_t *' {aka 'unsigned char *'} but argument is of type 'char *'
 1488 | HAL_StatusTypeDef HAL_UART_Transmit(UART_HandleTypeDef *huart, uint8_t *pData, uint16_t Size, uint32_t Timeout);
      |                                                                ~~~~~~~~~^~~~~
../Core/Src/main.c:138:7: warning: implicit declaration of function 'printf' [-Wimplicit-function-declaration]
  138 |       printf("Tx...");
      |       ^~~~~~
../Core/Src/main.c:138:7: warning: incompatible implicit declaration of built-in function 'printf'
../Core/Src/main.c:27:1: note: include '<stdio.h>' or provide a declaration of 'printf'
   26 | #include "rf_conf.h"
  +++ |+#include <stdio.h>
   27 | /* USER CODE END Includes */
../Core/Src/main.c:148:20: warning: unused variable 'tx_cnt' [-Wunused-variable]
  148 |    static uint16_t tx_cnt=0;
      |                    ^~~~~~
../Core/Src/main.c:98:8: warning: variable 'mode' set but not used [-Wunused-but-set-variable]
   98 |   byte mode = 1;   // 0: receive , 1: transmitter
      |        ^~~~
../Core/Src/main.c:97:8: warning: unused variable 'rx_buf' [-Wunused-variable]
   97 |   byte rx_buf[32];
      |        ^~~~~~
At top level:
../Core/Src/main.c:148:20: warning: 'tx_cnt' defined but not used [-Wunused-variable]
  148 |    static uint16_t tx_cnt=0;
      |                    ^~~~~~
arm-none-eabi-gcc -o "VERICI-DEVRE.elf" @"objects.list"   -mcpu=cortex-m0plus -T"C:\Users\Enelsis\Desktop\enelsis\kendi github\kendi-kodlarim\Embedded systems\VERICI-DEVRE\STM32L010C6TX_FLASH.ld" --specs=nosys.specs -Wl,-Map="VERICI-DEVRE.map" -Wl,--gc-sections -static --specs=nano.specs -mfloat-abi=soft -mthumb -Wl,--start-group -lc -lm -Wl,--end-group
Finished building target: VERICI-DEVRE.elf
 
arm-none-eabi-size   VERICI-DEVRE.elf 
arm-none-eabi-objdump -h -S  VERICI-DEVRE.elf  > "VERICI-DEVRE.list"
arm-none-eabi-objcopy  -O binary  VERICI-DEVRE.elf  "VERICI-DEVRE.bin"
   text	   data	    bss	    dec	    hex	filename
  17988	    508	   1748	  20244	   4f14	VERICI-DEVRE.elf
Finished building: default.size.stdout
 
Finished building: VERICI-DEVRE.bin
 
Finished building: VERICI-DEVRE.list
 
17:17:31 **** Incremental Build of configuration Debug for project VERICI-DEVRE ****
make -j4 all 
arm-none-eabi-gcc "../Core/Src/main.c" -mcpu=cortex-m0plus -std=gnu11 -g3 -DDEBUG -DUSE_HAL_DRIVER -DSTM32L010x6 -c -I../Core/Inc -I../Drivers/STM32L0xx_HAL_Driver/Inc -I../Drivers/STM32L0xx_HAL_Driver/Inc/Legacy -I../Drivers/CMSIS/Device/ST/STM32L0xx/Include -I../Drivers/CMSIS/Include -O0 -ffunction-sections -fdata-sections -Wall -fstack-usage -MMD -MP -MF"Core/Src/main.d" -MT"Core/Src/main.o" --specs=nano.specs -mfloat-abi=soft -mthumb -o "Core/Src/main.o"
In file included from ../Core/Inc/RFM300_Driver.h:16,
                 from ../Core/Src/main.c:25:
../Core/Inc/RFM300_Driver.h:993:4: warning: #warning "HopeDuino_CMT2300A.h have been defined!" [-Wcpp]
  993 |   #warning "HopeDuino_CMT2300A.h have been defined!"
      |    ^~~~~~~
In file included from ../Core/Inc/RFM300_Driver.h:17,
                 from ../Core/Src/main.c:25:
../Core/Inc/HopeDuino_SPI3.h: In function 'vSpi3WriteByte':
../Core/Inc/HopeDuino_SPI3.h:253:34: warning: pointer targets in passing argument 2 of 'HAL_UART_Transmit' differ in signedness [-Wpointer-sign]
  253 |    HAL_UART_Transmit( &hlpuart1, "buradaa18\r\n",11, 100);
      |                                  ^~~~~~~~~~~~~~~
      |                                  |
      |                                  char *
In file included from ../Core/Inc/stm32l0xx_hal_conf.h:280,
                 from ../Drivers/STM32L0xx_HAL_Driver/Inc/stm32l0xx_hal.h:30,
                 from ../Core/Inc/main.h:31,
                 from ../Core/Src/main.c:21:
../Drivers/STM32L0xx_HAL_Driver/Inc/stm32l0xx_hal_uart.h:1488:73: note: expected 'uint8_t *' {aka 'unsigned char *'} but argument is of type 'char *'
 1488 | HAL_StatusTypeDef HAL_UART_Transmit(UART_HandleTypeDef *huart, uint8_t *pData, uint16_t Size, uint32_t Timeout);
      |                                                                ~~~~~~~~~^~~~~
In file included from ../Core/Inc/RFM300_Driver.h:17,
                 from ../Core/Src/main.c:25:
../Core/Inc/HopeDuino_SPI3.h:258:35: warning: pointer targets in passing argument 2 of 'HAL_UART_Transmit' differ in signedness [-Wpointer-sign]
  258 |     HAL_UART_Transmit( &hlpuart1, "buradaa19\r\n",11, 100);}
      |                                   ^~~~~~~~~~~~~~~
      |                                   |
      |                                   char *
In file included from ../Core/Inc/stm32l0xx_hal_conf.h:280,
                 from ../Drivers/STM32L0xx_HAL_Driver/Inc/stm32l0xx_hal.h:30,
                 from ../Core/Inc/main.h:31,
                 from ../Core/Src/main.c:21:
../Drivers/STM32L0xx_HAL_Driver/Inc/stm32l0xx_hal_uart.h:1488:73: note: expected 'uint8_t *' {aka 'unsigned char *'} but argument is of type 'char *'
 1488 | HAL_StatusTypeDef HAL_UART_Transmit(UART_HandleTypeDef *huart, uint8_t *pData, uint16_t Size, uint32_t Timeout);
      |                                                                ~~~~~~~~~^~~~~
In file included from ../Core/Inc/RFM300_Driver.h:17,
                 from ../Core/Src/main.c:25:
../Core/Inc/HopeDuino_SPI3.h:261:35: warning: pointer targets in passing argument 2 of 'HAL_UART_Transmit' differ in signedness [-Wpointer-sign]
  261 |     HAL_UART_Transmit( &hlpuart1, "buradaa20\r\n",11, 100);
      |                                   ^~~~~~~~~~~~~~~
      |                                   |
      |                                   char *
In file included from ../Core/Inc/stm32l0xx_hal_conf.h:280,
                 from ../Drivers/STM32L0xx_HAL_Driver/Inc/stm32l0xx_hal.h:30,
                 from ../Core/Inc/main.h:31,
                 from ../Core/Src/main.c:21:
../Drivers/STM32L0xx_HAL_Driver/Inc/stm32l0xx_hal_uart.h:1488:73: note: expected 'uint8_t *' {aka 'unsigned char *'} but argument is of type 'char *'
 1488 | HAL_StatusTypeDef HAL_UART_Transmit(UART_HandleTypeDef *huart, uint8_t *pData, uint16_t Size, uint32_t Timeout);
      |                                                                ~~~~~~~~~^~~~~
In file included from ../Core/Inc/RFM300_Driver.h:17,
                 from ../Core/Src/main.c:25:
../Core/Inc/HopeDuino_SPI3.h:263:34: warning: pointer targets in passing argument 2 of 'HAL_UART_Transmit' differ in signedness [-Wpointer-sign]
  263 |    HAL_UART_Transmit( &hlpuart1, "buradaa21\r\n",11, 100);
      |                                  ^~~~~~~~~~~~~~~
      |                                  |
      |                                  char *
In file included from ../Core/Inc/stm32l0xx_hal_conf.h:280,
                 from ../Drivers/STM32L0xx_HAL_Driver/Inc/stm32l0xx_hal.h:30,
                 from ../Core/Inc/main.h:31,
                 from ../Core/Src/main.c:21:
../Drivers/STM32L0xx_HAL_Driver/Inc/stm32l0xx_hal_uart.h:1488:73: note: expected 'uint8_t *' {aka 'unsigned char *'} but argument is of type 'char *'
 1488 | HAL_StatusTypeDef HAL_UART_Transmit(UART_HandleTypeDef *huart, uint8_t *pData, uint16_t Size, uint32_t Timeout);
      |                                                                ~~~~~~~~~^~~~~
In file included from ../Core/Inc/RFM300_Driver.h:17,
                 from ../Core/Src/main.c:25:
../Core/Inc/HopeDuino_SPI3.h:267:34: warning: pointer targets in passing argument 2 of 'HAL_UART_Transmit' differ in signedness [-Wpointer-sign]
  267 |    HAL_UART_Transmit( &hlpuart1, "buradaa22\r\n",11, 100);
      |                                  ^~~~~~~~~~~~~~~
      |                                  |
      |                                  char *
In file included from ../Core/Inc/stm32l0xx_hal_conf.h:280,
                 from ../Drivers/STM32L0xx_HAL_Driver/Inc/stm32l0xx_hal.h:30,
                 from ../Core/Inc/main.h:31,
                 from ../Core/Src/main.c:21:
../Drivers/STM32L0xx_HAL_Driver/Inc/stm32l0xx_hal_uart.h:1488:73: note: expected 'uint8_t *' {aka 'unsigned char *'} but argument is of type 'char *'
 1488 | HAL_StatusTypeDef HAL_UART_Transmit(UART_HandleTypeDef *huart, uint8_t *pData, uint16_t Size, uint32_t Timeout);
      |                                                                ~~~~~~~~~^~~~~
In file included from ../Core/Inc/RFM300_Driver.h:17,
                 from ../Core/Src/main.c:25:
../Core/Inc/HopeDuino_SPI3.h: In function 'vSpi3Write':
../Core/Inc/HopeDuino_SPI3.h:325:32: warning: pointer targets in passing argument 2 of 'HAL_UART_Transmit' differ in signedness [-Wpointer-sign]
  325 |  HAL_UART_Transmit( &hlpuart1, "buradaa10\r\n",11, 100);
      |                                ^~~~~~~~~~~~~~~
      |                                |
      |                                char *
In file included from ../Core/Inc/stm32l0xx_hal_conf.h:280,
                 from ../Drivers/STM32L0xx_HAL_Driver/Inc/stm32l0xx_hal.h:30,
                 from ../Core/Inc/main.h:31,
                 from ../Core/Src/main.c:21:
../Drivers/STM32L0xx_HAL_Driver/Inc/stm32l0xx_hal_uart.h:1488:73: note: expected 'uint8_t *' {aka 'unsigned char *'} but argument is of type 'char *'
 1488 | HAL_StatusTypeDef HAL_UART_Transmit(UART_HandleTypeDef *huart, uint8_t *pData, uint16_t Size, uint32_t Timeout);
[...]
      |                                                                ~~~~~~~~~^~~~~
In file included from ../Core/Inc/RFM300_Driver.h:17,
                 from ../Core/Src/main.c:25:
../Core/Inc/HopeDuino_SPI3.h:268:34: warning: pointer targets in passing argument 2 of 'HAL_UART_Transmit' differ in signedness [-Wpointer-sign]
  268 |    HAL_UART_Transmit( &hlpuart1, "buradaa23\r\n",11, 100);
      |                                  ^~~~~~~~~~~~~~~
      |                                  |
      |                                  char *
In file included from ../Core/Inc/stm32l0xx_hal_conf.h:280,
                 from ../Drivers/STM32L0xx_HAL_Driver/Inc/stm32l0xx_hal.h:30,
                 from ../Core/Inc/main.h:31,
                 from ../Core/Src/main.c:21:
../Drivers/STM32L0xx_HAL_Driver/Inc/stm32l0xx_hal_uart.h:1488:73: note: expected 'uint8_t *' {aka 'unsigned char *'} but argument is of type 'char *'
 1488 | HAL_StatusTypeDef HAL_UART_Transmit(UART_HandleTypeDef *huart, uint8_t *pData, uint16_t Size, uint32_t Timeout);
      |                                                                ~~~~~~~~~^~~~~
In file included from ../Core/Inc/RFM300_Driver.h:17,
                 from ../Core/Src/main.c:25:
../Core/Inc/HopeDuino_SPI3.h:269:4: warning: implicit declaration of function 'HAL_Delay_us'; did you mean 'HAL_Delay'? [-Wimplicit-function-declaration]
  269 |    HAL_Delay_us(SPI3_SPEED);
      |    ^~~~~~~~~~~~
      |    HAL_Delay
../Core/Inc/HopeDuino_SPI3.h:270:34: warning: pointer targets in passing argument 2 of 'HAL_UART_Transmit' differ in signedness [-Wpointer-sign]
  270 |    HAL_UART_Transmit( &hlpuart1, "buradaa2\r\n",11, 100);
      |                                  ^~~~~~~~~~~~~~
      |                                  |
      |                                  char *
In file included from ../Core/Inc/stm32l0xx_hal_conf.h:280,
                 from ../Drivers/STM32L0xx_HAL_Driver/Inc/stm32l0xx_hal.h:30,
                 from ../Core/Inc/main.h:31,
                 from ../Core/Src/main.c:21:
../Drivers/STM32L0xx_HAL_Driver/Inc/stm32l0xx_hal_uart.h:1488:73: note: expected 'uint8_t *' {aka 'unsigned char *'} but argument is of type 'char *'
 1488 | HAL_StatusTypeDef HAL_UART_Transmit(UART_HandleTypeDef *huart, uint8_t *pData, uint16_t Size, uint32_t Timeout);
      |                                                                ~~~~~~~~~^~~~~
In file included from ../Core/Inc/RFM300_Driver.h:17,
                 from ../Core/Src/main.c:25:
../Core/Inc/HopeDuino_SPI3.h: In function 'vSpi3Write':
../Core/Inc/HopeDuino_SPI3.h:329:32: warning: pointer targets in passing argument 2 of 'HAL_UART_Transmit' differ in signedness [-Wpointer-sign]
  329 |  HAL_UART_Transmit( &hlpuart1, "buradaa10\r\n",11, 100);
      |                                ^~~~~~~~~~~~~~~
      |                                |
      |                                char *
In file included from ../Core/Inc/stm32l0xx_hal_conf.h:280,
                 from ../Drivers/STM32L0xx_HAL_Driver/Inc/stm32l0xx_hal.h:30,
                 from ../Core/Inc/main.h:31,
                 from ../Core/Src/main.c:21:
../Drivers/STM32L0xx_HAL_Driver/Inc/stm32l0xx_hal_uart.h:1488:73: note: expected 'uint8_t *' {aka 'unsigned char *'} but argument is of type 'char *'
 1488 | HAL_StatusTypeDef HAL_UART_Transmit(UART_HandleTypeDef *huart, uint8_t *pData, uint16_t Size, uint32_t Timeout);
      |                                                                ~~~~~~~~~^~~~~
In file included from ../Core/Inc/RFM300_Driver.h:17,
                 from ../Core/Src/main.c:25:
../Core/Inc/HopeDuino_SPI3.h:331:33: warning: pointer targets in passing argument 2 of 'HAL_UART_Transmit' differ in signedness [-Wpointer-sign]
  331 |   HAL_UART_Transmit( &hlpuart1, "buradaa11\r\n",11, 100);
      |                                 ^~~~~~~~~~~~~~~
      |                                 |
      |                                 char *
In file included from ../Core/Inc/stm32l0xx_hal_conf.h:280,
                 from ../Drivers/STM32L0xx_HAL_Driver/Inc/stm32l0xx_hal.h:30,
                 from ../Core/Inc/main.h:31,
                 from ../Core/Src/main.c:21:
../Drivers/STM32L0xx_HAL_Driver/Inc/stm32l0xx_hal_uart.h:1488:73: note: expected 'uint8_t *' {aka 'unsigned char *'} but argument is of type 'char *'
 1488 | HAL_StatusTypeDef HAL_UART_Transmit(UART_HandleTypeDef *huart, uint8_t *pData, uint16_t Size, uint32_t Timeout);
      |                                                                ~~~~~~~~~^~~~~
In file included from ../Core/Inc/RFM300_Driver.h:17,
                 from ../Core/Src/main.c:25:
../Core/Inc/HopeDuino_SPI3.h:333:33: warning: pointer targets in passing argument 2 of 'HAL_UART_Transmit' differ in signedness [-Wpointer-sign]
  333 |   HAL_UART_Transmit( &hlpuart1, "buradaa12\r\n",11, 100);
      |                                 ^~~~~~~~~~~~~~~
      |                                 |
      |                                 char *
In file included from ../Core/Inc/stm32l0xx_hal_conf.h:280,
                 from ../Drivers/STM32L0xx_HAL_Driver/Inc/stm32l0xx_hal.h:30,
                 from ../Core/Inc/main.h:31,
                 from ../Core/Src/main.c:21:
../Drivers/STM32L0xx_HAL_Driver/Inc/stm32l0xx_hal_uart.h:1488:73: note: expected 'uint8_t *' {aka 'unsigned char *'} but argument is of type 'char *'
 1488 | HAL_StatusTypeDef HAL_UART_Transmit(UART_HandleTypeDef *huart, uint8_t *pData, uint16_t Size, uint32_t Timeout);
      |                                                                ~~~~~~~~~^~~~~
In file included from ../Core/Inc/RFM300_Driver.h:17,
                 from ../Core/Src/main.c:25:
../Core/Inc/HopeDuino_SPI3.h:335:33: warning: pointer targets in passing argument 2 of 'HAL_UART_Transmit' differ in signedness [-Wpointer-sign]
  335 |   HAL_UART_Transmit( &hlpuart1, "buradaa13\r\n",11, 100);
      |                                 ^~~~~~~~~~~~~~~
      |                                 |
      |                                 char *
In file included from ../Core/Inc/stm32l0xx_hal_conf.h:280,
                 from ../Drivers/STM32L0xx_HAL_Driver/Inc/stm32l0xx_hal.h:30,
                 from ../Core/Inc/main.h:31,
                 from ../Core/Src/main.c:21:
../Drivers/STM32L0xx_HAL_Driver/Inc/stm32l0xx_hal_uart.h:1488:73: note: expected 'uint8_t *' {aka 'unsigned char *'} but argument is of type 'char *'
 1488 | HAL_StatusTypeDef HAL_UART_Transmit(UART_HandleTypeDef *huart, uint8_t *pData, uint16_t Size, uint32_t Timeout);
      |                                                                ~~~~~~~~~^~~~~
In file included from ../Core/Inc/RFM300_Driver.h:17,
                 from ../Core/Src/main.c:25:
../Core/Inc/HopeDuino_SPI3.h: In function 'vSpi3BurstWriteFIFO':
../Core/Inc/HopeDuino_SPI3.h:447:5: warning: this 'for' clause does not guard... [-Wmisleading-indentation]
  447 |     for(i=0;i<length;i++)
      |     ^~~
../Core/Inc/HopeDuino_SPI3.h:452:7: note: ...this statement, but the latter is misleadingly indented as if it were guarded by the 'for'
  452 |       byte vSpi3WriteFIFO1;
      |       ^~~~
../Core/Inc/HopeDuino_SPI3.h:452:12: warning: variable 'vSpi3WriteFIFO1' set but not used [-Wunused-but-set-variable]
  452 |       byte vSpi3WriteFIFO1;
      |            ^~~~~~~~~~~~~~~
In file included from ../Core/Src/main.c:25:
../Core/Inc/RFM300_Driver.h: In function 'vSoftReset':
../Core/Inc/RFM300_Driver.h:543:32: warning: pointer targets in passing argument 2 of 'HAL_UART_Transmit' differ in signedness [-Wpointer-sign]
  543 |  HAL_UART_Transmit( &hlpuart1, "buradaa7\r\n",10, 100);
      |                                ^~~~~~~~~~~~~~
      |                                |
      |                                char *
In file included from ../Core/Inc/stm32l0xx_hal_conf.h:280,
                 from ../Drivers/STM32L0xx_HAL_Driver/Inc/stm32l0xx_hal.h:30,
                 from ../Core/Inc/main.h:31,
                 from ../Core/Src/main.c:21:
../Drivers/STM32L0xx_HAL_Driver/Inc/stm32l0xx_hal_uart.h:1488:73: note: expected 'uint8_t *' {aka 'unsigned char *'} but argument is of type 'char *'
 1488 | HAL_StatusTypeDef HAL_UART_Transmit(UART_HandleTypeDef *huart, uint8_t *pData, uint16_t Size, uint32_t Timeout);
      |                                                                ~~~~~~~~~^~~~~
In file included from ../Core/Src/main.c:25:
../Core/Inc/RFM300_Driver.h:545:33: warning: pointer targets in passing argument 2 of 'HAL_UART_Transmit' differ in signedness [-Wpointer-sign]
  545 |   HAL_UART_Transmit( &hlpuart1, "buradaa8\r\n",10, 100);
      |                                 ^~~~~~~~~~~~~~
      |                                 |
      |                                 char *
In file included from ../Core/Inc/stm32l0xx_hal_conf.h:280,
                 from ../Drivers/STM32L0xx_HAL_Driver/Inc/stm32l0xx_hal.h:30,
                 from ../Core/Inc/main.h:31,
                 from ../Core/Src/main.c:21:
../Drivers/STM32L0xx_HAL_Driver/Inc/stm32l0xx_hal_uart.h:1488:73: note: expected 'uint8_t *' {aka 'unsigned char *'} but argument is of type 'char *'
 1488 | HAL_StatusTypeDef HAL_UART_Transmit(UART_HandleTypeDef *huart, uint8_t *pData, uint16_t Size, uint32_t Timeout);
      |                                                                ~~~~~~~~~^~~~~
In file included from ../Core/Src/main.c:25:
../Core/Inc/RFM300_Driver.h:547:33: warning: pointer targets in passing argument 2 of 'HAL_UART_Transmit' differ in signedness [-Wpointer-sign]
  547 |   HAL_UART_Transmit( &hlpuart1, "buradaa9\r\n",10, 100);
      |                                 ^~~~~~~~~~~~~~
      |                                 |
      |                                 char *
In file included from ../Core/Inc/stm32l0xx_hal_conf.h:280,
                 from ../Drivers/STM32L0xx_HAL_Driver/Inc/stm32l0xx_hal.h:30,
                 from ../Core/Inc/main.h:31,
                 from ../Core/Src/main.c:21:
../Drivers/STM32L0xx_HAL_Driver/Inc/stm32l0xx_hal_uart.h:1488:73: note: expected 'uint8_t *' {aka 'unsigned char *'} but argument is of type 'char *'
 1488 | HAL_StatusTypeDef HAL_UART_Transmit(UART_HandleTypeDef *huart, uint8_t *pData, uint16_t Size, uint32_t Timeout);
      |                                                                ~~~~~~~~~^~~~~
In file included from ../Core/Src/main.c:25:
../Core/Inc/RFM300_Driver.h: In function 'vInit':
../Core/Inc/RFM300_Driver.h:848:33: warning: pointer targets in passing argument 2 of 'HAL_UART_Transmit' differ in signedness [-Wpointer-sign]
  848 |   HAL_UART_Transmit( &hlpuart1, "buradaa3\r\n",10, 100);
      |                                 ^~~~~~~~~~~~~~
      |                                 |
      |                                 char *
In file included from ../Core/Inc/stm32l0xx_hal_conf.h:280,
                 from ../Drivers/STM32L0xx_HAL_Driver/Inc/stm32l0xx_hal.h:30,
                 from ../Core/Inc/main.h:31,
                 from ../Core/Src/main.c:21:
../Drivers/STM32L0xx_HAL_Driver/Inc/stm32l0xx_hal_uart.h:1488:73: note: expected 'uint8_t *' {aka 'unsigned char *'} but argument is of type 'char *'
 1488 | HAL_StatusTypeDef HAL_UART_Transmit(UART_HandleTypeDef *huart, uint8_t *pData, uint16_t Size, uint32_t Timeout);
      |                                                                ~~~~~~~~~^~~~~
In file included from ../Core/Src/main.c:25:
../Core/Inc/RFM300_Driver.h:851:33: warning: pointer targets in passing argument 2 of 'HAL_UART_Transmit' differ in signedness [-Wpointer-sign]
  851 |   HAL_UART_Transmit( &hlpuart1, "buradaa4\r\n",10, 100);
      |                                 ^~~~~~~~~~~~~~
      |                                 |
      |                                 char *
In file included from ../Core/Inc/stm32l0xx_hal_conf.h:280,
                 from ../Drivers/STM32L0xx_HAL_Driver/Inc/stm32l0xx_hal.h:30,
                 from ../Core/Inc/main.h:31,
                 from ../Core/Src/main.c:21:
../Drivers/STM32L0xx_HAL_Driver/Inc/stm32l0xx_hal_uart.h:1488:73: note: expected 'uint8_t *' {aka 'unsigned char *'} but argument is of type 'char *'
 1488 | HAL_StatusTypeDef HAL_UART_Transmit(UART_HandleTypeDef *huart, uint8_t *pData, uint16_t Size, uint32_t Timeout);
      |                                                                ~~~~~~~~~^~~~~
In file included from ../Core/Src/main.c:25:
../Core/Inc/RFM300_Driver.h:860:33: warning: pointer targets in passing argument 2 of 'HAL_UART_Transmit' differ in signedness [-Wpointer-sign]
  860 |   HAL_UART_Transmit( &hlpuart1, "buradaa5\r\n",10, 100);
      |                                 ^~~~~~~~~~~~~~
      |                                 |
      |                                 char *
In file included from ../Core/Inc/stm32l0xx_hal_conf.h:280,
                 from ../Drivers/STM32L0xx_HAL_Driver/Inc/stm32l0xx_hal.h:30,
                 from ../Core/Inc/main.h:31,
                 from ../Core/Src/main.c:21:
../Drivers/STM32L0xx_HAL_Driver/Inc/stm32l0xx_hal_uart.h:1488:73: note: expected 'uint8_t *' {aka 'unsigned char *'} but argument is of type 'char *'
 1488 | HAL_StatusTypeDef HAL_UART_Transmit(UART_HandleTypeDef *huart, uint8_t *pData, uint16_t Size, uint32_t Timeout);
      |                                                                ~~~~~~~~~^~~~~
In file included from ../Core/Src/main.c:25:
../Core/Inc/RFM300_Driver.h:863:33: warning: pointer targets in passing argument 2 of 'HAL_UART_Transmit' differ in signedness [-Wpointer-sign]
  863 |   HAL_UART_Transmit( &hlpuart1, "buradaa6\r\n",10, 100);
      |                                 ^~~~~~~~~~~~~~
      |                                 |
      |                                 char *
In file included from ../Core/Inc/stm32l0xx_hal_conf.h:280,
                 from ../Drivers/STM32L0xx_HAL_Driver/Inc/stm32l0xx_hal.h:30,
                 from ../Core/Inc/main.h:31,
                 from ../Core/Src/main.c:21:
../Drivers/STM32L0xx_HAL_Driver/Inc/stm32l0xx_hal_uart.h:1488:73: note: expected 'uint8_t *' {aka 'unsigned char *'} but argument is of type 'char *'
 1488 | HAL_StatusTypeDef HAL_UART_Transmit(UART_HandleTypeDef *huart, uint8_t *pData, uint16_t Size, uint32_t Timeout);
      |                                                                ~~~~~~~~~^~~~~
../Core/Src/main.c: In function 'main':
../Core/Src/main.c:104:35: warning: pointer targets in passing argument 2 of 'HAL_UART_Transmit' differ in signedness [-Wpointer-sign]
  104 |     HAL_UART_Transmit( &hlpuart1, "buradaa1\r\n",10, 100);
      |                                   ^~~~~~~~~~~~~~
      |                                   |
      |                                   char *
In file included from ../Core/Inc/stm32l0xx_hal_conf.h:280,
                 from ../Drivers/STM32L0xx_HAL_Driver/Inc/stm32l0xx_hal.h:30,
                 from ../Core/Inc/main.h:31,
                 from ../Core/Src/main.c:21:
../Drivers/STM32L0xx_HAL_Driver/Inc/stm32l0xx_hal_uart.h:1488:73: note: expected 'uint8_t *' {aka 'unsigned char *'} but argument is of type 'char *'
 1488 | HAL_StatusTypeDef HAL_UART_Transmit(UART_HandleTypeDef *huart, uint8_t *pData, uint16_t Size, uint32_t Timeout);
      |                                                                ~~~~~~~~~^~~~~
../Core/Src/main.c:107:35: warning: pointer targets in passing argument 2 of 'HAL_UART_Transmit' differ in signedness [-Wpointer-sign]
  107 |     HAL_UART_Transmit( &hlpuart1, "buradaa2\r\n",10, 100);
      |                                   ^~~~~~~~~~~~~~
      |                                   |
      |                                   char *
In file included from ../Core/Inc/stm32l0xx_hal_conf.h:280,
                 from ../Drivers/STM32L0xx_HAL_Driver/Inc/stm32l0xx_hal.h:30,
                 from ../Core/Inc/main.h:31,
                 from ../Core/Src/main.c:21:
../Drivers/STM32L0xx_HAL_Driver/Inc/stm32l0xx_hal_uart.h:1488:73: note: expected 'uint8_t *' {aka 'unsigned char *'} but argument is of type 'char *'
 1488 | HAL_StatusTypeDef HAL_UART_Transmit(UART_HandleTypeDef *huart, uint8_t *pData, uint16_t Size, uint32_t Timeout);
      |                                                                ~~~~~~~~~^~~~~
../Core/Src/main.c:116:31: warning: pointer targets in passing argument 2 of 'HAL_UART_Transmit' differ in signedness [-Wpointer-sign]
  116 | HAL_UART_Transmit( &hlpuart1, "buradaaa\r\n",10, 100);
      |                               ^~~~~~~~~~~~~~
      |                               |
      |                               char *
In file included from ../Core/Inc/stm32l0xx_hal_conf.h:280,
                 from ../Drivers/STM32L0xx_HAL_Driver/Inc/stm32l0xx_hal.h:30,
                 from ../Core/Inc/main.h:31,
                 from ../Core/Src/main.c:21:
../Drivers/STM32L0xx_HAL_Driver/Inc/stm32l0xx_hal_uart.h:1488:73: note: expected 'uint8_t *' {aka 'unsigned char *'} but argument is of type 'char *'
 1488 | HAL_StatusTypeDef HAL_UART_Transmit(UART_HandleTypeDef *huart, uint8_t *pData, uint16_t Size, uint32_t Timeout);
      |                                                                ~~~~~~~~~^~~~~
../Core/Src/main.c:120:31: warning: pointer targets in passing argument 2 of 'HAL_UART_Transmit' differ in signedness [-Wpointer-sign]
  120 | HAL_UART_Transmit( &hlpuart1, "geliyor",7, 100);
      |                               ^~~~~~~~~
      |                               |
      |                               char *
In file included from ../Core/Inc/stm32l0xx_hal_conf.h:280,
                 from ../Drivers/STM32L0xx_HAL_Driver/Inc/stm32l0xx_hal.h:30,
                 from ../Core/Inc/main.h:31,
                 from ../Core/Src/main.c:21:
../Drivers/STM32L0xx_HAL_Driver/Inc/stm32l0xx_hal_uart.h:1488:73: note: expected 'uint8_t *' {aka 'unsigned char *'} but argument is of type 'char *'
 1488 | HAL_StatusTypeDef HAL_UART_Transmit(UART_HandleTypeDef *huart, uint8_t *pData, uint16_t Size, uint32_t Timeout);
      |                                                                ~~~~~~~~~^~~~~
../Core/Src/main.c:138:7: warning: implicit declaration of function 'printf' [-Wimplicit-function-declaration]
  138 |       printf("Tx...");
      |       ^~~~~~
../Core/Src/main.c:138:7: warning: incompatible implicit declaration of built-in function 'printf'
../Core/Src/main.c:27:1: note: include '<stdio.h>' or provide a declaration of 'printf'
   26 | #include "rf_conf.h"
  +++ |+#include <stdio.h>
   27 | /* USER CODE END Includes */
../Core/Src/main.c:148:20: warning: unused variable 'tx_cnt' [-Wunused-variable]
  148 |    static uint16_t tx_cnt=0;
      |                    ^~~~~~
../Core/Src/main.c:98:8: warning: variable 'mode' set but not used [-Wunused-but-set-variable]
   98 |   byte mode = 1;   // 0: receive , 1: transmitter
      |        ^~~~
../Core/Src/main.c:97:8: warning: unused variable 'rx_buf' [-Wunused-variable]
   97 |   byte rx_buf[32];
      |        ^~~~~~
At top level:
../Core/Src/main.c:148:20: warning: 'tx_cnt' defined but not used [-Wunused-variable]
  148 |    static uint16_t tx_cnt=0;
      |                    ^~~~~~
arm-none-eabi-gcc -o "VERICI-DEVRE.elf" @"objects.list"   -mcpu=cortex-m0plus -T"C:\Users\Enelsis\Desktop\enelsis\kendi github\kendi-kodlarim\Embedded systems\VERICI-DEVRE\STM32L010C6TX_FLASH.ld" --specs=nosys.specs -Wl,-Map="VERICI-DEVRE.map" -Wl,--gc-sections -static --specs=nano.specs -mfloat-abi=soft -mthumb -Wl,--start-group -lc -lm -Wl,--end-group
Finished building target: VERICI-DEVRE.elf
 
arm-none-eabi-size   VERICI-DEVRE.elf 
arm-none-eabi-objdump -h -S  VERICI-DEVRE.elf  > "VERICI-DEVRE.list"
arm-none-eabi-objcopy  -O binary  VERICI-DEVRE.elf  "VERICI-DEVRE.bin"
   text	   data	    bss	    dec	    hex	filename
  18600	    508	   1748	  20856	   5178	VERICI-DEVRE.elf
Finished building: default.size.stdout
 
Finished building: VERICI-DEVRE.bin
 
Finished building: VERICI-DEVRE.list
 
