10:16:33 **** Incremental Build of configuration Debug for project RF-CMT2119B-Transmitter ****
make -j4 all 
arm-none-eabi-gcc "../Core/Src/HopeDuino_SPI3.c" -mcpu=cortex-m0plus -std=gnu11 -g3 -DDEBUG -DUSE_HAL_DRIVER -DSTM32L010x6 -c -I../Core/Inc -I../Drivers/STM32L0xx_HAL_Driver/Inc -I../Drivers/STM32L0xx_HAL_Driver/Inc/Legacy -I../Drivers/CMSIS/Device/ST/STM32L0xx/Include -I../Drivers/CMSIS/Include -O0 -ffunction-sections -fdata-sections -Wall -fstack-usage -MMD -MP -MF"Core/Src/HopeDuino_SPI3.d" -MT"Core/Src/HopeDuino_SPI3.o" --specs=nano.specs -mfloat-abi=soft -mthumb -o "Core/Src/HopeDuino_SPI3.o"
arm-none-eabi-gcc "../Core/Src/RFM300_Driver.c" -mcpu=cortex-m0plus -std=gnu11 -g3 -DDEBUG -DUSE_HAL_DRIVER -DSTM32L010x6 -c -I../Core/Inc -I../Drivers/STM32L0xx_HAL_Driver/Inc -I../Drivers/STM32L0xx_HAL_Driver/Inc/Legacy -I../Drivers/CMSIS/Device/ST/STM32L0xx/Include -I../Drivers/CMSIS/Include -O0 -ffunction-sections -fdata-sections -Wall -fstack-usage -MMD -MP -MF"Core/Src/RFM300_Driver.d" -MT"Core/Src/RFM300_Driver.o" --specs=nano.specs -mfloat-abi=soft -mthumb -o "Core/Src/RFM300_Driver.o"
arm-none-eabi-gcc "../Core/Src/main.c" -mcpu=cortex-m0plus -std=gnu11 -g3 -DDEBUG -DUSE_HAL_DRIVER -DSTM32L010x6 -c -I../Core/Inc -I../Drivers/STM32L0xx_HAL_Driver/Inc -I../Drivers/STM32L0xx_HAL_Driver/Inc/Legacy -I../Drivers/CMSIS/Device/ST/STM32L0xx/Include -I../Drivers/CMSIS/Include -O0 -ffunction-sections -fdata-sections -Wall -fstack-usage -MMD -MP -MF"Core/Src/main.d" -MT"Core/Src/main.o" --specs=nano.specs -mfloat-abi=soft -mthumb -o "Core/Src/main.o"
../Core/Src/RFM300_Driver.c: In function 'set_node_id':
../Core/Src/RFM300_Driver.c:207:52: warning: suggest parentheses around arithmetic in operand of '|' [-Wparentheses]
  207 |  vSpi3Write((word)(CMT23_NODE_ADDR_3<<8)| (node>>8)&0x00FF);
      |                                           ~~~~~~~~~^~~~~~~
../Core/Src/RFM300_Driver.c: In function 'vSetClockDiv':
../Core/Src/RFM300_Driver.c:324:42: warning: suggest parentheses around arithmetic in operand of '|' [-Wparentheses]
  324 |  vSpi3Write(((word)CMT23_CLK_CTL<<8)+(tmp&0xC0|(enable<<5)|div));
      |                                       ~~~^~~~~
arm-none-eabi-gcc -o "RF-CMT2119B-Transmitter.elf" @"objects.list"   -mcpu=cortex-m0plus -T"C:\Users\Enelsis\Desktop\enelsis\kendi github\kendi-kodlarim\Embedded systems\RF-CMT2119B-Transmitter\STM32L010C6TX_FLASH.ld" --specs=nosys.specs -Wl,-Map="RF-CMT2119B-Transmitter.map" -Wl,--gc-sections -static --specs=nano.specs -mfloat-abi=soft -mthumb -Wl,--start-group -lc -lm -Wl,--end-group
Finished building target: RF-CMT2119B-Transmitter.elf
 
arm-none-eabi-size   RF-CMT2119B-Transmitter.elf 
arm-none-eabi-objdump -h -S  RF-CMT2119B-Transmitter.elf  > "RF-CMT2119B-Transmitter.list"
   text	   data	    bss	    dec	    hex	filename
  13368	    404	   1716	  15488	   3c80	RF-CMT2119B-Transmitter.elf
arm-none-eabi-objcopy  -O binary  RF-CMT2119B-Transmitter.elf  "RF-CMT2119B-Transmitter.bin"
Finished building: default.size.stdout
 
Finished building: RF-CMT2119B-Transmitter.bin
 
Finished building: RF-CMT2119B-Transmitter.list
 
10:35:22 **** Incremental Build of configuration Debug for project RF-CMT2119B-Transmitter ****
make -j4 all 
arm-none-eabi-size   RF-CMT2119B-Transmitter.elf 
   text	   data	    bss	    dec	    hex	filename
  13368	    404	   1716	  15488	   3c80	RF-CMT2119B-Transmitter.elf
Finished building: default.size.stdout
 
10:38:08 **** Incremental Build of configuration Debug for project RF-CMT2119B-Transmitter ****
make -j4 all 
arm-none-eabi-size   RF-CMT2119B-Transmitter.elf 
   text	   data	    bss	    dec	    hex	filename
  13368	    404	   1716	  15488	   3c80	RF-CMT2119B-Transmitter.elf
Finished building: default.size.stdout
 
10:38:58 **** Incremental Build of configuration Debug for project RF-CMT2119B-Transmitter ****
make -j4 all 
arm-none-eabi-size   RF-CMT2119B-Transmitter.elf 
   text	   data	    bss	    dec	    hex	filename
  13368	    404	   1716	  15488	   3c80	RF-CMT2119B-Transmitter.elf
Finished building: default.size.stdout
 
10:38:59 **** Incremental Build of configuration Debug for project RF-CMT2119B-Transmitter ****
make -j4 all 
arm-none-eabi-size   RF-CMT2119B-Transmitter.elf 
   text	   data	    bss	    dec	    hex	filename
  13368	    404	   1716	  15488	   3c80	RF-CMT2119B-Transmitter.elf
Finished building: default.size.stdout
 
10:58:52 **** Incremental Build of configuration Debug for project RF-CMT2119B-Transmitter ****
make -j4 all 
arm-none-eabi-size   RF-CMT2119B-Transmitter.elf 
   text	   data	    bss	    dec	    hex	filename
  13368	    404	   1716	  15488	   3c80	RF-CMT2119B-Transmitter.elf
Finished building: default.size.stdout
 
10:59:52 **** Incremental Build of configuration Debug for project RF-CMT2119B-Transmitter ****
make -j4 all 
arm-none-eabi-size   RF-CMT2119B-Transmitter.elf 
   text	   data	    bss	    dec	    hex	filename
  13368	    404	   1716	  15488	   3c80	RF-CMT2119B-Transmitter.elf
Finished building: default.size.stdout
 
13:03:06 **** Incremental Build of configuration Debug for project RF-CMT2119B-Transmitter ****
make -j4 all 
arm-none-eabi-size   RF-CMT2119B-Transmitter.elf 
   text	   data	    bss	    dec	    hex	filename
  13368	    404	   1716	  15488	   3c80	RF-CMT2119B-Transmitter.elf
Finished building: default.size.stdout
 
12:48:27 **** Incremental Build of configuration Debug for project RF-CMT2119B-Transmitter ****
make -j4 all 
arm-none-eabi-size   RF-CMT2119B-Transmitter.elf 
   text	   data	    bss	    dec	    hex	filename
  13368	    404	   1716	  15488	   3c80	RF-CMT2119B-Transmitter.elf
Finished building: default.size.stdout
 
12:55:08 **** Incremental Build of configuration Debug for project RF-CMT2119B-Transmitter ****
make -j4 all 
arm-none-eabi-size   RF-CMT2119B-Transmitter.elf 
   text	   data	    bss	    dec	    hex	filename
  13368	    404	   1716	  15488	   3c80	RF-CMT2119B-Transmitter.elf
Finished building: default.size.stdout
 
12:55:52 **** Incremental Build of configuration Debug for project VERICI-DEVRE ****
make -j4 all 
arm-none-eabi-size   VERICI-DEVRE.elf 
   text	   data	    bss	    dec	    hex	filename
  24172	    508	   1892	  26572	   67cc	VERICI-DEVRE.elf
Finished building: default.size.stdout
 
12:56:56 **** Incremental Build of configuration Debug for project VERICI-DEVRE ****
make -j4 all 
arm-none-eabi-size   VERICI-DEVRE.elf 
   text	   data	    bss	    dec	    hex	filename
  24172	    508	   1892	  26572	   67cc	VERICI-DEVRE.elf
Finished building: default.size.stdout
 
12:58:17 **** Incremental Build of configuration Debug for project RF-CMT2119B-Transmitter ****
make -j4 all 
arm-none-eabi-size   RF-CMT2119B-Transmitter.elf 
   text	   data	    bss	    dec	    hex	filename
  13368	    404	   1716	  15488	   3c80	RF-CMT2119B-Transmitter.elf
Finished building: default.size.stdout
 
13:04:13 **** Incremental Build of configuration Debug for project VERICI-DEVRE ****
make -j4 all 
arm-none-eabi-size   VERICI-DEVRE.elf 
   text	   data	    bss	    dec	    hex	filename
  24172	    508	   1892	  26572	   67cc	VERICI-DEVRE.elf
Finished building: default.size.stdout
 
13:04:56 **** Incremental Build of configuration Debug for project VERICI-DEVRE ****
make -j4 all 
arm-none-eabi-size   VERICI-DEVRE.elf 
   text	   data	    bss	    dec	    hex	filename
  24172	    508	   1892	  26572	   67cc	VERICI-DEVRE.elf
Finished building: default.size.stdout
 
13:08:08 **** Incremental Build of configuration Debug for project VERICI-DEVRE ****
make -j4 all 
arm-none-eabi-size   VERICI-DEVRE.elf 
   text	   data	    bss	    dec	    hex	filename
  24172	    508	   1892	  26572	   67cc	VERICI-DEVRE.elf
Finished building: default.size.stdout
 
13:09:38 **** Incremental Build of configuration Debug for project VERICI-DEVRE ****
make -j4 all 
arm-none-eabi-size   VERICI-DEVRE.elf 
   text	   data	    bss	    dec	    hex	filename
  24172	    508	   1892	  26572	   67cc	VERICI-DEVRE.elf
Finished building: default.size.stdout
 
13:10:05 **** Incremental Build of configuration Debug for project VERICI-DEVRE ****
make -j4 all 
arm-none-eabi-size   VERICI-DEVRE.elf 
   text	   data	    bss	    dec	    hex	filename
  24172	    508	   1892	  26572	   67cc	VERICI-DEVRE.elf
Finished building: default.size.stdout
 
14:15:14 **** Build of configuration Debug for project SHT30 ****
make -j4 all 
arm-none-eabi-size   SHT30.elf 
   text	   data	    bss	    dec	    hex	filename
  20364	    124	   1884	  22372	   5764	SHT30.elf
Finished building: default.size.stdout
 
14:16:44 **** Incremental Build of configuration Debug for project SHT30 ****
make -j4 all 
arm-none-eabi-gcc "../Core/Src/main.c" -mcpu=cortex-m0plus -std=gnu11 -g3 -DDEBUG -DUSE_HAL_DRIVER -DSTM32L010x6 -c -I../Core/Inc -I../Drivers/STM32L0xx_HAL_Driver/Inc -I../Drivers/STM32L0xx_HAL_Driver/Inc/Legacy -I../Drivers/CMSIS/Device/ST/STM32L0xx/Include -I../Drivers/CMSIS/Include -O0 -ffunction-sections -fdata-sections -Wall -fstack-usage -MMD -MP -MF"Core/Src/main.d" -MT"Core/Src/main.o" --specs=nano.specs -mfloat-abi=soft -mthumb -o "Core/Src/main.o"
../Core/Src/main.c: In function 'main':
../Core/Src/main.c:121:26: warning: format '%d' expects argument of type 'int', but argument 3 has type 'long int' [-Wformat=]
  121 |        sprintf(buffer, "%d", temperature/ 100);
      |                         ~^   ~~~~~~~~~~~~~~~~
      |                          |              |
      |                          int            long int
      |                         %ld
../Core/Src/main.c:122:37: warning: pointer targets in passing argument 2 of 'HAL_UART_Transmit' differ in signedness [-Wpointer-sign]
  122 |        HAL_UART_Transmit(&hlpuart1, "t: ", 3, 1000);
      |                                     ^~~~~
      |                                     |
      |                                     char *
In file included from ../Core/Inc/stm32l0xx_hal_conf.h:280,
                 from ../Drivers/STM32L0xx_HAL_Driver/Inc/stm32l0xx_hal.h:30,
                 from ../Core/Inc/main.h:31,
                 from ../Core/Src/main.c:21:
../Drivers/STM32L0xx_HAL_Driver/Inc/stm32l0xx_hal_uart.h:1488:73: note: expected 'uint8_t *' {aka 'unsigned char *'} but argument is of type 'char *'
 1488 | HAL_StatusTypeDef HAL_UART_Transmit(UART_HandleTypeDef *huart, uint8_t *pData, uint16_t Size, uint32_t Timeout);
      |                                                                ~~~~~~~~~^~~~~
../Core/Src/main.c:128:27: warning: format '%d' expects argument of type 'int', but argument 3 has type 'long int' [-Wformat=]
  128 |         sprintf(buffer, "%d", humidity/ 100);
      |                          ~^   ~~~~~~~~~~~~~
      |                           |           |
      |                           int         long int
      |                          %ld
../Core/Src/main.c:129:38: warning: pointer targets in passing argument 2 of 'HAL_UART_Transmit' differ in signedness [-Wpointer-sign]
  129 |         HAL_UART_Transmit(&hlpuart1, "n: ", 3, 1000);
      |                                      ^~~~~
      |                                      |
      |                                      char *
In file included from ../Core/Inc/stm32l0xx_hal_conf.h:280,
                 from ../Drivers/STM32L0xx_HAL_Driver/Inc/stm32l0xx_hal.h:30,
                 from ../Core/Inc/main.h:31,
                 from ../Core/Src/main.c:21:
../Drivers/STM32L0xx_HAL_Driver/Inc/stm32l0xx_hal_uart.h:1488:73: note: expected 'uint8_t *' {aka 'unsigned char *'} but argument is of type 'char *'
 1488 | HAL_StatusTypeDef HAL_UART_Transmit(UART_HandleTypeDef *huart, uint8_t *pData, uint16_t Size, uint32_t Timeout);
      |                                                                ~~~~~~~~~^~~~~
arm-none-eabi-gcc -o "SHT30.elf" @"objects.list"   -mcpu=cortex-m0plus -T"C:\Users\Enelsis\Desktop\enelsis\kendi github\kendi-kodlarim\Embedded systems\SHT30\STM32L010C6TX_FLASH.ld" --specs=nosys.specs -Wl,-Map="SHT30.map" -Wl,--gc-sections -static --specs=nano.specs -mfloat-abi=soft -mthumb -Wl,--start-group -lc -lm -Wl,--end-group
Finished building target: SHT30.elf
 
arm-none-eabi-size   SHT30.elf 
arm-none-eabi-objdump -h -S  SHT30.elf  > "SHT30.list"
arm-none-eabi-objcopy  -O binary  SHT30.elf  "SHT30.bin"
   text	   data	    bss	    dec	    hex	filename
  20392	    124	   1884	  22400	   5780	SHT30.elf
Finished building: default.size.stdout
 
Finished building: SHT30.bin
 
Finished building: SHT30.list
 
14:18:44 **** Incremental Build of configuration Debug for project SHT30 ****
make -j4 all 
arm-none-eabi-size   SHT30.elf 
   text	   data	    bss	    dec	    hex	filename
  20392	    124	   1884	  22400	   5780	SHT30.elf
Finished building: default.size.stdout
 
14:30:04 **** Incremental Build of configuration Debug for project SHT30 ****
make -j4 all 
arm-none-eabi-gcc "../Core/Src/main.c" -mcpu=cortex-m0plus -std=gnu11 -g3 -DDEBUG -DUSE_HAL_DRIVER -DSTM32L010x6 -c -I../Core/Inc -I../Drivers/STM32L0xx_HAL_Driver/Inc -I../Drivers/STM32L0xx_HAL_Driver/Inc/Legacy -I../Drivers/CMSIS/Device/ST/STM32L0xx/Include -I../Drivers/CMSIS/Include -O0 -ffunction-sections -fdata-sections -Wall -fstack-usage -MMD -MP -MF"Core/Src/main.d" -MT"Core/Src/main.o" --specs=nano.specs -mfloat-abi=soft -mthumb -o "Core/Src/main.o"
../Core/Src/main.c: In function 'main':
../Core/Src/main.c:121:26: warning: format '%d' expects argument of type 'int', but argument 3 has type 'long int' [-Wformat=]
  121 |        sprintf(buffer, "%d", temperature/ 100);
      |                         ~^   ~~~~~~~~~~~~~~~~
      |                          |              |
      |                          int            long int
      |                         %ld
../Core/Src/main.c:122:37: warning: pointer targets in passing argument 2 of 'HAL_UART_Transmit' differ in signedness [-Wpointer-sign]
  122 |        HAL_UART_Transmit(&hlpuart1, "t: ", 3, 1000);
      |                                     ^~~~~
      |                                     |
      |                                     char *
In file included from ../Core/Inc/stm32l0xx_hal_conf.h:280,
                 from ../Drivers/STM32L0xx_HAL_Driver/Inc/stm32l0xx_hal.h:30,
                 from ../Core/Inc/main.h:31,
                 from ../Core/Src/main.c:21:
../Drivers/STM32L0xx_HAL_Driver/Inc/stm32l0xx_hal_uart.h:1488:73: note: expected 'uint8_t *' {aka 'unsigned char *'} but argument is of type 'char *'
 1488 | HAL_StatusTypeDef HAL_UART_Transmit(UART_HandleTypeDef *huart, uint8_t *pData, uint16_t Size, uint32_t Timeout);
      |                                                                ~~~~~~~~~^~~~~
../Core/Src/main.c:128:27: warning: format '%d' expects argument of type 'int', but argument 3 has type 'long int' [-Wformat=]
  128 |         sprintf(buffer, "%d", humidity/ 100);
      |                          ~^   ~~~~~~~~~~~~~
      |                           |           |
      |                           int         long int
      |                          %ld
../Core/Src/main.c:129:38: warning: pointer targets in passing argument 2 of 'HAL_UART_Transmit' differ in signedness [-Wpointer-sign]
  129 |         HAL_UART_Transmit(&hlpuart1, "n: ", 3, 1000);
      |                                      ^~~~~
      |                                      |
      |                                      char *
In file included from ../Core/Inc/stm32l0xx_hal_conf.h:280,
                 from ../Drivers/STM32L0xx_HAL_Driver/Inc/stm32l0xx_hal.h:30,
                 from ../Core/Inc/main.h:31,
                 from ../Core/Src/main.c:21:
../Drivers/STM32L0xx_HAL_Driver/Inc/stm32l0xx_hal_uart.h:1488:73: note: expected 'uint8_t *' {aka 'unsigned char *'} but argument is of type 'char *'
 1488 | HAL_StatusTypeDef HAL_UART_Transmit(UART_HandleTypeDef *huart, uint8_t *pData, uint16_t Size, uint32_t Timeout);
      |                                                                ~~~~~~~~~^~~~~
arm-none-eabi-gcc -o "SHT30.elf" @"objects.list"   -mcpu=cortex-m0plus -T"C:\Users\Enelsis\Desktop\enelsis\kendi github\kendi-kodlarim\Embedded systems\SHT30\STM32L010C6TX_FLASH.ld" --specs=nosys.specs -Wl,-Map="SHT30.map" -Wl,--gc-sections -static --specs=nano.specs -mfloat-abi=soft -mthumb -Wl,--start-group -lc -lm -Wl,--end-group
Finished building target: SHT30.elf
 
arm-none-eabi-size   SHT30.elf 
arm-none-eabi-objdump -h -S  SHT30.elf  > "SHT30.list"
arm-none-eabi-objcopy  -O binary  SHT30.elf  "SHT30.bin"
   text	   data	    bss	    dec	    hex	filename
  20420	    124	   1884	  22428	   579c	SHT30.elf
Finished building: default.size.stdout
 
Finished building: SHT30.bin
 
Finished building: SHT30.list
 
14:31:01 **** Incremental Build of configuration Debug for project SHT30 ****
make -j4 all 
arm-none-eabi-gcc "../Core/Src/main.c" -mcpu=cortex-m0plus -std=gnu11 -g3 -DDEBUG -DUSE_HAL_DRIVER -DSTM32L010x6 -c -I../Core/Inc -I../Drivers/STM32L0xx_HAL_Driver/Inc -I../Drivers/STM32L0xx_HAL_Driver/Inc/Legacy -I../Drivers/CMSIS/Device/ST/STM32L0xx/Include -I../Drivers/CMSIS/Include -O0 -ffunction-sections -fdata-sections -Wall -fstack-usage -MMD -MP -MF"Core/Src/main.d" -MT"Core/Src/main.o" --specs=nano.specs -mfloat-abi=soft -mthumb -o "Core/Src/main.o"
../Core/Src/main.c: In function 'main':
../Core/Src/main.c:128:26: warning: format '%d' expects argument of type 'int', but argument 3 has type 'long int' [-Wformat=]
  128 |        sprintf(buffer, "%d", temperature/ 100);
      |                         ~^   ~~~~~~~~~~~~~~~~
      |                          |              |
      |                          int            long int
      |                         %ld
../Core/Src/main.c:129:37: warning: pointer targets in passing argument 2 of 'HAL_UART_Transmit' differ in signedness [-Wpointer-sign]
  129 |        HAL_UART_Transmit(&hlpuart1, "t: ", 3, 1000);
      |                                     ^~~~~
      |                                     |
      |                                     char *
In file included from ../Core/Inc/stm32l0xx_hal_conf.h:280,
                 from ../Drivers/STM32L0xx_HAL_Driver/Inc/stm32l0xx_hal.h:30,
                 from ../Core/Inc/main.h:31,
                 from ../Core/Src/main.c:21:
../Drivers/STM32L0xx_HAL_Driver/Inc/stm32l0xx_hal_uart.h:1488:73: note: expected 'uint8_t *' {aka 'unsigned char *'} but argument is of type 'char *'
 1488 | HAL_StatusTypeDef HAL_UART_Transmit(UART_HandleTypeDef *huart, uint8_t *pData, uint16_t Size, uint32_t Timeout);
      |                                                                ~~~~~~~~~^~~~~
../Core/Src/main.c:135:27: warning: format '%d' expects argument of type 'int', but argument 3 has type 'long int' [-Wformat=]
  135 |         sprintf(buffer, "%d", humidity/ 100);
      |                          ~^   ~~~~~~~~~~~~~
      |                           |           |
      |                           int         long int
      |                          %ld
../Core/Src/main.c:136:38: warning: pointer targets in passing argument 2 of 'HAL_UART_Transmit' differ in signedness [-Wpointer-sign]
  136 |         HAL_UART_Transmit(&hlpuart1, "n: ", 3, 1000);
      |                                      ^~~~~
      |                                      |
      |                                      char *
In file included from ../Core/Inc/stm32l0xx_hal_conf.h:280,
                 from ../Drivers/STM32L0xx_HAL_Driver/Inc/stm32l0xx_hal.h:30,
                 from ../Core/Inc/main.h:31,
                 from ../Core/Src/main.c:21:
../Drivers/STM32L0xx_HAL_Driver/Inc/stm32l0xx_hal_uart.h:1488:73: note: expected 'uint8_t *' {aka 'unsigned char *'} but argument is of type 'char *'
 1488 | HAL_StatusTypeDef HAL_UART_Transmit(UART_HandleTypeDef *huart, uint8_t *pData, uint16_t Size, uint32_t Timeout);
      |                                                                ~~~~~~~~~^~~~~
arm-none-eabi-gcc -o "SHT30.elf" @"objects.list"   -mcpu=cortex-m0plus -T"C:\Users\Enelsis\Desktop\enelsis\kendi github\kendi-kodlarim\Embedded systems\SHT30\STM32L010C6TX_FLASH.ld" --specs=nosys.specs -Wl,-Map="SHT30.map" -Wl,--gc-sections -static --specs=nano.specs -mfloat-abi=soft -mthumb -Wl,--start-group -lc -lm -Wl,--end-group
Finished building target: SHT30.elf
 
arm-none-eabi-size   SHT30.elf 
arm-none-eabi-objdump -h -S  SHT30.elf  > "SHT30.list"
arm-none-eabi-objcopy  -O binary  SHT30.elf  "SHT30.bin"
   text	   data	    bss	    dec	    hex	filename
  20500	    124	   1884	  22508	   57ec	SHT30.elf
Finished building: default.size.stdout
 
Finished building: SHT30.bin
 
Finished building: SHT30.list
 
14:31:42 **** Incremental Build of configuration Debug for project SHT30 ****
make -j4 all 
arm-none-eabi-gcc "../Core/Src/main.c" -mcpu=cortex-m0plus -std=gnu11 -g3 -DDEBUG -DUSE_HAL_DRIVER -DSTM32L010x6 -c -I../Core/Inc -I../Drivers/STM32L0xx_HAL_Driver/Inc -I../Drivers/STM32L0xx_HAL_Driver/Inc/Legacy -I../Drivers/CMSIS/Device/ST/STM32L0xx/Include -I../Drivers/CMSIS/Include -O0 -ffunction-sections -fdata-sections -Wall -fstack-usage -MMD -MP -MF"Core/Src/main.d" -MT"Core/Src/main.o" --specs=nano.specs -mfloat-abi=soft -mthumb -o "Core/Src/main.o"
../Core/Src/main.c: In function 'main':
../Core/Src/main.c:130:26: warning: format '%d' expects argument of type 'int', but argument 3 has type 'long int' [-Wformat=]
  130 |        sprintf(buffer, "%d", temperature/ 100);
      |                         ~^   ~~~~~~~~~~~~~~~~
      |                          |              |
      |                          int            long int
      |                         %ld
../Core/Src/main.c:131:37: warning: pointer targets in passing argument 2 of 'HAL_UART_Transmit' differ in signedness [-Wpointer-sign]
  131 |        HAL_UART_Transmit(&hlpuart1, "t: ", 3, 1000);
      |                                     ^~~~~
      |                                     |
      |                                     char *
In file included from ../Core/Inc/stm32l0xx_hal_conf.h:280,
                 from ../Drivers/STM32L0xx_HAL_Driver/Inc/stm32l0xx_hal.h:30,
                 from ../Core/Inc/main.h:31,
                 from ../Core/Src/main.c:21:
../Drivers/STM32L0xx_HAL_Driver/Inc/stm32l0xx_hal_uart.h:1488:73: note: expected 'uint8_t *' {aka 'unsigned char *'} but argument is of type 'char *'
 1488 | HAL_StatusTypeDef HAL_UART_Transmit(UART_HandleTypeDef *huart, uint8_t *pData, uint16_t Size, uint32_t Timeout);
      |                                                                ~~~~~~~~~^~~~~
../Core/Src/main.c:137:27: warning: format '%d' expects argument of type 'int', but argument 3 has type 'long int' [-Wformat=]
  137 |         sprintf(buffer, "%d", humidity/ 100);
      |                          ~^   ~~~~~~~~~~~~~
      |                           |           |
      |                           int         long int
      |                          %ld
../Core/Src/main.c:138:38: warning: pointer targets in passing argument 2 of 'HAL_UART_Transmit' differ in signedness [-Wpointer-sign]
  138 |         HAL_UART_Transmit(&hlpuart1, "n: ", 3, 1000);
      |                                      ^~~~~
      |                                      |
      |                                      char *
In file included from ../Core/Inc/stm32l0xx_hal_conf.h:280,
                 from ../Drivers/STM32L0xx_HAL_Driver/Inc/stm32l0xx_hal.h:30,
                 from ../Core/Inc/main.h:31,
                 from ../Core/Src/main.c:21:
../Drivers/STM32L0xx_HAL_Driver/Inc/stm32l0xx_hal_uart.h:1488:73: note: expected 'uint8_t *' {aka 'unsigned char *'} but argument is of type 'char *'
 1488 | HAL_StatusTypeDef HAL_UART_Transmit(UART_HandleTypeDef *huart, uint8_t *pData, uint16_t Size, uint32_t Timeout);
      |                                                                ~~~~~~~~~^~~~~
arm-none-eabi-gcc -o "SHT30.elf" @"objects.list"   -mcpu=cortex-m0plus -T"C:\Users\Enelsis\Desktop\enelsis\kendi github\kendi-kodlarim\Embedded systems\SHT30\STM32L010C6TX_FLASH.ld" --specs=nosys.specs -Wl,-Map="SHT30.map" -Wl,--gc-sections -static --specs=nano.specs -mfloat-abi=soft -mthumb -Wl,--start-group -lc -lm -Wl,--end-group
Finished building target: SHT30.elf
 
arm-none-eabi-size   SHT30.elf 
arm-none-eabi-objdump -h -S  SHT30.elf  > "SHT30.list"
arm-none-eabi-objcopy  -O binary  SHT30.elf  "SHT30.bin"
   text	   data	    bss	    dec	    hex	filename
  20528	    124	   1884	  22536	   5808	SHT30.elf
Finished building: default.size.stdout
 
Finished building: SHT30.bin
 
Finished building: SHT30.list
 
14:33:25 **** Incremental Build of configuration Debug for project SHT30 ****
make -j4 all 
arm-none-eabi-size   SHT30.elf 
   text	   data	    bss	    dec	    hex	filename
  20528	    124	   1884	  22536	   5808	SHT30.elf
Finished building: default.size.stdout
 
14:36:34 **** Incremental Build of configuration Debug for project VERICI-DEVRE ****
make -j4 all 
arm-none-eabi-gcc "../Core/Src/main.c" -mcpu=cortex-m0plus -std=gnu11 -g3 -DDEBUG -DUSE_HAL_DRIVER -DSTM32L010x6 -c -I../Core/Inc -I../Drivers/STM32L0xx_HAL_Driver/Inc -I../Drivers/STM32L0xx_HAL_Driver/Inc/Legacy -I../Drivers/CMSIS/Device/ST/STM32L0xx/Include -I../Drivers/CMSIS/Include -O0 -ffunction-sections -fdata-sections -Wall -fstack-usage -MMD -MP -MF"Core/Src/main.d" -MT"Core/Src/main.o" --specs=nano.specs -mfloat-abi=soft -mthumb -o "Core/Src/main.o"
../Core/Src/main.c: In function 'main':
../Core/Src/main.c:153:23: warning: format '%d' expects argument of type 'int', but argument 3 has type 'long int' [-Wformat=]
  153 |     sprintf(buffer, "%d", temperature/10); //100e bölünmesi demek ,'den sonraki 2 sayının silinmesi demek örneğin sonuç 255 yani 25.5 derece eğer ,'den sorna 2 hanenin gözükmesini istersek 10 diyeceğiz yani sonu. 25.57
      |                      ~^   ~~~~~~~~~~~~~~
      |                       |              |
      |                       int            long int
      |                      %ld
../Core/Src/main.c:154:37: warning: pointer targets in passing argument 2 of 'HAL_UART_Transmit' differ in signedness [-Wpointer-sign]
  154 |        HAL_UART_Transmit(&hlpuart1, "t: ", 3, 1000);
      |                                     ^~~~~
      |                                     |
      |                                     char *
In file included from ../Core/Inc/stm32l0xx_hal_conf.h:280,
                 from ../Drivers/STM32L0xx_HAL_Driver/Inc/stm32l0xx_hal.h:30,
                 from ../Core/Inc/main.h:31,
                 from ../Core/Src/main.c:21:
../Drivers/STM32L0xx_HAL_Driver/Inc/stm32l0xx_hal_uart.h:1488:73: note: expected 'uint8_t *' {aka 'unsigned char *'} but argument is of type 'char *'
 1488 | HAL_StatusTypeDef HAL_UART_Transmit(UART_HandleTypeDef *huart, uint8_t *pData, uint16_t Size, uint32_t Timeout);
      |                                                                ~~~~~~~~~^~~~~
../Core/Src/main.c:164:27: warning: format '%d' expects argument of type 'int', but argument 3 has type 'long int' [-Wformat=]
  164 |        sprintf(buffer2, "%d", humidity/10);
      |                          ~^   ~~~~~~~~~~~
      |                           |           |
      |                           int         long int
      |                          %ld
../Core/Src/main.c:165:37: warning: pointer targets in passing argument 2 of 'HAL_UART_Transmit' differ in signedness [-Wpointer-sign]
  165 |        HAL_UART_Transmit(&hlpuart1, "n: ", 3, 1000);
      |                                     ^~~~~
      |                                     |
      |                                     char *
In file included from ../Core/Inc/stm32l0xx_hal_conf.h:280,
                 from ../Drivers/STM32L0xx_HAL_Driver/Inc/stm32l0xx_hal.h:30,
                 from ../Core/Inc/main.h:31,
                 from ../Core/Src/main.c:21:
../Drivers/STM32L0xx_HAL_Driver/Inc/stm32l0xx_hal_uart.h:1488:73: note: expected 'uint8_t *' {aka 'unsigned char *'} but argument is of type 'char *'
 1488 | HAL_StatusTypeDef HAL_UART_Transmit(UART_HandleTypeDef *huart, uint8_t *pData, uint16_t Size, uint32_t Timeout);
      |                                                                ~~~~~~~~~^~~~~
../Core/Src/main.c:171:37: warning: pointer targets in passing argument 2 of 'HAL_UART_Transmit' differ in signedness [-Wpointer-sign]
  171 |        HAL_UART_Transmit(&hlpuart1, "buffer toplam: ", 15, 1000);
      |                                     ^~~~~~~~~~~~~~~~~
      |                                     |
      |                                     char *
In file included from ../Core/Inc/stm32l0xx_hal_conf.h:280,
                 from ../Drivers/STM32L0xx_HAL_Driver/Inc/stm32l0xx_hal.h:30,
                 from ../Core/Inc/main.h:31,
                 from ../Core/Src/main.c:21:
../Drivers/STM32L0xx_HAL_Driver/Inc/stm32l0xx_hal_uart.h:1488:73: note: expected 'uint8_t *' {aka 'unsigned char *'} but argument is of type 'char *'
 1488 | HAL_StatusTypeDef HAL_UART_Transmit(UART_HandleTypeDef *huart, uint8_t *pData, uint16_t Size, uint32_t Timeout);
      |                                                                ~~~~~~~~~^~~~~
../Core/Src/main.c:176:22: warning: pointer targets in passing argument 1 of 'bSendMessage' differ in signedness [-Wpointer-sign]
  176 |         bSendMessage(buffer,  strlen(buffer));
      |                      ^~~~~~
      |                      |
      |                      char *
In file included from ../Core/Src/main.c:25:
../Core/Inc/RFM300_Driver.h:396:24: note: expected 'byte *' {aka 'unsigned char *'} but argument is of type 'char *'
  396 | byte bSendMessage(byte msg[], byte length);
      |                   ~~~~~^~~~~
../Core/Src/main.c:112:8: warning: unused variable 'tx_buf' [-Wunused-variable]
  112 |   byte tx_buf[32] = {'H', 'o', 'p', 'e', 'R', 'F', ' ', 'R', 'F', 'M', ' ', 'C', 'O', 'B', 'R', 'F', 'M', '3', '0', '0', 'A'};
      |        ^~~~~~
arm-none-eabi-gcc -o "VERICI-DEVRE.elf" @"objects.list"   -mcpu=cortex-m0plus -T"C:\Users\Enelsis\Desktop\enelsis\kendi github\kendi-kodlarim\Embedded systems\VERICI-DEVRE3\STM32L010C6TX_FLASH.ld" --specs=nosys.specs -Wl,-Map="VERICI-DEVRE.map" -Wl,--gc-sections -static --specs=nano.specs -mfloat-abi=soft -mthumb -Wl,--start-group -lc -lm -Wl,--end-group
Finished building target: VERICI-DEVRE.elf
 
arm-none-eabi-size   VERICI-DEVRE.elf 
arm-none-eabi-objdump -h -S  VERICI-DEVRE.elf  > "VERICI-DEVRE.list"
arm-none-eabi-objcopy  -O binary  VERICI-DEVRE.elf  "VERICI-DEVRE.bin"
   text	   data	    bss	    dec	    hex	filename
  24168	    508	   1892	  26568	   67c8	VERICI-DEVRE.elf
Finished building: default.size.stdout
 
Finished building: VERICI-DEVRE.bin
 
Finished building: VERICI-DEVRE.list
 
14:49:21 **** Incremental Build of configuration Debug for project VERICI-DEVRE ****
make -j4 all 
arm-none-eabi-gcc "../Core/Src/main.c" -mcpu=cortex-m0plus -std=gnu11 -g3 -DDEBUG -DUSE_HAL_DRIVER -DSTM32L010x6 -c -I../Core/Inc -I../Drivers/STM32L0xx_HAL_Driver/Inc -I../Drivers/STM32L0xx_HAL_Driver/Inc/Legacy -I../Drivers/CMSIS/Device/ST/STM32L0xx/Include -I../Drivers/CMSIS/Include -O0 -ffunction-sections -fdata-sections -Wall -fstack-usage -MMD -MP -MF"Core/Src/main.d" -MT"Core/Src/main.o" --specs=nano.specs -mfloat-abi=soft -mthumb -o "Core/Src/main.o"
../Core/Src/main.c: In function 'main':
../Core/Src/main.c:153:23: warning: format '%d' expects argument of type 'int', but argument 3 has type 'long int' [-Wformat=]
  153 |     sprintf(buffer, "%d", temperature/10); //100e bölünmesi demek ,'den sonraki 2 sayının silinmesi demek örneğin sonuç 255 yani 25.5 derece eğer ,'den sorna 2 hanenin gözükmesini istersek 10 diyeceğiz yani sonu. 25.57
      |                      ~^   ~~~~~~~~~~~~~~
      |                       |              |
      |                       int            long int
      |                      %ld
../Core/Src/main.c:154:37: warning: pointer targets in passing argument 2 of 'HAL_UART_Transmit' differ in signedness [-Wpointer-sign]
  154 |        HAL_UART_Transmit(&hlpuart1, "t: ", 3, 1000);
      |                                     ^~~~~
      |                                     |
      |                                     char *
In file included from ../Core/Inc/stm32l0xx_hal_conf.h:280,
                 from ../Drivers/STM32L0xx_HAL_Driver/Inc/stm32l0xx_hal.h:30,
                 from ../Core/Inc/main.h:31,
                 from ../Core/Src/main.c:21:
../Drivers/STM32L0xx_HAL_Driver/Inc/stm32l0xx_hal_uart.h:1488:73: note: expected 'uint8_t *' {aka 'unsigned char *'} but argument is of type 'char *'
 1488 | HAL_StatusTypeDef HAL_UART_Transmit(UART_HandleTypeDef *huart, uint8_t *pData, uint16_t Size, uint32_t Timeout);
      |                                                                ~~~~~~~~~^~~~~
../Core/Src/main.c:164:27: warning: format '%d' expects argument of type 'int', but argument 3 has type 'long int' [-Wformat=]
  164 |        sprintf(buffer2, "%d", humidity/10);
      |                          ~^   ~~~~~~~~~~~
      |                           |           |
      |                           int         long int
      |                          %ld
../Core/Src/main.c:165:37: warning: pointer targets in passing argument 2 of 'HAL_UART_Transmit' differ in signedness [-Wpointer-sign]
  165 |        HAL_UART_Transmit(&hlpuart1, "n: ", 3, 1000);
      |                                     ^~~~~
      |                                     |
      |                                     char *
In file included from ../Core/Inc/stm32l0xx_hal_conf.h:280,
                 from ../Drivers/STM32L0xx_HAL_Driver/Inc/stm32l0xx_hal.h:30,
                 from ../Core/Inc/main.h:31,
                 from ../Core/Src/main.c:21:
../Drivers/STM32L0xx_HAL_Driver/Inc/stm32l0xx_hal_uart.h:1488:73: note: expected 'uint8_t *' {aka 'unsigned char *'} but argument is of type 'char *'
 1488 | HAL_StatusTypeDef HAL_UART_Transmit(UART_HandleTypeDef *huart, uint8_t *pData, uint16_t Size, uint32_t Timeout);
      |                                                                ~~~~~~~~~^~~~~
../Core/Src/main.c:171:37: warning: pointer targets in passing argument 2 of 'HAL_UART_Transmit' differ in signedness [-Wpointer-sign]
  171 |        HAL_UART_Transmit(&hlpuart1, "buffer toplam: ", 15, 1000);
      |                                     ^~~~~~~~~~~~~~~~~
      |                                     |
      |                                     char *
In file included from ../Core/Inc/stm32l0xx_hal_conf.h:280,
                 from ../Drivers/STM32L0xx_HAL_Driver/Inc/stm32l0xx_hal.h:30,
                 from ../Core/Inc/main.h:31,
                 from ../Core/Src/main.c:21:
../Drivers/STM32L0xx_HAL_Driver/Inc/stm32l0xx_hal_uart.h:1488:73: note: expected 'uint8_t *' {aka 'unsigned char *'} but argument is of type 'char *'
 1488 | HAL_StatusTypeDef HAL_UART_Transmit(UART_HandleTypeDef *huart, uint8_t *pData, uint16_t Size, uint32_t Timeout);
      |                                                                ~~~~~~~~~^~~~~
../Core/Src/main.c:176:22: warning: pointer targets in passing argument 1 of 'bSendMessage' differ in signedness [-Wpointer-sign]
  176 |         bSendMessage(buffer,  strlen(buffer));
      |                      ^~~~~~
      |                      |
      |                      char *
In file included from ../Core/Src/main.c:25:
../Core/Inc/RFM300_Driver.h:396:24: note: expected 'byte *' {aka 'unsigned char *'} but argument is of type 'char *'
  396 | byte bSendMessage(byte msg[], byte length);
      |                   ~~~~~^~~~~
../Core/Src/main.c:112:8: warning: unused variable 'tx_buf' [-Wunused-variable]
  112 |   byte tx_buf[32] = {'H', 'o', 'p', 'e', 'R', 'F', ' ', 'R', 'F', 'M', ' ', 'C', 'O', 'B', 'R', 'F', 'M', '3', '0', '0', 'A'};
      |        ^~~~~~
arm-none-eabi-gcc -o "VERICI-DEVRE.elf" @"objects.list"   -mcpu=cortex-m0plus -T"C:\Users\Enelsis\Desktop\enelsis\kendi github\kendi-kodlarim\Embedded systems\VERICI-DEVRE3\STM32L010C6TX_FLASH.ld" --specs=nosys.specs -Wl,-Map="VERICI-DEVRE.map" -Wl,--gc-sections -static --specs=nano.specs -mfloat-abi=soft -mthumb -Wl,--start-group -lc -lm -Wl,--end-group
Finished building target: VERICI-DEVRE.elf
 
arm-none-eabi-size   VERICI-DEVRE.elf 
arm-none-eabi-objdump -h -S  VERICI-DEVRE.elf  > "VERICI-DEVRE.list"
arm-none-eabi-objcopy  -O binary  VERICI-DEVRE.elf  "VERICI-DEVRE.bin"
   text	   data	    bss	    dec	    hex	filename
  24036	    508	   1892	  26436	   6744	VERICI-DEVRE.elf
Finished building: default.size.stdout
 
Finished building: VERICI-DEVRE.bin
 
Finished building: VERICI-DEVRE.list
 
14:53:41 **** Incremental Build of configuration Debug for project VERICI-DEVRE ****
make -j4 all 
arm-none-eabi-size   VERICI-DEVRE.elf 
   text	   data	    bss	    dec	    hex	filename
  24036	    508	   1892	  26436	   6744	VERICI-DEVRE.elf
Finished building: default.size.stdout
 
14:54:38 **** Incremental Build of configuration Debug for project VERICI-DEVRE ****
make -j4 all 
arm-none-eabi-size   VERICI-DEVRE.elf 
   text	   data	    bss	    dec	    hex	filename
  24036	    508	   1892	  26436	   6744	VERICI-DEVRE.elf
Finished building: default.size.stdout
 
14:59:05 **** Incremental Build of configuration Debug for project VERICI-DEVRE ****
make -j4 all 
arm-none-eabi-size   VERICI-DEVRE.elf 
   text	   data	    bss	    dec	    hex	filename
  24036	    508	   1892	  26436	   6744	VERICI-DEVRE.elf
Finished building: default.size.stdout
 
16:14:55 **** Incremental Build of configuration Debug for project VERICI-DEVRE ****
make -j4 all 
arm-none-eabi-size   VERICI-DEVRE.elf 
   text	   data	    bss	    dec	    hex	filename
  24036	    508	   1892	  26436	   6744	VERICI-DEVRE.elf
Finished building: default.size.stdout
 
16:16:13 **** Incremental Build of configuration Debug for project VERICI-DEVRE ****
make -j4 all 
arm-none-eabi-size   VERICI-DEVRE.elf 
   text	   data	    bss	    dec	    hex	filename
  24036	    508	   1892	  26436	   6744	VERICI-DEVRE.elf
Finished building: default.size.stdout
 
16:59:05 **** Incremental Build of configuration Debug for project VERICI-DEVRE ****
make -j4 all 
arm-none-eabi-gcc "../Core/Src/main.c" -mcpu=cortex-m0plus -std=gnu11 -g3 -DDEBUG -DUSE_HAL_DRIVER -DSTM32L010x6 -c -I../Core/Inc -I../Drivers/STM32L0xx_HAL_Driver/Inc -I../Drivers/STM32L0xx_HAL_Driver/Inc/Legacy -I../Drivers/CMSIS/Device/ST/STM32L0xx/Include -I../Drivers/CMSIS/Include -O0 -ffunction-sections -fdata-sections -Wall -fstack-usage -MMD -MP -MF"Core/Src/main.d" -MT"Core/Src/main.o" --specs=nano.specs -mfloat-abi=soft -mthumb -o "Core/Src/main.o"
../Core/Src/main.c: In function 'main':
../Core/Src/main.c:153:23: warning: format '%d' expects argument of type 'int', but argument 3 has type 'long int' [-Wformat=]
  153 |     sprintf(buffer, "%d", temperature/10); //100e bölünmesi demek ,'den sonraki 2 sayının silinmesi demek örneğin sonuç 255 yani 25.5 derece eğer ,'den sorna 2 hanenin gözükmesini istersek 10 diyeceğiz yani sonu. 25.57
      |                      ~^   ~~~~~~~~~~~~~~
      |                       |              |
      |                       int            long int
      |                      %ld
../Core/Src/main.c:154:37: warning: pointer targets in passing argument 2 of 'HAL_UART_Transmit' differ in signedness [-Wpointer-sign]
  154 |        HAL_UART_Transmit(&hlpuart1, "t: ", 3, 1000);
      |                                     ^~~~~
      |                                     |
      |                                     char *
In file included from ../Core/Inc/stm32l0xx_hal_conf.h:280,
                 from ../Drivers/STM32L0xx_HAL_Driver/Inc/stm32l0xx_hal.h:30,
                 from ../Core/Inc/main.h:31,
                 from ../Core/Src/main.c:21:
../Drivers/STM32L0xx_HAL_Driver/Inc/stm32l0xx_hal_uart.h:1488:73: note: expected 'uint8_t *' {aka 'unsigned char *'} but argument is of type 'char *'
 1488 | HAL_StatusTypeDef HAL_UART_Transmit(UART_HandleTypeDef *huart, uint8_t *pData, uint16_t Size, uint32_t Timeout);
      |                                                                ~~~~~~~~~^~~~~
../Core/Src/main.c:164:27: warning: format '%d' expects argument of type 'int', but argument 3 has type 'long int' [-Wformat=]
  164 |        sprintf(buffer2, "%d", humidity/10);
      |                          ~^   ~~~~~~~~~~~
      |                           |           |
      |                           int         long int
      |                          %ld
../Core/Src/main.c:165:37: warning: pointer targets in passing argument 2 of 'HAL_UART_Transmit' differ in signedness [-Wpointer-sign]
  165 |        HAL_UART_Transmit(&hlpuart1, "n: ", 3, 1000);
      |                                     ^~~~~
      |                                     |
      |                                     char *
In file included from ../Core/Inc/stm32l0xx_hal_conf.h:280,
                 from ../Drivers/STM32L0xx_HAL_Driver/Inc/stm32l0xx_hal.h:30,
                 from ../Core/Inc/main.h:31,
                 from ../Core/Src/main.c:21:
../Drivers/STM32L0xx_HAL_Driver/Inc/stm32l0xx_hal_uart.h:1488:73: note: expected 'uint8_t *' {aka 'unsigned char *'} but argument is of type 'char *'
 1488 | HAL_StatusTypeDef HAL_UART_Transmit(UART_HandleTypeDef *huart, uint8_t *pData, uint16_t Size, uint32_t Timeout);
      |                                                                ~~~~~~~~~^~~~~
../Core/Src/main.c:172:37: warning: pointer targets in passing argument 2 of 'HAL_UART_Transmit' differ in signedness [-Wpointer-sign]
  172 |        HAL_UART_Transmit(&hlpuart1, "buffer toplam: ", 15, 1000);
      |                                     ^~~~~~~~~~~~~~~~~
      |                                     |
      |                                     char *
In file included from ../Core/Inc/stm32l0xx_hal_conf.h:280,
                 from ../Drivers/STM32L0xx_HAL_Driver/Inc/stm32l0xx_hal.h:30,
                 from ../Core/Inc/main.h:31,
                 from ../Core/Src/main.c:21:
../Drivers/STM32L0xx_HAL_Driver/Inc/stm32l0xx_hal_uart.h:1488:73: note: expected 'uint8_t *' {aka 'unsigned char *'} but argument is of type 'char *'
 1488 | HAL_StatusTypeDef HAL_UART_Transmit(UART_HandleTypeDef *huart, uint8_t *pData, uint16_t Size, uint32_t Timeout);
      |                                                                ~~~~~~~~~^~~~~
../Core/Src/main.c:177:22: warning: pointer targets in passing argument 1 of 'bSendMessage' differ in signedness [-Wpointer-sign]
  177 |         bSendMessage(buffer,  strlen(buffer));
      |                      ^~~~~~
      |                      |
      |                      char *
In file included from ../Core/Src/main.c:25:
../Core/Inc/RFM300_Driver.h:396:24: note: expected 'byte *' {aka 'unsigned char *'} but argument is of type 'char *'
  396 | byte bSendMessage(byte msg[], byte length);
      |                   ~~~~~^~~~~
../Core/Src/main.c:112:8: warning: unused variable 'tx_buf' [-Wunused-variable]
  112 |   byte tx_buf[32] = {'H', 'o', 'p', 'e', 'R', 'F', ' ', 'R', 'F', 'M', ' ', 'C', 'O', 'B', 'R', 'F', 'M', '3', '0', '0', 'A'};
      |        ^~~~~~
../Core/Src/main.c:171:8: warning: 'strncat' specified bound 10 equals source length [-Wstringop-overflow=]
  171 |        strncat(buffer,"0000000001", 10);
      |        ^~~~~~~~~~~~~~~~~~~~~~~~~~~~~~~~
arm-none-eabi-gcc -o "VERICI-DEVRE.elf" @"objects.list"   -mcpu=cortex-m0plus -T"C:\Users\Enelsis\Desktop\enelsis\kendi github\kendi-kodlarim\Embedded systems\VERICI-DEVRE3\STM32L010C6TX_FLASH.ld" --specs=nosys.specs -Wl,-Map="VERICI-DEVRE.map" -Wl,--gc-sections -static --specs=nano.specs -mfloat-abi=soft -mthumb -Wl,--start-group -lc -lm -Wl,--end-group
Finished building target: VERICI-DEVRE.elf
 
arm-none-eabi-size   VERICI-DEVRE.elf 
arm-none-eabi-objdump -h -S  VERICI-DEVRE.elf  > "VERICI-DEVRE.list"
arm-none-eabi-objcopy  -O binary  VERICI-DEVRE.elf  "VERICI-DEVRE.bin"
   text	   data	    bss	    dec	    hex	filename
  24084	    508	   1892	  26484	   6774	VERICI-DEVRE.elf
Finished building: default.size.stdout
Finished building: VERICI-DEVRE.bin
 
 
Finished building: VERICI-DEVRE.list
 
17:24:19 **** Incremental Build of configuration Debug for project VERICI-DEVRE ****
make -j4 all 
arm-none-eabi-size   VERICI-DEVRE.elf 
   text	   data	    bss	    dec	    hex	filename
  24084	    508	   1892	  26484	   6774	VERICI-DEVRE.elf
Finished building: default.size.stdout
 
17:26:37 **** Incremental Build of configuration Debug for project VERICI-DEVRE ****
make -j4 all 
arm-none-eabi-size   VERICI-DEVRE.elf 
   text	   data	    bss	    dec	    hex	filename
  24084	    508	   1892	  26484	   6774	VERICI-DEVRE.elf
Finished building: default.size.stdout
 
17:30:19 **** Incremental Build of configuration Debug for project VERICI-DEVRE ****
make -j4 all 
arm-none-eabi-size   VERICI-DEVRE.elf 
   text	   data	    bss	    dec	    hex	filename
  24084	    508	   1892	  26484	   6774	VERICI-DEVRE.elf
Finished building: default.size.stdout
 
