10:16:33 **** Incremental Build of configuration Debug for project RF-CMT2119B-Transmitter ****
make -j4 all 
arm-none-eabi-gcc "../Core/Src/HopeDuino_SPI3.c" -mcpu=cortex-m0plus -std=gnu11 -g3 -DDEBUG -DUSE_HAL_DRIVER -DSTM32L010x6 -c -I../Core/Inc -I../Drivers/STM32L0xx_HAL_Driver/Inc -I../Drivers/STM32L0xx_HAL_Driver/Inc/Legacy -I../Drivers/CMSIS/Device/ST/STM32L0xx/Include -I../Drivers/CMSIS/Include -O0 -ffunction-sections -fdata-sections -Wall -fstack-usage -MMD -MP -MF"Core/Src/HopeDuino_SPI3.d" -MT"Core/Src/HopeDuino_SPI3.o" --specs=nano.specs -mfloat-abi=soft -mthumb -o "Core/Src/HopeDuino_SPI3.o"
arm-none-eabi-gcc "../Core/Src/RFM300_Driver.c" -mcpu=cortex-m0plus -std=gnu11 -g3 -DDEBUG -DUSE_HAL_DRIVER -DSTM32L010x6 -c -I../Core/Inc -I../Drivers/STM32L0xx_HAL_Driver/Inc -I../Drivers/STM32L0xx_HAL_Driver/Inc/Legacy -I../Drivers/CMSIS/Device/ST/STM32L0xx/Include -I../Drivers/CMSIS/Include -O0 -ffunction-sections -fdata-sections -Wall -fstack-usage -MMD -MP -MF"Core/Src/RFM300_Driver.d" -MT"Core/Src/RFM300_Driver.o" --specs=nano.specs -mfloat-abi=soft -mthumb -o "Core/Src/RFM300_Driver.o"
arm-none-eabi-gcc "../Core/Src/main.c" -mcpu=cortex-m0plus -std=gnu11 -g3 -DDEBUG -DUSE_HAL_DRIVER -DSTM32L010x6 -c -I../Core/Inc -I../Drivers/STM32L0xx_HAL_Driver/Inc -I../Drivers/STM32L0xx_HAL_Driver/Inc/Legacy -I../Drivers/CMSIS/Device/ST/STM32L0xx/Include -I../Drivers/CMSIS/Include -O0 -ffunction-sections -fdata-sections -Wall -fstack-usage -MMD -MP -MF"Core/Src/main.d" -MT"Core/Src/main.o" --specs=nano.specs -mfloat-abi=soft -mthumb -o "Core/Src/main.o"
../Core/Src/RFM300_Driver.c: In function 'set_node_id':
../Core/Src/RFM300_Driver.c:207:52: warning: suggest parentheses around arithmetic in operand of '|' [-Wparentheses]
  207 |  vSpi3Write((word)(CMT23_NODE_ADDR_3<<8)| (node>>8)&0x00FF);
      |                                           ~~~~~~~~~^~~~~~~
../Core/Src/RFM300_Driver.c: In function 'vSetClockDiv':
../Core/Src/RFM300_Driver.c:324:42: warning: suggest parentheses around arithmetic in operand of '|' [-Wparentheses]
  324 |  vSpi3Write(((word)CMT23_CLK_CTL<<8)+(tmp&0xC0|(enable<<5)|div));
      |                                       ~~~^~~~~
arm-none-eabi-gcc -o "RF-CMT2119B-Transmitter.elf" @"objects.list"   -mcpu=cortex-m0plus -T"C:\Users\Enelsis\Desktop\enelsis\kendi github\kendi-kodlarim\Embedded systems\RF-CMT2119B-Transmitter\STM32L010C6TX_FLASH.ld" --specs=nosys.specs -Wl,-Map="RF-CMT2119B-Transmitter.map" -Wl,--gc-sections -static --specs=nano.specs -mfloat-abi=soft -mthumb -Wl,--start-group -lc -lm -Wl,--end-group
Finished building target: RF-CMT2119B-Transmitter.elf
 
arm-none-eabi-size   RF-CMT2119B-Transmitter.elf 
arm-none-eabi-objdump -h -S  RF-CMT2119B-Transmitter.elf  > "RF-CMT2119B-Transmitter.list"
   text	   data	    bss	    dec	    hex	filename
  13368	    404	   1716	  15488	   3c80	RF-CMT2119B-Transmitter.elf
arm-none-eabi-objcopy  -O binary  RF-CMT2119B-Transmitter.elf  "RF-CMT2119B-Transmitter.bin"
Finished building: default.size.stdout
 
Finished building: RF-CMT2119B-Transmitter.bin
 
Finished building: RF-CMT2119B-Transmitter.list
 
10:35:22 **** Incremental Build of configuration Debug for project RF-CMT2119B-Transmitter ****
make -j4 all 
arm-none-eabi-size   RF-CMT2119B-Transmitter.elf 
   text	   data	    bss	    dec	    hex	filename
  13368	    404	   1716	  15488	   3c80	RF-CMT2119B-Transmitter.elf
Finished building: default.size.stdout
 
10:38:08 **** Incremental Build of configuration Debug for project RF-CMT2119B-Transmitter ****
make -j4 all 
arm-none-eabi-size   RF-CMT2119B-Transmitter.elf 
   text	   data	    bss	    dec	    hex	filename
  13368	    404	   1716	  15488	   3c80	RF-CMT2119B-Transmitter.elf
Finished building: default.size.stdout
 
10:38:58 **** Incremental Build of configuration Debug for project RF-CMT2119B-Transmitter ****
make -j4 all 
arm-none-eabi-size   RF-CMT2119B-Transmitter.elf 
   text	   data	    bss	    dec	    hex	filename
  13368	    404	   1716	  15488	   3c80	RF-CMT2119B-Transmitter.elf
Finished building: default.size.stdout
 
10:38:59 **** Incremental Build of configuration Debug for project RF-CMT2119B-Transmitter ****
make -j4 all 
arm-none-eabi-size   RF-CMT2119B-Transmitter.elf 
   text	   data	    bss	    dec	    hex	filename
  13368	    404	   1716	  15488	   3c80	RF-CMT2119B-Transmitter.elf
Finished building: default.size.stdout
 
10:58:52 **** Incremental Build of configuration Debug for project RF-CMT2119B-Transmitter ****
make -j4 all 
arm-none-eabi-size   RF-CMT2119B-Transmitter.elf 
   text	   data	    bss	    dec	    hex	filename
  13368	    404	   1716	  15488	   3c80	RF-CMT2119B-Transmitter.elf
Finished building: default.size.stdout
 
10:59:52 **** Incremental Build of configuration Debug for project RF-CMT2119B-Transmitter ****
make -j4 all 
arm-none-eabi-size   RF-CMT2119B-Transmitter.elf 
   text	   data	    bss	    dec	    hex	filename
  13368	    404	   1716	  15488	   3c80	RF-CMT2119B-Transmitter.elf
Finished building: default.size.stdout
 
13:03:06 **** Incremental Build of configuration Debug for project RF-CMT2119B-Transmitter ****
make -j4 all 
arm-none-eabi-size   RF-CMT2119B-Transmitter.elf 
   text	   data	    bss	    dec	    hex	filename
  13368	    404	   1716	  15488	   3c80	RF-CMT2119B-Transmitter.elf
Finished building: default.size.stdout
 
