11:10:54 **** Incremental Build of configuration Debug for project PARSE ****
make -j4 all 
arm-none-eabi-gcc "../Core/Src/main.c" -mcpu=cortex-m0plus -std=gnu11 -g3 -DDEBUG -DUSE_HAL_DRIVER -DSTM32L010x6 -c -I../Core/Inc -I../Drivers/STM32L0xx_HAL_Driver/Inc -I../Drivers/STM32L0xx_HAL_Driver/Inc/Legacy -I../Drivers/CMSIS/Device/ST/STM32L0xx/Include -I../Drivers/CMSIS/Include -O0 -ffunction-sections -fdata-sections -Wall -fstack-usage -MMD -MP -MF"Core/Src/main.d" -MT"Core/Src/main.o" --specs=nano.specs -mfloat-abi=soft -mthumb -o "Core/Src/main.o"
../Core/Src/main.c: In function 'HAL_UART_RxCpltCallback':
../Core/Src/main.c:66:36: warning: pointer targets in passing argument 2 of 'HAL_UART_Transmit_IT' differ in signedness [-Wpointer-sign]
   66 |    HAL_UART_Transmit_IT(&hlpuart1, "\r\n", 2);
      |                                    ^~~~~~
      |                                    |
      |                                    char *
In file included from ../Core/Inc/stm32l0xx_hal_conf.h:280,
                 from ../Drivers/STM32L0xx_HAL_Driver/Inc/stm32l0xx_hal.h:30,
                 from ../Core/Inc/main.h:31,
                 from ../Core/Src/main.c:20:
../Drivers/STM32L0xx_HAL_Driver/Inc/stm32l0xx_hal_uart.h:1490:76: note: expected 'uint8_t *' {aka 'unsigned char *'} but argument is of type 'char *'
 1490 | HAL_StatusTypeDef HAL_UART_Transmit_IT(UART_HandleTypeDef *huart, uint8_t *pData, uint16_t Size);
      |                                                                   ~~~~~~~~~^~~~~
../Core/Src/main.c: In function 'main':
../Core/Src/main.c:114:14: warning: implicit declaration of function 'atoi' [-Wimplicit-function-declaration]
  114 |      int x = atoi(Rxdata);
      |              ^~~~
../Core/Src/main.c:117:35: warning: pointer targets in passing argument 2 of 'HAL_UART_Transmit_IT' differ in signedness [-Wpointer-sign]
  117 |   HAL_UART_Transmit_IT(&hlpuart1, "test", 5);
      |                                   ^~~~~~
      |                                   |
      |                                   char *
In file included from ../Core/Inc/stm32l0xx_hal_conf.h:280,
                 from ../Drivers/STM32L0xx_HAL_Driver/Inc/stm32l0xx_hal.h:30,
                 from ../Core/Inc/main.h:31,
                 from ../Core/Src/main.c:20:
../Drivers/STM32L0xx_HAL_Driver/Inc/stm32l0xx_hal_uart.h:1490:76: note: expected 'uint8_t *' {aka 'unsigned char *'} but argument is of type 'char *'
 1490 | HAL_StatusTypeDef HAL_UART_Transmit_IT(UART_HandleTypeDef *huart, uint8_t *pData, uint16_t Size);
      |                                                                   ~~~~~~~~~^~~~~
arm-none-eabi-gcc -o "PARSE.elf" @"objects.list"   -mcpu=cortex-m0plus -T"C:\Users\Enelsis\Desktop\enelsis\kendi github\kendi-kodlarim\Embedded systems\PARSE\STM32L010C6TX_FLASH.ld" --specs=nosys.specs -Wl,-Map="PARSE.map" -Wl,--gc-sections -static --specs=nano.specs -mfloat-abi=soft -mthumb -Wl,--start-group -lc -lm -Wl,--end-group
Finished building target: PARSE.elf
 
arm-none-eabi-size   PARSE.elf 
arm-none-eabi-objdump -h -S  PARSE.elf  > "PARSE.list"
arm-none-eabi-objcopy  -O binary  PARSE.elf  "PARSE.bin"
   text	   data	    bss	    dec	    hex	filename
  14312	    120	   1720	  16152	   3f18	PARSE.elf
Finished building: default.size.stdout
 
Finished building: PARSE.bin
 
Finished building: PARSE.list
 

11:10:56 Build Finished. 0 errors, 3 warnings. (took 1s.922ms)

