11:01:21 **** Incremental Build of configuration Debug for project RF-CMT2119B-Transmitter ****
make -j4 all 
arm-none-eabi-gcc "../Core/Src/main.c" -mcpu=cortex-m0plus -std=gnu11 -g3 -DDEBUG -DUSE_HAL_DRIVER -DSTM32L010x6 -c -I../Core/Inc -I../Drivers/STM32L0xx_HAL_Driver/Inc -I../Drivers/STM32L0xx_HAL_Driver/Inc/Legacy -I../Drivers/CMSIS/Device/ST/STM32L0xx/Include -I../Drivers/CMSIS/Include -O0 -ffunction-sections -fdata-sections -Wall -fstack-usage -MMD -MP -MF"Core/Src/main.d" -MT"Core/Src/main.o" --specs=nano.specs -mfloat-abi=soft -mthumb -o "Core/Src/main.o"
arm-none-eabi-gcc -o "RF-CMT2119B-Transmitter.elf" @"objects.list"   -mcpu=cortex-m0plus -T"C:\Users\Enelsis\Desktop\enelsis\kendi github\kendi-kodlarim\Embedded systems\RF-CMT2119B-Transmitter\STM32L010C6TX_FLASH.ld" --specs=nosys.specs -Wl,-Map="RF-CMT2119B-Transmitter.map" -Wl,--gc-sections -static --specs=nano.specs -mfloat-abi=soft -mthumb -Wl,--start-group -lc -lm -Wl,--end-group
Finished building target: RF-CMT2119B-Transmitter.elf
 
arm-none-eabi-size   RF-CMT2119B-Transmitter.elf 
arm-none-eabi-objdump -h -S  RF-CMT2119B-Transmitter.elf  > "RF-CMT2119B-Transmitter.list"
arm-none-eabi-objcopy  -O binary  RF-CMT2119B-Transmitter.elf  "RF-CMT2119B-Transmitter.bin"
   text	   data	    bss	    dec	    hex	filename
  13524	    404	   1716	  15644	   3d1c	RF-CMT2119B-Transmitter.elf
Finished building: default.size.stdout
 
Finished building: RF-CMT2119B-Transmitter.bin
 
Finished building: RF-CMT2119B-Transmitter.list
 

11:01:22 Build Finished. 0 errors, 0 warnings. (took 1s.72ms)

