09:28:25 **** Incremental Build of configuration Debug for project SleepMode ****
make -j4 all 
arm-none-eabi-gcc "../Core/Src/main.c" -mcpu=cortex-m0plus -std=gnu11 -g3 -DDEBUG -DUSE_HAL_DRIVER -DSTM32L010x6 -c -I../Core/Inc -I../Drivers/STM32L0xx_HAL_Driver/Inc -I../Drivers/STM32L0xx_HAL_Driver/Inc/Legacy -I../Drivers/CMSIS/Device/ST/STM32L0xx/Include -I../Drivers/CMSIS/Include -O0 -ffunction-sections -fdata-sections -Wall -fstack-usage -MMD -MP -MF"Core/Src/main.d" -MT"Core/Src/main.o" --specs=nano.specs -mfloat-abi=soft -mthumb -o "Core/Src/main.o"
arm-none-eabi-gcc -o "SleepMode.elf" @"objects.list"   -mcpu=cortex-m0plus -T"C:\Users\Enelsis\Desktop\enelsis\kendi github\kendi-kodlarim\Embedded systems\SleepMode\STM32L010C6TX_FLASH.ld" --specs=nosys.specs -Wl,-Map="SleepMode.map" -Wl,--gc-sections -static --specs=nano.specs -mfloat-abi=soft -mthumb -Wl,--start-group -lc -lm -Wl,--end-group
Finished building target: SleepMode.elf
 
arm-none-eabi-size   SleepMode.elf 
arm-none-eabi-objdump -h -S  SleepMode.elf  > "SleepMode.list"
arm-none-eabi-objcopy  -O binary  SleepMode.elf  "SleepMode.bin"
   text	   data	    bss	    dec	    hex	filename
  16524	    120	   2088	  18732	   492c	SleepMode.elf
Finished building: default.size.stdout
 
Finished building: SleepMode.bin
 
Finished building: SleepMode.list
 

09:28:28 Build Finished. 0 errors, 0 warnings. (took 2s.453ms)

