14:28:18 **** Incremental Build of configuration Debug for project VERICI-DEVRE ****
make -j4 all 
arm-none-eabi-gcc "../Core/Src/main.c" -mcpu=cortex-m0plus -std=gnu11 -g3 -DDEBUG -DUSE_HAL_DRIVER -DSTM32L010x6 -c -I../Core/Inc -I../Drivers/STM32L0xx_HAL_Driver/Inc -I../Drivers/STM32L0xx_HAL_Driver/Inc/Legacy -I../Drivers/CMSIS/Device/ST/STM32L0xx/Include -I../Drivers/CMSIS/Include -O0 -ffunction-sections -fdata-sections -Wall -fstack-usage -MMD -MP -MF"Core/Src/main.d" -MT"Core/Src/main.o" --specs=nano.specs -mfloat-abi=soft -mthumb -o "Core/Src/main.o"
../Core/Src/main.c: In function 'main':
../Core/Src/main.c:203:24: warning: format '%d' expects argument of type 'int', but argument 3 has type 'int32_t' {aka 'long int'} [-Wformat=]
  203 |      sprintf(buffer, "%d", temperature);
      |                       ~^   ~~~~~~~~~~~
      |                        |   |
      |                        int int32_t {aka long int}
      |                       %ld
../Core/Src/main.c:207:22: warning: too many arguments for format [-Wformat-extra-args]
  207 |      sprintf(buffer, "0", 1);
      |                      ^~~
../Core/Src/main.c:211:25: warning: format '%d' expects argument of type 'int', but argument 3 has type 'int32_t' {aka 'long int'} [-Wformat=]
  211 |      sprintf(buffer4, "%d", temperature);
      |                        ~^   ~~~~~~~~~~~
      |                         |   |
      |                         int int32_t {aka long int}
      |                        %ld
../Core/Src/main.c:220:22: warning: too many arguments for format [-Wformat-extra-args]
  220 |      sprintf(buffer, "00", 2);
      |                      ^~~~
../Core/Src/main.c:222:25: warning: format '%d' expects argument of type 'int', but argument 3 has type 'int32_t' {aka 'long int'} [-Wformat=]
  222 |      sprintf(buffer4, "%d", temperature);
      |                        ~^   ~~~~~~~~~~~
      |                         |   |
      |                         int int32_t {aka long int}
      |                        %ld
../Core/Src/main.c:232:22: warning: too many arguments for format [-Wformat-extra-args]
  232 |      sprintf(buffer, "000", 3);
      |                      ^~~~~
../Core/Src/main.c:235:25: warning: format '%d' expects argument of type 'int', but argument 3 has type 'int32_t' {aka 'long int'} [-Wformat=]
  235 |      sprintf(buffer4, "%d", temperature);
      |                        ~^   ~~~~~~~~~~~
      |                         |   |
      |                         int int32_t {aka long int}
      |                        %ld
../Core/Src/main.c:244:22: warning: too many arguments for format [-Wformat-extra-args]
  244 |      sprintf(buffer, "0000", 4);
      |                      ^~~~~~
../Core/Src/main.c:247:22: warning: too many arguments for format [-Wformat-extra-args]
  247 |      sprintf(buffer, "000", 3);
      |                      ^~~~~
../Core/Src/main.c:249:25: warning: format '%d' expects argument of type 'int', but argument 3 has type 'int32_t' {aka 'long int'} [-Wformat=]
  249 |      sprintf(buffer4, "%d", temperature);
      |                        ~^   ~~~~~~~~~~~
      |                         |   |
      |                         int int32_t {aka long int}
      |                        %ld
../Core/Src/main.c:255:22: warning: too many arguments for format [-Wformat-extra-args]
  255 |      sprintf(buffer, "00", 2);
      |                      ^~~~
../Core/Src/main.c:258:25: warning: format '%d' expects argument of type 'int', but argument 3 has type 'int32_t' {aka 'long int'} [-Wformat=]
  258 |      sprintf(buffer4, "%d", temperature);
      |                        ~^   ~~~~~~~~~~~
      |                         |   |
      |                         int int32_t {aka long int}
      |                        %ld
../Core/Src/main.c:264:22: warning: too many arguments for format [-Wformat-extra-args]
  264 |      sprintf(buffer, "0", 1);
      |                      ^~~
../Core/Src/main.c:267:25: warning: format '%d' expects argument of type 'int', but argument 3 has type 'int32_t' {aka 'long int'} [-Wformat=]
  267 |      sprintf(buffer4, "%d", temperature);
      |                        ~^   ~~~~~~~~~~~
      |                         |   |
      |                         int int32_t {aka long int}
      |                        %ld
../Core/Src/main.c:273:24: warning: format '%d' expects argument of type 'int', but argument 3 has type 'int32_t' {aka 'long int'} [-Wformat=]
  273 |      sprintf(buffer, "%d", temperature); //Temperature/100 demedik çünkü ilk 4 bitini de alıcıya göndermek istiyoruz.100e bölünmesi demek ,'den sonraki 2 sayının silinmesi demek örneğin sonuç 255 yani 25.5 derece eğer ,'den sorna 2 hanenin gözükmesini istersek 10 diyeceğiz yani sonu. 25.57
      |                       ~^   ~~~~~~~~~~~
      |                        |   |
      |                        int int32_t {aka long int}
      |                       %ld
../Core/Src/main.c:280:24: warning: format '%d' expects argument of type 'int', but argument 3 has type 'int32_t' {aka 'long int'} [-Wformat=]
  280 |     sprintf(buffer2, "%d", humidity);
      |                       ~^   ~~~~~~~~
      |                        |   |
      |                        int int32_t {aka long int}
      |                       %ld
../Core/Src/main.c:361:18: warning: pointer targets in passing argument 1 of 'bSendMessage' differ in signedness [-Wpointer-sign]
  361 |     bSendMessage(buffer, strlen(buffer));
      |                  ^~~~~~
      |                  |
      |                  char *
In file included from ../Core/Src/main.c:25:
../Core/Inc/RFM300_Driver.h:396:24: note: expected 'byte *' {aka 'unsigned char *'} but argument is of type 'char *'
  396 | byte bSendMessage(byte msg[], byte length);
      |                   ~~~~~^~~~~
../Core/Src/main.c:410:2: warning: implicit declaration of function 'GPIO_ALL_DisEnable' [-Wimplicit-function-declaration]
  410 |  GPIO_ALL_DisEnable(); //Güç harcamaması için bütün çevre birimlerini kapatıyoruz
      |  ^~~~~~~~~~~~~~~~~~
../Core/Src/main.c: At top level:
../Core/Src/main.c:682:6: warning: conflicting types for 'GPIO_ALL_DisEnable'
  682 | void GPIO_ALL_DisEnable(void) {
      |      ^~~~~~~~~~~~~~~~~~
../Core/Src/main.c:410:2: note: previous implicit declaration of 'GPIO_ALL_DisEnable' was here
  410 |  GPIO_ALL_DisEnable(); //Güç harcamaması için bütün çevre birimlerini kapatıyoruz
      |  ^~~~~~~~~~~~~~~~~~
../Core/Src/main.c: In function 'main':
../Core/Src/main.c:329:6: warning: 'strncat' specified bound 1 equals source length [-Wstringop-overflow=]
  329 |      strncat(buffer, "-", 1); //+ - durumu
      |      ^~~~~~~~~~~~~~~~~~~~~~~
../Core/Src/main.c:333:6: warning: 'strncat' specified bound 1 equals source length [-Wstringop-overflow=]
  333 |      strncat(buffer, "+", 1);
      |      ^~~~~~~~~~~~~~~~~~~~~~~
../Core/Src/main.c:340:5: warning: 'strncat' specified bound 12 equals source length [-Wstringop-overflow=]
  340 |     strncat(buffer, "A0000000006B", 12); //seri numarası 10 haneli A ve B arasında
      |     ^~~~~~~~~~~~~~~~~~~~~~~~~~~~~~~~~~~
arm-none-eabi-gcc -o "VERICI-DEVRE.elf" @"objects.list"   -mcpu=cortex-m0plus -T"C:\Users\Enelsis\Desktop\enelsis\kendi github\kendi-kodlarim\Embedded systems\VERICI-DEVRE3\STM32L010C6TX_FLASH.ld" --specs=nosys.specs -Wl,-Map="VERICI-DEVRE.map" -Wl,--gc-sections -static --specs=nano.specs -mfloat-abi=soft -mthumb -Wl,--start-group -lc -lm -Wl,--end-group
Finished building target: VERICI-DEVRE.elf
 
arm-none-eabi-size   VERICI-DEVRE.elf 
arm-none-eabi-objdump -h -S  VERICI-DEVRE.elf  > "VERICI-DEVRE.list"
arm-none-eabi-objcopy  -O binary  VERICI-DEVRE.elf  "VERICI-DEVRE.bin"
   text	   data	    bss	    dec	    hex	filename
  30176	    508	   2276	  32960	   80c0	VERICI-DEVRE.elf
Finished building: default.size.stdout
 
Finished building: VERICI-DEVRE.bin
 
Finished building: VERICI-DEVRE.list
 

14:28:20 Build Finished. 0 errors, 22 warnings. (took 1s.669ms)

