13:49:25 **** Incremental Build of configuration Debug for project VERICI-DEVRE3 ****
make -j4 all 
arm-none-eabi-gcc "../Core/Src/main.c" -mcpu=cortex-m0plus -std=gnu11 -g3 -DDEBUG -DUSE_HAL_DRIVER -DSTM32L010x6 -c -I../Core/Inc -I../Drivers/STM32L0xx_HAL_Driver/Inc -I../Drivers/STM32L0xx_HAL_Driver/Inc/Legacy -I../Drivers/CMSIS/Device/ST/STM32L0xx/Include -I../Drivers/CMSIS/Include -O0 -ffunction-sections -fdata-sections -Wall -fstack-usage -MMD -MP -MF"Core/Src/main.d" -MT"Core/Src/main.o" --specs=nano.specs -mfloat-abi=soft -mthumb -o "Core/Src/main.o"
../Core/Src/main.c: In function 'main':
../Core/Src/main.c:131:9: warning: unused variable 'tmp' [-Wunused-variable]
  131 |    byte tmp;
      |         ^~~
../Core/Src/main.c:130:20: warning: unused variable 'rx_cnt' [-Wunused-variable]
  130 |    static uint16_t rx_cnt = 0;
      |                    ^~~~~~
../Core/Src/main.c:129:20: warning: unused variable 'tx_cnt' [-Wunused-variable]
  129 |    static uint16_t tx_cnt = 0;
      |                    ^~~~~~
../Core/Src/main.c:96:8: warning: variable 'mode' set but not used [-Wunused-but-set-variable]
   96 |   byte mode = 1;
      |        ^~~~
At top level:
../Core/Src/main.c:129:20: warning: 'tx_cnt' defined but not used [-Wunused-variable]
  129 |    static uint16_t tx_cnt = 0;
      |                    ^~~~~~
../Core/Src/main.c:130:20: warning: 'rx_cnt' defined but not used [-Wunused-variable]
  130 |    static uint16_t rx_cnt = 0;
      |                    ^~~~~~
arm-none-eabi-gcc -o "VERICI-DEVRE3.elf" @"objects.list"   -mcpu=cortex-m0plus -T"C:\Users\Enelsis\Desktop\enelsis\kendi github\kendi-kodlarim\Embedded systems\VERICI-DEVRE3\STM32L010C6TX_FLASH.ld" --specs=nosys.specs -Wl,-Map="VERICI-DEVRE3.map" -Wl,--gc-sections -static --specs=nano.specs -mfloat-abi=soft -mthumb -Wl,--start-group -lc -lm -Wl,--end-group
Finished building target: VERICI-DEVRE3.elf
 
arm-none-eabi-size   VERICI-DEVRE3.elf 
arm-none-eabi-objdump -h -S  VERICI-DEVRE3.elf  > "VERICI-DEVRE3.list"
arm-none-eabi-objcopy  -O binary  VERICI-DEVRE3.elf  "VERICI-DEVRE3.bin"
   text	   data	    bss	    dec	    hex	filename
  13488	    404	   1716	  15608	   3cf8	VERICI-DEVRE3.elf
Finished building: default.size.stdout
 
Finished building: VERICI-DEVRE3.bin
 
Finished building: VERICI-DEVRE3.list
 

13:49:26 Build Finished. 0 errors, 6 warnings. (took 1s.73ms)

